Archive member included to satisfy reference by file (symbol)

/Applications/ArmGNUToolchain/15.2.rel1/arm-none-eabi/bin/../lib/gcc/arm-none-eabi/15.2.1/thumb/v6-m/nofp/libgcc.a(_dvmd_tls.o)
                              CMakeFiles/firmware.dir/Users/johnthereaver/Programming/pico-sdk/src/rp2_common/pico_divider/divider_hardware.S.o (__aeabi_idiv0)
/Applications/ArmGNUToolchain/15.2.rel1/arm-none-eabi/bin/../lib/gcc/arm-none-eabi/15.2.1/../../../../arm-none-eabi/lib/thumb/v6-m/nofp/libg.a(libc_a-calloc.o)
                              CMakeFiles/firmware.dir/Users/johnthereaver/Programming/pico-sdk/src/rp2_common/pico_malloc/malloc.c.o (calloc)
/Applications/ArmGNUToolchain/15.2.rel1/arm-none-eabi/bin/../lib/gcc/arm-none-eabi/15.2.1/../../../../arm-none-eabi/lib/thumb/v6-m/nofp/libg.a(libc_a-callocr.o)
                              /Applications/ArmGNUToolchain/15.2.rel1/arm-none-eabi/bin/../lib/gcc/arm-none-eabi/15.2.1/../../../../arm-none-eabi/lib/thumb/v6-m/nofp/libg.a(libc_a-calloc.o) (_calloc_r)
/Applications/ArmGNUToolchain/15.2.rel1/arm-none-eabi/bin/../lib/gcc/arm-none-eabi/15.2.1/../../../../arm-none-eabi/lib/thumb/v6-m/nofp/libg.a(libc_a-malloc.o)
                              CMakeFiles/firmware.dir/Users/johnthereaver/Programming/pico-sdk/src/rp2_common/pico_malloc/malloc.c.o (malloc)
/Applications/ArmGNUToolchain/15.2.rel1/arm-none-eabi/bin/../lib/gcc/arm-none-eabi/15.2.1/../../../../arm-none-eabi/lib/thumb/v6-m/nofp/libg.a(libc_a-mallocr.o)
                              /Applications/ArmGNUToolchain/15.2.rel1/arm-none-eabi/bin/../lib/gcc/arm-none-eabi/15.2.1/../../../../arm-none-eabi/lib/thumb/v6-m/nofp/libg.a(libc_a-callocr.o) (_malloc_r)
/Applications/ArmGNUToolchain/15.2.rel1/arm-none-eabi/bin/../lib/gcc/arm-none-eabi/15.2.1/../../../../arm-none-eabi/lib/thumb/v6-m/nofp/libg.a(libc_a-vfprintf.o)
                              CMakeFiles/firmware.dir/external/umac/src/main.c.o (vfprintf)
/Applications/ArmGNUToolchain/15.2.rel1/arm-none-eabi/bin/../lib/gcc/arm-none-eabi/15.2.1/../../../../arm-none-eabi/lib/thumb/v6-m/nofp/libg.a(libc_a-mlock.o)
                              /Applications/ArmGNUToolchain/15.2.rel1/arm-none-eabi/bin/../lib/gcc/arm-none-eabi/15.2.1/../../../../arm-none-eabi/lib/thumb/v6-m/nofp/libg.a(libc_a-mallocr.o) (__malloc_lock)
/Applications/ArmGNUToolchain/15.2.rel1/arm-none-eabi/bin/../lib/gcc/arm-none-eabi/15.2.1/../../../../arm-none-eabi/lib/thumb/v6-m/nofp/libg.a(libc_a-fwrite.o)
                              CMakeFiles/firmware.dir/external/umac/src/disc.c.o (fwrite)
/Applications/ArmGNUToolchain/15.2.rel1/arm-none-eabi/bin/../lib/gcc/arm-none-eabi/15.2.1/../../../../arm-none-eabi/lib/thumb/v6-m/nofp/libg.a(libc_a-realloc.o)
                              CMakeFiles/firmware.dir/Users/johnthereaver/Programming/pico-sdk/src/rp2_common/pico_malloc/malloc.c.o (realloc)
/Applications/ArmGNUToolchain/15.2.rel1/arm-none-eabi/bin/../lib/gcc/arm-none-eabi/15.2.1/../../../../arm-none-eabi/lib/thumb/v6-m/nofp/libg.a(libc_a-reallocr.o)
                              /Applications/ArmGNUToolchain/15.2.rel1/arm-none-eabi/bin/../lib/gcc/arm-none-eabi/15.2.1/../../../../arm-none-eabi/lib/thumb/v6-m/nofp/libg.a(libc_a-realloc.o) (_realloc_r)
/Applications/ArmGNUToolchain/15.2.rel1/arm-none-eabi/bin/../lib/gcc/arm-none-eabi/15.2.1/../../../../arm-none-eabi/lib/thumb/v6-m/nofp/libg.a(libc_a-sprint_r.o)
                              /Applications/ArmGNUToolchain/15.2.rel1/arm-none-eabi/bin/../lib/gcc/arm-none-eabi/15.2.1/../../../../arm-none-eabi/lib/thumb/v6-m/nofp/libg.a(libc_a-vfprintf.o) (__sprint_r)
/Applications/ArmGNUToolchain/15.2.rel1/arm-none-eabi/bin/../lib/gcc/arm-none-eabi/15.2.1/../../../../arm-none-eabi/lib/thumb/v6-m/nofp/libg.a(libc_a-fflush.o)
                              /Applications/ArmGNUToolchain/15.2.rel1/arm-none-eabi/bin/../lib/gcc/arm-none-eabi/15.2.1/../../../../arm-none-eabi/lib/thumb/v6-m/nofp/libg.a(libc_a-vfprintf.o) (_fflush_r)
/Applications/ArmGNUToolchain/15.2.rel1/arm-none-eabi/bin/../lib/gcc/arm-none-eabi/15.2.1/../../../../arm-none-eabi/lib/thumb/v6-m/nofp/libg.a(libc_a-sscanf.o)
                              CMakeFiles/firmware.dir/external/umac/external/Musashi/m68kcpu.c.o (sscanf)
/Applications/ArmGNUToolchain/15.2.rel1/arm-none-eabi/bin/../lib/gcc/arm-none-eabi/15.2.1/../../../../arm-none-eabi/lib/thumb/v6-m/nofp/libg.a(libc_a-stdio.o)
                              /Applications/ArmGNUToolchain/15.2.rel1/arm-none-eabi/bin/../lib/gcc/arm-none-eabi/15.2.1/../../../../arm-none-eabi/lib/thumb/v6-m/nofp/libg.a(libc_a-sscanf.o) (__seofread)
/Applications/ArmGNUToolchain/15.2.rel1/arm-none-eabi/bin/../lib/gcc/arm-none-eabi/15.2.1/../../../../arm-none-eabi/lib/thumb/v6-m/nofp/libg.a(libc_a-findfp.o)
                              /Applications/ArmGNUToolchain/15.2.rel1/arm-none-eabi/bin/../lib/gcc/arm-none-eabi/15.2.1/../../../../arm-none-eabi/lib/thumb/v6-m/nofp/libg.a(libc_a-fflush.o) (__sglue)
[...]
Memory Configuration

Name             Origin             Length             Attributes
FLASH            0x10000000         0x00200000         xr
RAM              0x20000000         0x00040000         xrw
SCRATCH_X        0x20040000         0x00001000         xrw
SCRATCH_Y        0x20041000         0x00001000         xrw
*default*        0x00000000         0xffffffff

Linker script and memory map

LOAD /Applications/ArmGNUToolchain/15.2.rel1/arm-none-eabi/bin/../lib/gcc/arm-none-eabi/15.2.1/thumb/v6-m/nofp/crti.o
LOAD /Applications/ArmGNUToolchain/15.2.rel1/arm-none-eabi/bin/../lib/gcc/arm-none-eabi/15.2.1/thumb/v6-m/nofp/crtbegin.o
LOAD /Applications/ArmGNUToolchain/15.2.rel1/arm-none-eabi/bin/../lib/gcc/arm-none-eabi/15.2.1/../../../../arm-none-eabi/lib/thumb/v6-m/nofp/crt0.o

.flash_begin    0x10000000        0x0
                0x10000000                        __flash_binary_start = .

.boot2          0x10000000      0x100
                0x10000000                        __boot2_start__ = .
 *(.boot2)
 .boot2         0x10000000      0x100 pico-sdk/src/rp2040/boot_stage2/CMakeFiles/bs2_default_library.dir/bs2_default_padded_checksummed.S.o
                0x10000100                        __boot2_end__ = .
                0x00000001                        ASSERT (((__boot2_end__ - __boot2_start__) == 0x100), ERROR: Pico second stage bootloader must be 256 bytes in size)

.text           0x10000100    0x3d1fc
                0x10000100                        __logical_binary_start = .
 *(.vectors)
 .vectors       0x10000100       0xd4 CMakeFiles/firmware.dir/Users/johnthereaver/Programming/pico-sdk/src/rp2_common/pico_crt0/crt0.S.o
                0x10000100                __VECTOR_TABLE
                0x10000100                __vectors
                0x100001c0                __default_isrs_start
                0x100001c0                isr_invalid
                0x100001c2                isr_nmi
                0x100001c4                isr_hardfault
                0x100001c6                isr_svcall
                0x100001c8                isr_pendsv
                0x100001ca                isr_systick
                0x100001cc                isr_irq28
                0x100001cc                isr_irq19
                0x100001cc                isr_irq0
                0x100001cc                isr_irq6
                0x100001cc                isr_irq22
                0x100001cc                isr_irq17
                0x100001cc                isr_irq14
                0x100001cc                isr_irq2
                0x100001cc                isr_irq10
                0x100001cc                isr_irq8
                0x100001cc                isr_irq24
                0x100001cc                isr_irq1
                0x100001cc                isr_irq7
                0x100001cc                isr_irq21
                0x100001cc                isr_irq20
                0x100001cc                isr_irq15
                0x100001cc                isr_irq25
                0x100001cc                isr_irq4
                0x100001cc                isr_irq16
                0x100001cc                isr_irq29
                0x100001cc                isr_irq26
                0x100001cc                __default_isrs_end
                0x100001cc                isr_irq3
                0x100001cc                isr_irq9
                0x100001cc                __unhandled_user_irq
                0x100001cc                isr_irq13
                0x100001cc                isr_irq27
                0x100001cc                isr_irq31
                0x100001cc                isr_irq5
                0x100001cc                isr_irq11
                0x100001cc                isr_irq23
                0x100001cc                isr_irq18
                0x100001cc                isr_irq30
                0x100001cc                isr_irq12
                0x100001d2                unhandled_user_irq_num_in_r0
 *(.binary_info_header)
 .binary_info_header
                0x100001d4       0x14 CMakeFiles/firmware.dir/Users/johnthereaver/Programming/pico-sdk/src/rp2_common/pico_crt0/crt0.S.o
                0x100001e8                        __binary_info_header_end = .
 *(.embedded_block)
                0x100001e8                        __embedded_block_end = .
 *(.reset)
 .reset         0x100001e8       0x9c CMakeFiles/firmware.dir/Users/johnthereaver/Programming/pico-sdk/src/rp2_common/pico_crt0/crt0.S.o
                0x100001e8                _entry_point
 *(.init)
 .init          0x10000284        0x4 /Applications/ArmGNUToolchain/15.2.rel1/arm-none-eabi/bin/../lib/gcc/arm-none-eabi/15.2.1/thumb/v6-m/nofp/crti.o
                0x10000284                _init
 *(EXCLUDE_FILE(*libm.a: *libc.a:*lib_a-mem*.o *libgcc.a:) .text*)
 .text.register_tm_clones
                0x10000288       0x28 /Applications/ArmGNUToolchain/15.2.rel1/arm-none-eabi/bin/../lib/gcc/arm-none-eabi/15.2.1/thumb/v6-m/nofp/crtbegin.o
 .text.frame_dummy
                0x100002b0       0x24 /Applications/ArmGNUToolchain/15.2.rel1/arm-none-eabi/bin/../lib/gcc/arm-none-eabi/15.2.1/thumb/v6-m/nofp/crtbegin.o
 .text.core1_main
                0x100002d4      0x1f4 CMakeFiles/firmware.dir/src/main.c.o
 .text.startup.main
                0x100004c8       0xe0 CMakeFiles/firmware.dir/src/main.c.o
                0x100004c8                main
 .text.video_init
                0x100005a8      0x2cc CMakeFiles/firmware.dir/src/video.c.o
                0x100005a8                video_init
 .text.kbd_queue_empty
                0x10000874       0x1c CMakeFiles/firmware.dir/src/kbd.c.o
                0x10000874                kbd_queue_empty
 .text.kbd_queue_pop
                0x10000890       0x2c CMakeFiles/firmware.dir/src/kbd.c.o
                0x10000890                kbd_queue_pop
 .text.kbd_queue_push
                0x100008bc       0x54 CMakeFiles/firmware.dir/src/kbd.c.o
                0x100008bc                kbd_queue_push
 .text.process_kbd_report
                0x10000910      0x138 CMakeFiles/firmware.dir/src/hid.c.o
 .text.hid_app_task
                0x10000a48        0x4 CMakeFiles/firmware.dir/src/hid.c.o
                0x10000a48                hid_app_task
 .text.tuh_hid_mount_cb
                0x10000a4c       0xa0 CMakeFiles/firmware.dir/src/hid.c.o
                0x10000a4c                tuh_hid_mount_cb
 .text.tuh_hid_umount_cb
                0x10000aec       0x14 CMakeFiles/firmware.dir/src/hid.c.o
                0x10000aec                tuh_hid_umount_cb
 .text.tuh_hid_report_received_cb
                0x10000b00      0x12c CMakeFiles/firmware.dir/src/hid.c.o
                0x10000b00                tuh_hid_report_received_cb
 .text.sound_buf_changed
                0x10000c2c       0x28 CMakeFiles/firmware.dir/src/sound.c.o
                0x10000c2c                sound_buf_changed
 .text.sound_init
                0x10000c54       0x78 CMakeFiles/firmware.dir/src/sound.c.o
                0x10000c54                sound_init
 .text.is_drive_number_free
                0x10000ccc       0x58 CMakeFiles/firmware.dir/external/umac/src/disc.c.o
 .text.disc_init
                0x10000d24       0x28 CMakeFiles/firmware.dir/external/umac/src/disc.c.o
                0x10000d24                disc_init
 .text.disc_pv_hook
                0x10000d4c      0x728 CMakeFiles/firmware.dir/external/umac/src/disc.c.o
                0x10000d4c                disc_pv_hook
 .text.via_rb_changed
                0x10001474       0x1c CMakeFiles/firmware.dir/external/umac/src/main.c.o
 .text.via_ra_in
                0x10001490        0x4 CMakeFiles/firmware.dir/external/umac/src/main.c.o
 .text.via_rb_in
                0x10001494       0x1c CMakeFiles/firmware.dir/external/umac/src/main.c.o
 .text.via_sr_tx
                0x100014b0       0x1c CMakeFiles/firmware.dir/external/umac/src/main.c.o
 .text.via_ra_changed
                0x100014cc       0xe8 CMakeFiles/firmware.dir/external/umac/src/main.c.o
 .text.scc_irq_set
                0x100015b4       0x24 CMakeFiles/firmware.dir/external/umac/src/main.c.o
 .text.via_irq_set
                0x100015d8       0x1c CMakeFiles/firmware.dir/external/umac/src/main.c.o
 .text.umac_set_sound_cb
                0x100015f4        0xc CMakeFiles/firmware.dir/external/umac/src/main.c.o
                0x100015f4                umac_set_sound_cb
 .text.exit_error
                0x10001600      0x160 CMakeFiles/firmware.dir/external/umac/src/main.c.o
                0x10001600                exit_error
 .text.umac_get_via_ra
                0x10001760        0xc CMakeFiles/firmware.dir/external/umac/src/main.c.o
                0x10001760                umac_get_via_ra
 .text.umac_kbd_event
                0x1000176c       0x14 CMakeFiles/firmware.dir/external/umac/src/main.c.o
                0x1000176c                umac_kbd_event
 .text.cpu_pulse_reset
                0x10001780        0x4 CMakeFiles/firmware.dir/external/umac/src/main.c.o
                0x10001780                cpu_pulse_reset
 .text.cpu_irq_ack
                0x10001784        0x8 CMakeFiles/firmware.dir/external/umac/src/main.c.o
                0x10001784                cpu_irq_ack
 .text.umac_init
                0x1000178c       0x54 CMakeFiles/firmware.dir/external/umac/src/main.c.o
                0x1000178c                umac_init
 .text.umac_mouse
                0x100017e0       0x54 CMakeFiles/firmware.dir/external/umac/src/main.c.o
                0x100017e0                umac_mouse
 .text.umac_disc_ejected
                0x10001834       0x14 CMakeFiles/firmware.dir/external/umac/src/main.c.o
                0x10001834                umac_disc_ejected
 .text.umac_loop
                0x10001848      0x178 CMakeFiles/firmware.dir/external/umac/src/main.c.o
                0x10001848                umac_loop
 .text.scc_init
                0x100019c0       0x10 CMakeFiles/firmware.dir/external/umac/src/scc.c.o
                0x100019c0                scc_init
 .text.scc_set_dcd
                0x100019d0      0x10c CMakeFiles/firmware.dir/external/umac/src/scc.c.o
                0x100019d0                scc_set_dcd
 .text.scc_write
                0x10001adc      0x124 CMakeFiles/firmware.dir/external/umac/src/scc.c.o
                0x10001adc                scc_write
 .text.scc_read
                0x10001c00       0xd4 CMakeFiles/firmware.dir/external/umac/src/scc.c.o
                0x10001c00                scc_read
 .text.via_init
                0x10001cd4       0x2c CMakeFiles/firmware.dir/external/umac/src/via.c.o
                0x10001cd4                via_init
 .text.via_write
                0x10001d00      0x12c CMakeFiles/firmware.dir/external/umac/src/via.c.o
                0x10001d00                via_write
 .text.via_read
                0x10001e2c       0xcc CMakeFiles/firmware.dir/external/umac/src/via.c.o
                0x10001e2c                via_read
 .text.via_tick
                0x10001ef8        0x4 CMakeFiles/firmware.dir/external/umac/src/via.c.o
                0x10001ef8                via_tick
 .text.via_caX_event
                0x10001efc       0x60 CMakeFiles/firmware.dir/external/umac/src/via.c.o
                0x10001efc                via_caX_event
 .text.via_sr_rx
                0x10001f5c       0x64 CMakeFiles/firmware.dir/external/umac/src/via.c.o
                0x10001f5c                via_sr_rx
 .text.default_int_ack_callback
                0x10001fc0       0x14 CMakeFiles/firmware.dir/external/umac/external/Musashi/m68kcpu.c.o
 .text.default_bkpt_ack_callback
                0x10001fd4        0x4 CMakeFiles/firmware.dir/external/umac/external/Musashi/m68kcpu.c.o
 .text.default_cmpild_instr_callback
                0x10001fd8        0x4 CMakeFiles/firmware.dir/external/umac/external/Musashi/m68kcpu.c.o
 .text.default_tas_instr_callback
                0x10001fdc        0x4 CMakeFiles/firmware.dir/external/umac/external/Musashi/m68kcpu.c.o
 .text.default_illg_instr_callback
                0x10001fe0        0x4 CMakeFiles/firmware.dir/external/umac/external/Musashi/m68kcpu.c.o
 .text.default_pc_changed_callback
                0x10001fe4        0x4 CMakeFiles/firmware.dir/external/umac/external/Musashi/m68kcpu.c.o
 .text.default_set_fc_callback
                0x10001fe8        0x4 CMakeFiles/firmware.dir/external/umac/external/Musashi/m68kcpu.c.o
 .text.default_instr_hook_callback
                0x10001fec        0x4 CMakeFiles/firmware.dir/external/umac/external/Musashi/m68kcpu.c.o
 .text.default_reset_instr_callback
                0x10001ff0        0x4 CMakeFiles/firmware.dir/external/umac/external/Musashi/m68kcpu.c.o
 .text.default_rte_instr_callback
                0x10001ff4        0x4 CMakeFiles/firmware.dir/external/umac/external/Musashi/m68kcpu.c.o
 .text.m68k_get_reg
                0x10001ff8      0x15c CMakeFiles/firmware.dir/external/umac/external/Musashi/m68kcpu.c.o
                0x10001ff8                m68k_get_reg
 .text.m68k_set_cpu_type
                0x10002154      0x234 CMakeFiles/firmware.dir/external/umac/external/Musashi/m68kcpu.c.o
                0x10002154                m68k_set_cpu_type
 .text.m68k_set_reg
                0x10002388      0x190 CMakeFiles/firmware.dir/external/umac/external/Musashi/m68kcpu.c.o
                0x10002388                m68k_set_reg
 .text.m68k_set_virq
                0x10002518       0x8c CMakeFiles/firmware.dir/external/umac/external/Musashi/m68kcpu.c.o
                0x10002518                m68k_set_virq
 .text.m68k_init
                0x100025a4       0x80 CMakeFiles/firmware.dir/external/umac/external/Musashi/m68kcpu.c.o
                0x100025a4                m68k_init
 .text.m68k_pulse_reset
                0x10002624       0xa8 CMakeFiles/firmware.dir/external/umac/external/Musashi/m68kcpu.c.o
                0x10002624                m68k_pulse_reset
 .text.m68k_disassemble
                0x100026cc        0x4 CMakeFiles/firmware.dir/external/umac/external/Musashi/m68kdasm.c.o
                0x100026cc                m68k_disassemble
 .text.m68ki_set_sr_noint
                0x100026d0       0xac CMakeFiles/firmware.dir/external/umac/external/Musashi/m68kops.c.o
 .text.m68ki_init_exception
                0x1000277c       0xbc CMakeFiles/firmware.dir/external/umac/external/Musashi/m68kops.c.o
 .text.m68k_op_abcd_8_rr
                0x10002838       0x8c CMakeFiles/firmware.dir/external/umac/external/Musashi/m68kops.c.o
 .text.m68k_op_add_8_er_d
                0x100028c4       0x54 CMakeFiles/firmware.dir/external/umac/external/Musashi/m68kops.c.o
 .text.m68k_op_add_16_er_a
                0x10002918       0x64 CMakeFiles/firmware.dir/external/umac/external/Musashi/m68kops.c.o
 .text.m68k_op_add_32_er_a
                0x1000297c       0x64 CMakeFiles/firmware.dir/external/umac/external/Musashi/m68kops.c.o
 .text.m68k_op_adda_16_a
                0x100029e0       0x28 CMakeFiles/firmware.dir/external/umac/external/Musashi/m68kops.c.o
 .text.m68k_op_addx_8_rr
                0x10002a08       0x64 CMakeFiles/firmware.dir/external/umac/external/Musashi/m68kops.c.o
 .text.m68k_op_addx_16_rr
                0x10002a6c       0x6c CMakeFiles/firmware.dir/external/umac/external/Musashi/m68kops.c.o
 .text.m68k_op_addx_32_rr
                0x10002ad8       0x6c CMakeFiles/firmware.dir/external/umac/external/Musashi/m68kops.c.o
 .text.m68k_op_and_16_er_d
                0x10002b44       0x44 CMakeFiles/firmware.dir/external/umac/external/Musashi/m68kops.c.o
 .text.m68k_op_and_32_er_d
                0x10002b88       0x38 CMakeFiles/firmware.dir/external/umac/external/Musashi/m68kops.c.o
 .text.m68k_op_asr_8_s
                0x10002bc0       0x80 CMakeFiles/firmware.dir/external/umac/external/Musashi/m68kops.c.o
 .text.m68k_op_asr_16_s
                0x10002c40       0x84 CMakeFiles/firmware.dir/external/umac/external/Musashi/m68kops.c.o
 .text.m68k_op_asr_32_s
                0x10002cc4       0x78 CMakeFiles/firmware.dir/external/umac/external/Musashi/m68kops.c.o
 .text.m68k_op_asr_8_r
                0x10002d3c      0x100 CMakeFiles/firmware.dir/external/umac/external/Musashi/m68kops.c.o
 .text.m68k_op_asr_16_r
                0x10002e3c       0xfc CMakeFiles/firmware.dir/external/umac/external/Musashi/m68kops.c.o
 .text.m68k_op_asr_32_r
                0x10002f38       0xd8 CMakeFiles/firmware.dir/external/umac/external/Musashi/m68kops.c.o
 .text.m68k_op_asl_8_s
                0x10003010       0xac CMakeFiles/firmware.dir/external/umac/external/Musashi/m68kops.c.o
 .text.m68k_op_asl_32_s
                0x100030bc       0x8c CMakeFiles/firmware.dir/external/umac/external/Musashi/m68kops.c.o
 .text.m68k_op_asl_8_r
                0x10003148       0xe0 CMakeFiles/firmware.dir/external/umac/external/Musashi/m68kops.c.o
 .text.m68k_op_asl_16_r
                0x10003228       0xe4 CMakeFiles/firmware.dir/external/umac/external/Musashi/m68kops.c.o
 .text.m68k_op_asl_32_r
                0x1000330c       0xdc CMakeFiles/firmware.dir/external/umac/external/Musashi/m68kops.c.o
 .text.m68k_op_bchg_32_r_d
                0x100033e8       0x3c CMakeFiles/firmware.dir/external/umac/external/Musashi/m68kops.c.o
 .text.m68k_op_bclr_32_r_d
                0x10003424       0x3c CMakeFiles/firmware.dir/external/umac/external/Musashi/m68kops.c.o
 .text.m68k_op_bset_32_r_d
                0x10003460       0x3c CMakeFiles/firmware.dir/external/umac/external/Musashi/m68kops.c.o
 .text.m68k_op_btst_32_r_d
                0x1000349c       0x34 CMakeFiles/firmware.dir/external/umac/external/Musashi/m68kops.c.o
 .text.m68k_op_clr_8_d
                0x100034d0       0x30 CMakeFiles/firmware.dir/external/umac/external/Musashi/m68kops.c.o
 .text.m68k_op_cmp_8_d
                0x10003500       0x58 CMakeFiles/firmware.dir/external/umac/external/Musashi/m68kops.c.o
 .text.m68k_op_cmp_16_a
                0x10003558       0x5c CMakeFiles/firmware.dir/external/umac/external/Musashi/m68kops.c.o
 .text.m68k_op_cmp_32_a
                0x100035b4       0x5c CMakeFiles/firmware.dir/external/umac/external/Musashi/m68kops.c.o
 .text.m68k_op_cmpa_16_d
                0x10003610       0x60 CMakeFiles/firmware.dir/external/umac/external/Musashi/m68kops.c.o
 .text.m68k_op_cmpa_16_a
                0x10003670       0x64 CMakeFiles/firmware.dir/external/umac/external/Musashi/m68kops.c.o
 .text.m68k_op_cmpa_32_d
                0x100036d4       0x5c CMakeFiles/firmware.dir/external/umac/external/Musashi/m68kops.c.o
 .text.m68k_op_cmpa_32_a
                0x10003730       0x64 CMakeFiles/firmware.dir/external/umac/external/Musashi/m68kops.c.o
 .text.m68k_op_dbt_16
                0x10003794       0x10 CMakeFiles/firmware.dir/external/umac/external/Musashi/m68kops.c.o
 .text.m68k_op_eor_8_d
                0x100037a4       0x3c CMakeFiles/firmware.dir/external/umac/external/Musashi/m68kops.c.o
 .text.m68k_op_eor_16_d
                0x100037e0       0x40 CMakeFiles/firmware.dir/external/umac/external/Musashi/m68kops.c.o
 .text.m68k_op_eor_32_d
                0x10003820       0x3c CMakeFiles/firmware.dir/external/umac/external/Musashi/m68kops.c.o
 .text.m68k_op_exg_32_dd
                0x1000385c       0x24 CMakeFiles/firmware.dir/external/umac/external/Musashi/m68kops.c.o
 .text.m68k_op_exg_32_aa
                0x10003880       0x24 CMakeFiles/firmware.dir/external/umac/external/Musashi/m68kops.c.o
 .text.m68k_op_exg_32_da
                0x100038a4       0x24 CMakeFiles/firmware.dir/external/umac/external/Musashi/m68kops.c.o
 .text.m68k_op_lea_32_ai
                0x100038c8       0x24 CMakeFiles/firmware.dir/external/umac/external/Musashi/m68kops.c.o
 .text.m68k_op_lsr_32_s
                0x100038ec       0x64 CMakeFiles/firmware.dir/external/umac/external/Musashi/m68kops.c.o
 .text.m68k_op_lsr_8_r
                0x10003950       0xac CMakeFiles/firmware.dir/external/umac/external/Musashi/m68kops.c.o
 .text.m68k_op_lsr_16_r
                0x100039fc       0x94 CMakeFiles/firmware.dir/external/umac/external/Musashi/m68kops.c.o
 .text.m68k_op_lsr_32_r
                0x10003a90       0xac CMakeFiles/firmware.dir/external/umac/external/Musashi/m68kops.c.o
 .text.m68k_op_lsl_8_s
                0x10003b3c       0x6c CMakeFiles/firmware.dir/external/umac/external/Musashi/m68kops.c.o
 .text.m68k_op_lsl_32_s
                0x10003ba8       0x64 CMakeFiles/firmware.dir/external/umac/external/Musashi/m68kops.c.o
 .text.m68k_op_lsl_8_r
                0x10003c0c       0x9c CMakeFiles/firmware.dir/external/umac/external/Musashi/m68kops.c.o
 .text.m68k_op_lsl_16_r
                0x10003ca8       0xa0 CMakeFiles/firmware.dir/external/umac/external/Musashi/m68kops.c.o
 .text.m68k_op_lsl_32_r
                0x10003d48       0xb0 CMakeFiles/firmware.dir/external/umac/external/Musashi/m68kops.c.o
 .text.m68k_op_move_8_d_d
                0x10003df8       0x40 CMakeFiles/firmware.dir/external/umac/external/Musashi/m68kops.c.o
 .text.m68k_op_move_16_d_a
                0x10003e38       0x4c CMakeFiles/firmware.dir/external/umac/external/Musashi/m68kops.c.o
 .text.m68k_op_movea_16_d
                0x10003e84       0x2c CMakeFiles/firmware.dir/external/umac/external/Musashi/m68kops.c.o
 .text.m68k_op_movea_16_a
                0x10003eb0       0x20 CMakeFiles/firmware.dir/external/umac/external/Musashi/m68kops.c.o
 .text.m68k_op_move_16_toc_d
                0x10003ed0       0x54 CMakeFiles/firmware.dir/external/umac/external/Musashi/m68kops.c.o
 .text.m68k_op_move_16_frs_d
                0x10003f24       0x94 CMakeFiles/firmware.dir/external/umac/external/Musashi/m68kops.c.o
 .text.m68k_op_muls_16_d
                0x10003fb8       0x80 CMakeFiles/firmware.dir/external/umac/external/Musashi/m68kops.c.o
 .text.m68k_op_nbcd_8_d
                0x10004038       0x8c CMakeFiles/firmware.dir/external/umac/external/Musashi/m68kops.c.o
 .text.m68k_op_neg_8_d
                0x100040c4       0x48 CMakeFiles/firmware.dir/external/umac/external/Musashi/m68kops.c.o
 .text.m68k_op_neg_32_d
                0x1000410c       0x48 CMakeFiles/firmware.dir/external/umac/external/Musashi/m68kops.c.o
 .text.m68k_op_negx_8_d
                0x10004154       0x54 CMakeFiles/firmware.dir/external/umac/external/Musashi/m68kops.c.o
 .text.m68k_op_negx_16_d
                0x100041a8       0x5c CMakeFiles/firmware.dir/external/umac/external/Musashi/m68kops.c.o
 .text.m68k_op_negx_32_d
                0x10004204       0x50 CMakeFiles/firmware.dir/external/umac/external/Musashi/m68kops.c.o
 .text.m68k_op_nop
                0x10004254        0x4 CMakeFiles/firmware.dir/external/umac/external/Musashi/m68kops.c.o
 .text.m68k_op_not_8_d
                0x10004258       0x38 CMakeFiles/firmware.dir/external/umac/external/Musashi/m68kops.c.o
 .text.m68k_op_not_32_d
                0x10004290       0x30 CMakeFiles/firmware.dir/external/umac/external/Musashi/m68kops.c.o
 .text.m68k_op_or_8_er_d
                0x100042c0       0x3c CMakeFiles/firmware.dir/external/umac/external/Musashi/m68kops.c.o
 .text.m68k_op_or_16_er_d
                0x100042fc       0x40 CMakeFiles/firmware.dir/external/umac/external/Musashi/m68kops.c.o
 .text.m68k_op_or_32_er_d
                0x1000433c       0x38 CMakeFiles/firmware.dir/external/umac/external/Musashi/m68kops.c.o
 .text.m68k_op_ror_16_s
                0x10004374       0x90 CMakeFiles/firmware.dir/external/umac/external/Musashi/m68kops.c.o
 .text.m68k_op_ror_32_s
                0x10004404       0x60 CMakeFiles/firmware.dir/external/umac/external/Musashi/m68kops.c.o
 .text.m68k_op_ror_8_r
                0x10004464       0xac CMakeFiles/firmware.dir/external/umac/external/Musashi/m68kops.c.o
 .text.m68k_op_ror_16_r
                0x10004510       0xa0 CMakeFiles/firmware.dir/external/umac/external/Musashi/m68kops.c.o
 .text.m68k_op_ror_32_r
                0x100045b0       0x88 CMakeFiles/firmware.dir/external/umac/external/Musashi/m68kops.c.o
 .text.m68k_op_rol_8_s
                0x10004638       0x88 CMakeFiles/firmware.dir/external/umac/external/Musashi/m68kops.c.o
 .text.m68k_op_rol_32_s
                0x100046c0       0x70 CMakeFiles/firmware.dir/external/umac/external/Musashi/m68kops.c.o
 .text.m68k_op_rol_8_r
                0x10004730       0xa8 CMakeFiles/firmware.dir/external/umac/external/Musashi/m68kops.c.o
 .text.m68k_op_rol_16_r
                0x100047d8       0xa4 CMakeFiles/firmware.dir/external/umac/external/Musashi/m68kops.c.o
 .text.m68k_op_rol_32_r
                0x1000487c       0xa0 CMakeFiles/firmware.dir/external/umac/external/Musashi/m68kops.c.o
 .text.m68k_op_roxr_8_s
                0x1000491c       0x80 CMakeFiles/firmware.dir/external/umac/external/Musashi/m68kops.c.o
 .text.m68k_op_roxr_16_s
                0x1000499c       0x84 CMakeFiles/firmware.dir/external/umac/external/Musashi/m68kops.c.o
 .text.m68k_op_roxr_32_s
                0x10004a20       0xc4 CMakeFiles/firmware.dir/external/umac/external/Musashi/m68kops.c.o
 .text.m68k_op_roxr_8_r
                0x10004ae4       0xb8 CMakeFiles/firmware.dir/external/umac/external/Musashi/m68kops.c.o
 .text.m68k_op_roxr_16_r
                0x10004b9c       0xbc CMakeFiles/firmware.dir/external/umac/external/Musashi/m68kops.c.o
 .text.m68k_op_roxr_32_r
                0x10004c58       0xec CMakeFiles/firmware.dir/external/umac/external/Musashi/m68kops.c.o
 .text.m68k_op_roxl_16_s
                0x10004d44       0x84 CMakeFiles/firmware.dir/external/umac/external/Musashi/m68kops.c.o
 .text.m68k_op_roxl_32_s
                0x10004dc8       0xc4 CMakeFiles/firmware.dir/external/umac/external/Musashi/m68kops.c.o
 .text.m68k_op_roxl_8_r
                0x10004e8c       0xb8 CMakeFiles/firmware.dir/external/umac/external/Musashi/m68kops.c.o
 .text.m68k_op_roxl_16_r
                0x10004f44       0xbc CMakeFiles/firmware.dir/external/umac/external/Musashi/m68kops.c.o
 .text.m68k_op_roxl_32_r
                0x10005000       0xec CMakeFiles/firmware.dir/external/umac/external/Musashi/m68kops.c.o
 .text.m68k_op_sbcd_8_rr
                0x100050ec       0x8c CMakeFiles/firmware.dir/external/umac/external/Musashi/m68kops.c.o
 .text.m68k_op_st_8_d
                0x10005178       0x1c CMakeFiles/firmware.dir/external/umac/external/Musashi/m68kops.c.o
 .text.m68k_op_sf_8_d
                0x10005194       0x1c CMakeFiles/firmware.dir/external/umac/external/Musashi/m68kops.c.o
 .text.m68k_op_sub_8_er_d
                0x100051b0       0x60 CMakeFiles/firmware.dir/external/umac/external/Musashi/m68kops.c.o
 .text.m68k_op_sub_16_er_d
                0x10005210       0x64 CMakeFiles/firmware.dir/external/umac/external/Musashi/m68kops.c.o
 .text.m68k_op_sub_16_er_a
                0x10005274       0x68 CMakeFiles/firmware.dir/external/umac/external/Musashi/m68kops.c.o
 .text.m68k_op_suba_16_d
                0x100052dc       0x30 CMakeFiles/firmware.dir/external/umac/external/Musashi/m68kops.c.o
 .text.m68k_op_suba_16_a
                0x1000530c       0x28 CMakeFiles/firmware.dir/external/umac/external/Musashi/m68kops.c.o
 .text.m68k_op_suba_32_d
                0x10005334       0x2c CMakeFiles/firmware.dir/external/umac/external/Musashi/m68kops.c.o
 .text.m68k_op_subq_8_d
                0x10005360       0x5c CMakeFiles/firmware.dir/external/umac/external/Musashi/m68kops.c.o
 .text.m68k_op_subx_8_rr
                0x100053bc       0x74 CMakeFiles/firmware.dir/external/umac/external/Musashi/m68kops.c.o
 .text.m68k_op_subx_16_rr
                0x10005430       0x78 CMakeFiles/firmware.dir/external/umac/external/Musashi/m68kops.c.o
 .text.m68k_op_subx_32_rr
                0x100054a8       0x6c CMakeFiles/firmware.dir/external/umac/external/Musashi/m68kops.c.o
 .text.m68k_op_tas_8_d
                0x10005514       0x34 CMakeFiles/firmware.dir/external/umac/external/Musashi/m68kops.c.o
 .text.m68k_op_add_16_er_i
                0x10005548       0x60 CMakeFiles/firmware.dir/external/umac/external/Musashi/m68kops.c.o
 .text.m68k_op_add_8_er_i
                0x100055a8       0x60 CMakeFiles/firmware.dir/external/umac/external/Musashi/m68kops.c.o
 .text.m68k_op_and_8_er_i
                0x10005608       0x4c CMakeFiles/firmware.dir/external/umac/external/Musashi/m68kops.c.o
 .text.m68k_op_cmp_8_i
                0x10005654       0x5c CMakeFiles/firmware.dir/external/umac/external/Musashi/m68kops.c.o
 .text.m68k_op_sub_8_er_i
                0x100056b0       0x68 CMakeFiles/firmware.dir/external/umac/external/Musashi/m68kops.c.o
 .text.m68k_op_or_8_er_i
                0x10005718       0x48 CMakeFiles/firmware.dir/external/umac/external/Musashi/m68kops.c.o
 .text.m68k_op_move_8_d_i
                0x10005760       0x48 CMakeFiles/firmware.dir/external/umac/external/Musashi/m68kops.c.o
 .text.m68k_op_eori_16_toc
                0x100057a8       0xa8 CMakeFiles/firmware.dir/external/umac/external/Musashi/m68kops.c.o
 .text.m68k_op_bchg_32_s_d
                0x10005850       0x40 CMakeFiles/firmware.dir/external/umac/external/Musashi/m68kops.c.o
 .text.m68k_op_addi_8_d
                0x10005890       0x60 CMakeFiles/firmware.dir/external/umac/external/Musashi/m68kops.c.o
 .text.m68k_op_subi_8_d
                0x100058f0       0x68 CMakeFiles/firmware.dir/external/umac/external/Musashi/m68kops.c.o
 .text.m68k_op_andi_16_toc
                0x10005958       0x98 CMakeFiles/firmware.dir/external/umac/external/Musashi/m68kops.c.o
 .text.m68k_op_btst_8_r_i
                0x100059f0       0x38 CMakeFiles/firmware.dir/external/umac/external/Musashi/m68kops.c.o
 .text.m68k_op_ori_16_toc
                0x10005a28       0xa8 CMakeFiles/firmware.dir/external/umac/external/Musashi/m68kops.c.o
 .text.m68k_op_ori_8_d
                0x10005ad0       0x48 CMakeFiles/firmware.dir/external/umac/external/Musashi/m68kops.c.o
 .text.m68k_op_muls_16_i
                0x10005b18       0x80 CMakeFiles/firmware.dir/external/umac/external/Musashi/m68kops.c.o
 .text.m68k_op_mulu_16_i
                0x10005b98       0x68 CMakeFiles/firmware.dir/external/umac/external/Musashi/m68kops.c.o
 .text.m68k_op_and_16_er_i
                0x10005c00       0x50 CMakeFiles/firmware.dir/external/umac/external/Musashi/m68kops.c.o
 .text.m68k_op_cmpa_16_i
                0x10005c50       0x60 CMakeFiles/firmware.dir/external/umac/external/Musashi/m68kops.c.o
 .text.m68k_op_cmp_16_i
                0x10005cb0       0x58 CMakeFiles/firmware.dir/external/umac/external/Musashi/m68kops.c.o
 .text.m68k_op_suba_16_i
                0x10005d08       0x34 CMakeFiles/firmware.dir/external/umac/external/Musashi/m68kops.c.o
 .text.m68k_op_sub_16_er_i
                0x10005d3c       0x60 CMakeFiles/firmware.dir/external/umac/external/Musashi/m68kops.c.o
 .text.m68k_op_or_16_er_i
                0x10005d9c       0x48 CMakeFiles/firmware.dir/external/umac/external/Musashi/m68kops.c.o
 .text.m68k_op_move_16_toc_i
                0x10005de4       0x5c CMakeFiles/firmware.dir/external/umac/external/Musashi/m68kops.c.o
 .text.m68k_op_movea_16_i
                0x10005e40       0x2c CMakeFiles/firmware.dir/external/umac/external/Musashi/m68kops.c.o
 .text.m68k_op_move_16_d_i
                0x10005e6c       0x48 CMakeFiles/firmware.dir/external/umac/external/Musashi/m68kops.c.o
 .text.m68k_op_eori_16_d
                0x10005eb4       0x48 CMakeFiles/firmware.dir/external/umac/external/Musashi/m68kops.c.o
 .text.m68k_op_subi_16_d
                0x10005efc       0x70 CMakeFiles/firmware.dir/external/umac/external/Musashi/m68kops.c.o
 .text.m68k_op_ori_16_d
                0x10005f6c       0x48 CMakeFiles/firmware.dir/external/umac/external/Musashi/m68kops.c.o
 .text.m68k_op_movem_16_er_pcdi
                0x10005fb4      0x22c CMakeFiles/firmware.dir/external/umac/external/Musashi/m68kops.c.o
 .text.m68k_op_movem_16_er_aw
                0x100061e0      0x22c CMakeFiles/firmware.dir/external/umac/external/Musashi/m68kops.c.o
 .text.m68k_op_movem_16_er_di
                0x1000640c      0x244 CMakeFiles/firmware.dir/external/umac/external/Musashi/m68kops.c.o
 .text.m68k_op_movem_16_er_pi
                0x10006650      0x23c CMakeFiles/firmware.dir/external/umac/external/Musashi/m68kops.c.o
 .text.m68k_op_movem_16_er_ai
                0x1000688c      0x22c CMakeFiles/firmware.dir/external/umac/external/Musashi/m68kops.c.o
 .text.m68k_op_adda_32_i
                0x10006ab8       0x30 CMakeFiles/firmware.dir/external/umac/external/Musashi/m68kops.c.o
 .text.m68k_op_add_32_er_i
                0x10006ae8       0x68 CMakeFiles/firmware.dir/external/umac/external/Musashi/m68kops.c.o
 .text.m68k_op_and_32_er_i
                0x10006b50       0x44 CMakeFiles/firmware.dir/external/umac/external/Musashi/m68kops.c.o
 .text.m68k_op_cmpa_32_i
                0x10006b94       0x64 CMakeFiles/firmware.dir/external/umac/external/Musashi/m68kops.c.o
 .text.m68k_op_cmp_32_i
                0x10006bf8       0x60 CMakeFiles/firmware.dir/external/umac/external/Musashi/m68kops.c.o
 .text.m68k_op_suba_32_i
                0x10006c58       0x30 CMakeFiles/firmware.dir/external/umac/external/Musashi/m68kops.c.o
 .text.m68k_op_sub_32_er_i
                0x10006c88       0x64 CMakeFiles/firmware.dir/external/umac/external/Musashi/m68kops.c.o
 .text.m68k_op_or_32_er_i
                0x10006cec       0x44 CMakeFiles/firmware.dir/external/umac/external/Musashi/m68kops.c.o
 .text.m68k_op_movem_16_er_al
                0x10006d30      0x22c CMakeFiles/firmware.dir/external/umac/external/Musashi/m68kops.c.o
 .text.m68k_op_lea_32_al
                0x10006f5c       0x28 CMakeFiles/firmware.dir/external/umac/external/Musashi/m68kops.c.o
 .text.m68k_op_move_32_d_i
                0x10006f84       0x40 CMakeFiles/firmware.dir/external/umac/external/Musashi/m68kops.c.o
 .text.m68k_op_cmpi_32_d
                0x10006fc4       0x60 CMakeFiles/firmware.dir/external/umac/external/Musashi/m68kops.c.o
 .text.m68k_op_eori_32_d
                0x10007024       0x44 CMakeFiles/firmware.dir/external/umac/external/Musashi/m68kops.c.o
 .text.m68k_op_addi_32_d
                0x10007068       0x68 CMakeFiles/firmware.dir/external/umac/external/Musashi/m68kops.c.o
 .text.m68k_op_subi_32_d
                0x100070d0       0x64 CMakeFiles/firmware.dir/external/umac/external/Musashi/m68kops.c.o
 .text.m68k_op_andi_32_d
                0x10007134       0x44 CMakeFiles/firmware.dir/external/umac/external/Musashi/m68kops.c.o
 .text.m68k_op_ori_32_d
                0x10007178       0x44 CMakeFiles/firmware.dir/external/umac/external/Musashi/m68kops.c.o
 .text.m68k_op_rtr_32
                0x100071bc       0x6c CMakeFiles/firmware.dir/external/umac/external/Musashi/m68kops.c.o
 .text.m68k_op_unlk_32_a7
                0x10007228       0x1c CMakeFiles/firmware.dir/external/umac/external/Musashi/m68kops.c.o
 .text.m68k_op_movem_32_er_pcdi
                0x10007244      0x208 CMakeFiles/firmware.dir/external/umac/external/Musashi/m68kops.c.o
 .text.m68k_op_movem_32_er_al
                0x1000744c      0x208 CMakeFiles/firmware.dir/external/umac/external/Musashi/m68kops.c.o
 .text.m68k_op_movem_32_er_aw
                0x10007654      0x208 CMakeFiles/firmware.dir/external/umac/external/Musashi/m68kops.c.o
 .text.m68k_op_movem_32_er_di
                0x1000785c      0x224 CMakeFiles/firmware.dir/external/umac/external/Musashi/m68kops.c.o
 .text.m68k_op_movem_32_er_ai
                0x10007a80      0x208 CMakeFiles/firmware.dir/external/umac/external/Musashi/m68kops.c.o
 .text.m68k_op_move16_32
                0x10007c88       0xbc CMakeFiles/firmware.dir/external/umac/external/Musashi/m68kops.c.o
 .text.m68k_op_bsr_32
                0x10007d44       0x28 CMakeFiles/firmware.dir/external/umac/external/Musashi/m68kops.c.o
 .text.m68k_op_jsr_32_al
                0x10007d6c       0x30 CMakeFiles/firmware.dir/external/umac/external/Musashi/m68kops.c.o
 .text.m68k_op_jsr_32_aw
                0x10007d9c       0x34 CMakeFiles/firmware.dir/external/umac/external/Musashi/m68kops.c.o
 .text.m68k_op_pea_32_pcdi
                0x10007dd0       0x30 CMakeFiles/firmware.dir/external/umac/external/Musashi/m68kops.c.o
 .text.m68k_op_pea_32_al
                0x10007e00       0x2c CMakeFiles/firmware.dir/external/umac/external/Musashi/m68kops.c.o
 .text.m68k_op_pea_32_ai
                0x10007e2c       0x2c CMakeFiles/firmware.dir/external/umac/external/Musashi/m68kops.c.o
 .text.m68k_op_add_32_re_al
                0x10007e58       0x70 CMakeFiles/firmware.dir/external/umac/external/Musashi/m68kops.c.o
 .text.m68k_op_add_32_re_aw
                0x10007ec8       0x70 CMakeFiles/firmware.dir/external/umac/external/Musashi/m68kops.c.o
 .text.m68k_op_add_32_re_pd
                0x10007f38       0x74 CMakeFiles/firmware.dir/external/umac/external/Musashi/m68kops.c.o
 .text.m68k_op_add_32_re_pi
                0x10007fac       0x78 CMakeFiles/firmware.dir/external/umac/external/Musashi/m68kops.c.o
 .text.m68k_op_add_32_re_ai
                0x10008024       0x70 CMakeFiles/firmware.dir/external/umac/external/Musashi/m68kops.c.o
 .text.m68k_op_and_32_re_al
                0x10008094       0x58 CMakeFiles/firmware.dir/external/umac/external/Musashi/m68kops.c.o
 .text.m68k_op_and_32_re_aw
                0x100080ec       0x58 CMakeFiles/firmware.dir/external/umac/external/Musashi/m68kops.c.o
 .text.m68k_op_and_32_re_di
                0x10008144       0x70 CMakeFiles/firmware.dir/external/umac/external/Musashi/m68kops.c.o
 .text.m68k_op_and_32_re_pd
                0x100081b4       0x5c CMakeFiles/firmware.dir/external/umac/external/Musashi/m68kops.c.o
 .text.m68k_op_and_32_re_pi
                0x10008210       0x5c CMakeFiles/firmware.dir/external/umac/external/Musashi/m68kops.c.o
 .text.m68k_op_and_32_re_ai
                0x1000826c       0x58 CMakeFiles/firmware.dir/external/umac/external/Musashi/m68kops.c.o
 .text.m68k_op_eor_32_al
                0x100082c4       0x54 CMakeFiles/firmware.dir/external/umac/external/Musashi/m68kops.c.o
 .text.m68k_op_eor_32_aw
                0x10008318       0x54 CMakeFiles/firmware.dir/external/umac/external/Musashi/m68kops.c.o
 .text.m68k_op_eor_32_di
                0x1000836c       0x70 CMakeFiles/firmware.dir/external/umac/external/Musashi/m68kops.c.o
 .text.m68k_op_eor_32_pd
                0x100083dc       0x58 CMakeFiles/firmware.dir/external/umac/external/Musashi/m68kops.c.o
 .text.m68k_op_eor_32_pi
                0x10008434       0x5c CMakeFiles/firmware.dir/external/umac/external/Musashi/m68kops.c.o
 .text.m68k_op_eor_32_ai
                0x10008490       0x54 CMakeFiles/firmware.dir/external/umac/external/Musashi/m68kops.c.o
 .text.m68k_op_sub_32_re_al
                0x100084e4       0x70 CMakeFiles/firmware.dir/external/umac/external/Musashi/m68kops.c.o
 .text.m68k_op_sub_32_re_aw
                0x10008554       0x70 CMakeFiles/firmware.dir/external/umac/external/Musashi/m68kops.c.o
 .text.m68k_op_sub_32_re_di
                0x100085c4       0x88 CMakeFiles/firmware.dir/external/umac/external/Musashi/m68kops.c.o
 .text.m68k_op_sub_32_re_pd
                0x1000864c       0x74 CMakeFiles/firmware.dir/external/umac/external/Musashi/m68kops.c.o
 .text.m68k_op_sub_32_re_pi
                0x100086c0       0x74 CMakeFiles/firmware.dir/external/umac/external/Musashi/m68kops.c.o
 .text.m68k_op_sub_32_re_ai
                0x10008734       0x70 CMakeFiles/firmware.dir/external/umac/external/Musashi/m68kops.c.o
 .text.m68k_op_subx_32_mm
                0x100087a4       0x9c CMakeFiles/firmware.dir/external/umac/external/Musashi/m68kops.c.o
 .text.m68k_op_or_32_re_al
                0x10008840       0x54 CMakeFiles/firmware.dir/external/umac/external/Musashi/m68kops.c.o
 .text.m68k_op_or_32_re_aw
                0x10008894       0x54 CMakeFiles/firmware.dir/external/umac/external/Musashi/m68kops.c.o
 .text.m68k_op_or_32_re_di
                0x100088e8       0x70 CMakeFiles/firmware.dir/external/umac/external/Musashi/m68kops.c.o
 .text.m68k_op_or_32_re_pd
                0x10008958       0x58 CMakeFiles/firmware.dir/external/umac/external/Musashi/m68kops.c.o
 .text.m68k_op_or_32_re_pi
                0x100089b0       0x5c CMakeFiles/firmware.dir/external/umac/external/Musashi/m68kops.c.o
 .text.m68k_op_or_32_re_ai
                0x10008a0c       0x54 CMakeFiles/firmware.dir/external/umac/external/Musashi/m68kops.c.o
 .text.m68k_op_subq_32_al
                0x10008a60       0x68 CMakeFiles/firmware.dir/external/umac/external/Musashi/m68kops.c.o
 .text.m68k_op_subq_32_aw
                0x10008ac8       0x68 CMakeFiles/firmware.dir/external/umac/external/Musashi/m68kops.c.o
 .text.m68k_op_subq_32_di
                0x10008b30       0x7c CMakeFiles/firmware.dir/external/umac/external/Musashi/m68kops.c.o
 .text.m68k_op_subq_32_pd
                0x10008bac       0x68 CMakeFiles/firmware.dir/external/umac/external/Musashi/m68kops.c.o
 .text.m68k_op_subq_32_pi
                0x10008c14       0x68 CMakeFiles/firmware.dir/external/umac/external/Musashi/m68kops.c.o
 .text.m68k_op_subq_32_ai
                0x10008c7c       0x64 CMakeFiles/firmware.dir/external/umac/external/Musashi/m68kops.c.o
 .text.m68k_op_addq_32_al
                0x10008ce0       0x68 CMakeFiles/firmware.dir/external/umac/external/Musashi/m68kops.c.o
 .text.m68k_op_addq_32_aw
                0x10008d48       0x68 CMakeFiles/firmware.dir/external/umac/external/Musashi/m68kops.c.o
 .text.m68k_op_addq_32_di
                0x10008db0       0x80 CMakeFiles/firmware.dir/external/umac/external/Musashi/m68kops.c.o
 .text.m68k_op_addq_32_pd
                0x10008e30       0x68 CMakeFiles/firmware.dir/external/umac/external/Musashi/m68kops.c.o
 .text.m68k_op_addq_32_pi
                0x10008e98       0x6c CMakeFiles/firmware.dir/external/umac/external/Musashi/m68kops.c.o
 .text.m68k_op_addq_32_ai
                0x10008f04       0x64 CMakeFiles/firmware.dir/external/umac/external/Musashi/m68kops.c.o
 .text.m68k_op_link_16_a7
                0x10008f68       0x34 CMakeFiles/firmware.dir/external/umac/external/Musashi/m68kops.c.o
 .text.m68k_op_movem_32_re_al
                0x10008f9c      0x208 CMakeFiles/firmware.dir/external/umac/external/Musashi/m68kops.c.o
 .text.m68k_op_movem_32_re_aw
                0x100091a4      0x208 CMakeFiles/firmware.dir/external/umac/external/Musashi/m68kops.c.o
 .text.m68k_op_movem_32_re_di
                0x100093ac      0x224 CMakeFiles/firmware.dir/external/umac/external/Musashi/m68kops.c.o
 .text.m68k_op_movem_32_re_ai
                0x100095d0      0x208 CMakeFiles/firmware.dir/external/umac/external/Musashi/m68kops.c.o
 .text.m68k_op_not_32_al
                0x100097d8       0x48 CMakeFiles/firmware.dir/external/umac/external/Musashi/m68kops.c.o
 .text.m68k_op_not_32_aw
                0x10009820       0x48 CMakeFiles/firmware.dir/external/umac/external/Musashi/m68kops.c.o
 .text.m68k_op_not_32_di
                0x10009868       0x5c CMakeFiles/firmware.dir/external/umac/external/Musashi/m68kops.c.o
 .text.m68k_op_not_32_pd
                0x100098c4       0x4c CMakeFiles/firmware.dir/external/umac/external/Musashi/m68kops.c.o
 .text.m68k_op_not_32_pi
                0x10009910       0x50 CMakeFiles/firmware.dir/external/umac/external/Musashi/m68kops.c.o
 .text.m68k_op_not_32_ai
                0x10009960       0x48 CMakeFiles/firmware.dir/external/umac/external/Musashi/m68kops.c.o
 .text.m68k_op_neg_32_al
                0x100099a8       0x58 CMakeFiles/firmware.dir/external/umac/external/Musashi/m68kops.c.o
 .text.m68k_op_neg_32_aw
                0x10009a00       0x58 CMakeFiles/firmware.dir/external/umac/external/Musashi/m68kops.c.o
 .text.m68k_op_neg_32_di
                0x10009a58       0x68 CMakeFiles/firmware.dir/external/umac/external/Musashi/m68kops.c.o
 .text.m68k_op_neg_32_pd
                0x10009ac0       0x5c CMakeFiles/firmware.dir/external/umac/external/Musashi/m68kops.c.o
 .text.m68k_op_neg_32_pi
                0x10009b1c       0x5c CMakeFiles/firmware.dir/external/umac/external/Musashi/m68kops.c.o
 .text.m68k_op_neg_32_ai
                0x10009b78       0x58 CMakeFiles/firmware.dir/external/umac/external/Musashi/m68kops.c.o
 .text.m68k_op_clr_32_al
                0x10009bd0       0x38 CMakeFiles/firmware.dir/external/umac/external/Musashi/m68kops.c.o
 .text.m68k_op_clr_32_aw
                0x10009c08       0x3c CMakeFiles/firmware.dir/external/umac/external/Musashi/m68kops.c.o
 .text.m68k_op_negx_32_al
                0x10009c44       0x60 CMakeFiles/firmware.dir/external/umac/external/Musashi/m68kops.c.o
 .text.m68k_op_negx_32_aw
                0x10009ca4       0x60 CMakeFiles/firmware.dir/external/umac/external/Musashi/m68kops.c.o
 .text.m68k_op_negx_32_di
                0x10009d04       0x74 CMakeFiles/firmware.dir/external/umac/external/Musashi/m68kops.c.o
 .text.m68k_op_negx_32_pd
                0x10009d78       0x64 CMakeFiles/firmware.dir/external/umac/external/Musashi/m68kops.c.o
 .text.m68k_op_negx_32_pi
                0x10009ddc       0x68 CMakeFiles/firmware.dir/external/umac/external/Musashi/m68kops.c.o
 .text.m68k_op_negx_32_ai
                0x10009e44       0x60 CMakeFiles/firmware.dir/external/umac/external/Musashi/m68kops.c.o
 .text.m68k_op_move_32_al_i
                0x10009ea4       0x4c CMakeFiles/firmware.dir/external/umac/external/Musashi/m68kops.c.o
 .text.m68k_op_move_32_al_a
                0x10009ef0       0x4c CMakeFiles/firmware.dir/external/umac/external/Musashi/m68kops.c.o
 .text.m68k_op_move_32_al_d
                0x10009f3c       0x48 CMakeFiles/firmware.dir/external/umac/external/Musashi/m68kops.c.o
 .text.m68k_op_move_32_aw_i
                0x10009f84       0x50 CMakeFiles/firmware.dir/external/umac/external/Musashi/m68kops.c.o
 .text.m68k_op_move_32_aw_a
                0x10009fd4       0x50 CMakeFiles/firmware.dir/external/umac/external/Musashi/m68kops.c.o
 .text.m68k_op_move_32_aw_d
                0x1000a024       0x4c CMakeFiles/firmware.dir/external/umac/external/Musashi/m68kops.c.o
 .text.m68k_op_move_32_pi_i
                0x1000a070       0x54 CMakeFiles/firmware.dir/external/umac/external/Musashi/m68kops.c.o
 .text.m68k_op_move_32_pi_a
                0x1000a0c4       0x50 CMakeFiles/firmware.dir/external/umac/external/Musashi/m68kops.c.o
 .text.m68k_op_move_32_ai_i
                0x1000a114       0x50 CMakeFiles/firmware.dir/external/umac/external/Musashi/m68kops.c.o
 .text.m68k_op_eori_32_al
                0x1000a164       0x58 CMakeFiles/firmware.dir/external/umac/external/Musashi/m68kops.c.o
 .text.m68k_op_eori_32_aw
                0x1000a1bc       0x58 CMakeFiles/firmware.dir/external/umac/external/Musashi/m68kops.c.o
 .text.m68k_op_eori_32_di
                0x1000a214       0x74 CMakeFiles/firmware.dir/external/umac/external/Musashi/m68kops.c.o
 .text.m68k_op_eori_32_pd
                0x1000a288       0x5c CMakeFiles/firmware.dir/external/umac/external/Musashi/m68kops.c.o
 .text.m68k_op_eori_32_pi
                0x1000a2e4       0x60 CMakeFiles/firmware.dir/external/umac/external/Musashi/m68kops.c.o
 .text.m68k_op_eori_32_ai
                0x1000a344       0x58 CMakeFiles/firmware.dir/external/umac/external/Musashi/m68kops.c.o
 .text.m68k_op_addi_32_al
                0x1000a39c       0x74 CMakeFiles/firmware.dir/external/umac/external/Musashi/m68kops.c.o
 .text.m68k_op_addi_32_aw
                0x1000a410       0x74 CMakeFiles/firmware.dir/external/umac/external/Musashi/m68kops.c.o
 .text.m68k_op_addi_32_di
                0x1000a484       0x90 CMakeFiles/firmware.dir/external/umac/external/Musashi/m68kops.c.o
 .text.m68k_op_addi_32_pd
                0x1000a514       0x78 CMakeFiles/firmware.dir/external/umac/external/Musashi/m68kops.c.o
 .text.m68k_op_addi_32_pi
                0x1000a58c       0x7c CMakeFiles/firmware.dir/external/umac/external/Musashi/m68kops.c.o
 .text.m68k_op_addi_32_ai
                0x1000a608       0x74 CMakeFiles/firmware.dir/external/umac/external/Musashi/m68kops.c.o
 .text.m68k_op_subi_32_al
                0x1000a67c       0x74 CMakeFiles/firmware.dir/external/umac/external/Musashi/m68kops.c.o
 .text.m68k_op_subi_32_aw
                0x1000a6f0       0x74 CMakeFiles/firmware.dir/external/umac/external/Musashi/m68kops.c.o
 .text.m68k_op_subi_32_di
                0x1000a764       0x8c CMakeFiles/firmware.dir/external/umac/external/Musashi/m68kops.c.o
 .text.m68k_op_subi_32_pd
                0x1000a7f0       0x74 CMakeFiles/firmware.dir/external/umac/external/Musashi/m68kops.c.o
 .text.m68k_op_subi_32_pi
                0x1000a864       0x78 CMakeFiles/firmware.dir/external/umac/external/Musashi/m68kops.c.o
 .text.m68k_op_subi_32_ai
                0x1000a8dc       0x70 CMakeFiles/firmware.dir/external/umac/external/Musashi/m68kops.c.o
 .text.m68k_op_andi_32_al
                0x1000a94c       0x5c CMakeFiles/firmware.dir/external/umac/external/Musashi/m68kops.c.o
 .text.m68k_op_andi_32_aw
                0x1000a9a8       0x5c CMakeFiles/firmware.dir/external/umac/external/Musashi/m68kops.c.o
 .text.m68k_op_andi_32_di
                0x1000aa04       0x74 CMakeFiles/firmware.dir/external/umac/external/Musashi/m68kops.c.o
 .text.m68k_op_andi_32_pd
                0x1000aa78       0x60 CMakeFiles/firmware.dir/external/umac/external/Musashi/m68kops.c.o
 .text.m68k_op_andi_32_pi
                0x1000aad8       0x60 CMakeFiles/firmware.dir/external/umac/external/Musashi/m68kops.c.o
 .text.m68k_op_andi_32_ai
                0x1000ab38       0x5c CMakeFiles/firmware.dir/external/umac/external/Musashi/m68kops.c.o
 .text.m68k_op_ori_32_al
                0x1000ab94       0x58 CMakeFiles/firmware.dir/external/umac/external/Musashi/m68kops.c.o
 .text.m68k_op_ori_32_aw
                0x1000abec       0x58 CMakeFiles/firmware.dir/external/umac/external/Musashi/m68kops.c.o
 .text.m68k_op_ori_32_di
                0x1000ac44       0x74 CMakeFiles/firmware.dir/external/umac/external/Musashi/m68kops.c.o
 .text.m68k_op_ori_32_pd
                0x1000acb8       0x5c CMakeFiles/firmware.dir/external/umac/external/Musashi/m68kops.c.o
 .text.m68k_op_ori_32_pi
                0x1000ad14       0x60 CMakeFiles/firmware.dir/external/umac/external/Musashi/m68kops.c.o
 .text.m68k_op_ori_32_ai
                0x1000ad74       0x58 CMakeFiles/firmware.dir/external/umac/external/Musashi/m68kops.c.o
 .text.m68k_op_rol_16_al
                0x1000adcc       0x5c CMakeFiles/firmware.dir/external/umac/external/Musashi/m68kops.c.o
 .text.m68k_op_rol_16_aw
                0x1000ae28       0x5c CMakeFiles/firmware.dir/external/umac/external/Musashi/m68kops.c.o
 .text.m68k_op_rol_16_di
                0x1000ae84       0x70 CMakeFiles/firmware.dir/external/umac/external/Musashi/m68kops.c.o
 .text.m68k_op_rol_16_pd
                0x1000aef4       0x5c CMakeFiles/firmware.dir/external/umac/external/Musashi/m68kops.c.o
 .text.m68k_op_rol_16_pi
                0x1000af50       0x5c CMakeFiles/firmware.dir/external/umac/external/Musashi/m68kops.c.o
 .text.m68k_op_rol_16_ai
                0x1000afac       0x58 CMakeFiles/firmware.dir/external/umac/external/Musashi/m68kops.c.o
 .text.m68k_op_ror_16_al
                0x1000b004       0x5c CMakeFiles/firmware.dir/external/umac/external/Musashi/m68kops.c.o
 .text.m68k_op_ror_16_aw
                0x1000b060       0x5c CMakeFiles/firmware.dir/external/umac/external/Musashi/m68kops.c.o
 .text.m68k_op_ror_16_di
                0x1000b0bc       0x70 CMakeFiles/firmware.dir/external/umac/external/Musashi/m68kops.c.o
 .text.m68k_op_ror_16_pd
                0x1000b12c       0x5c CMakeFiles/firmware.dir/external/umac/external/Musashi/m68kops.c.o
 .text.m68k_op_ror_16_pi
                0x1000b188       0x5c CMakeFiles/firmware.dir/external/umac/external/Musashi/m68kops.c.o
 .text.m68k_op_ror_16_ai
                0x1000b1e4       0x58 CMakeFiles/firmware.dir/external/umac/external/Musashi/m68kops.c.o
 .text.m68k_op_roxl_16_al
                0x1000b23c       0x64 CMakeFiles/firmware.dir/external/umac/external/Musashi/m68kops.c.o
 .text.m68k_op_roxl_16_aw
                0x1000b2a0       0x64 CMakeFiles/firmware.dir/external/umac/external/Musashi/m68kops.c.o
 .text.m68k_op_roxl_16_di
                0x1000b304       0x78 CMakeFiles/firmware.dir/external/umac/external/Musashi/m68kops.c.o
 .text.m68k_op_roxl_16_pd
                0x1000b37c       0x68 CMakeFiles/firmware.dir/external/umac/external/Musashi/m68kops.c.o
 .text.m68k_op_roxl_16_pi
                0x1000b3e4       0x6c CMakeFiles/firmware.dir/external/umac/external/Musashi/m68kops.c.o
 .text.m68k_op_roxl_16_ai
                0x1000b450       0x64 CMakeFiles/firmware.dir/external/umac/external/Musashi/m68kops.c.o
 .text.m68k_op_roxr_16_al
                0x1000b4b4       0x64 CMakeFiles/firmware.dir/external/umac/external/Musashi/m68kops.c.o
 .text.m68k_op_roxr_16_aw
                0x1000b518       0x64 CMakeFiles/firmware.dir/external/umac/external/Musashi/m68kops.c.o
 .text.m68k_op_roxr_16_di
                0x1000b57c       0x78 CMakeFiles/firmware.dir/external/umac/external/Musashi/m68kops.c.o
 .text.m68k_op_roxr_16_pd
                0x1000b5f4       0x68 CMakeFiles/firmware.dir/external/umac/external/Musashi/m68kops.c.o
 .text.m68k_op_roxr_16_pi
                0x1000b65c       0x6c CMakeFiles/firmware.dir/external/umac/external/Musashi/m68kops.c.o
 .text.m68k_op_roxr_16_ai
                0x1000b6c8       0x64 CMakeFiles/firmware.dir/external/umac/external/Musashi/m68kops.c.o
 .text.m68k_op_lsl_16_al
                0x1000b72c       0x58 CMakeFiles/firmware.dir/external/umac/external/Musashi/m68kops.c.o
 .text.m68k_op_lsl_16_aw
                0x1000b784       0x5c CMakeFiles/firmware.dir/external/umac/external/Musashi/m68kops.c.o
 .text.m68k_op_lsl_16_di
                0x1000b7e0       0x6c CMakeFiles/firmware.dir/external/umac/external/Musashi/m68kops.c.o
 .text.m68k_op_lsl_16_pd
                0x1000b84c       0x60 CMakeFiles/firmware.dir/external/umac/external/Musashi/m68kops.c.o
 .text.m68k_op_lsl_16_pi
                0x1000b8ac       0x60 CMakeFiles/firmware.dir/external/umac/external/Musashi/m68kops.c.o
 .text.m68k_op_lsl_16_ai
                0x1000b90c       0x5c CMakeFiles/firmware.dir/external/umac/external/Musashi/m68kops.c.o
 .text.m68k_op_lsr_16_al
                0x1000b968       0x54 CMakeFiles/firmware.dir/external/umac/external/Musashi/m68kops.c.o
 .text.m68k_op_lsr_16_aw
                0x1000b9bc       0x50 CMakeFiles/firmware.dir/external/umac/external/Musashi/m68kops.c.o
 .text.m68k_op_lsr_16_di
                0x1000ba0c       0x60 CMakeFiles/firmware.dir/external/umac/external/Musashi/m68kops.c.o
 .text.m68k_op_lsr_16_pd
                0x1000ba6c       0x54 CMakeFiles/firmware.dir/external/umac/external/Musashi/m68kops.c.o
 .text.m68k_op_lsr_16_pi
                0x1000bac0       0x54 CMakeFiles/firmware.dir/external/umac/external/Musashi/m68kops.c.o
 .text.m68k_op_lsr_16_ai
                0x1000bb14       0x50 CMakeFiles/firmware.dir/external/umac/external/Musashi/m68kops.c.o
 .text.m68k_op_asl_16_al
                0x1000bb64       0x78 CMakeFiles/firmware.dir/external/umac/external/Musashi/m68kops.c.o
 .text.m68k_op_asl_16_aw
                0x1000bbdc       0x78 CMakeFiles/firmware.dir/external/umac/external/Musashi/m68kops.c.o
 .text.m68k_op_asl_16_di
                0x1000bc54       0x88 CMakeFiles/firmware.dir/external/umac/external/Musashi/m68kops.c.o
 .text.m68k_op_asl_16_pd
                0x1000bcdc       0x78 CMakeFiles/firmware.dir/external/umac/external/Musashi/m68kops.c.o
 .text.m68k_op_asl_16_pi
                0x1000bd54       0x78 CMakeFiles/firmware.dir/external/umac/external/Musashi/m68kops.c.o
 .text.m68k_op_asl_16_ai
                0x1000bdcc       0x74 CMakeFiles/firmware.dir/external/umac/external/Musashi/m68kops.c.o
 .text.m68k_op_asr_16_al
                0x1000be40       0x60 CMakeFiles/firmware.dir/external/umac/external/Musashi/m68kops.c.o
 .text.m68k_op_asr_16_aw
                0x1000bea0       0x60 CMakeFiles/firmware.dir/external/umac/external/Musashi/m68kops.c.o
 .text.m68k_op_asr_16_di
                0x1000bf00       0x70 CMakeFiles/firmware.dir/external/umac/external/Musashi/m68kops.c.o
 .text.m68k_op_asr_16_pd
                0x1000bf70       0x64 CMakeFiles/firmware.dir/external/umac/external/Musashi/m68kops.c.o
 .text.m68k_op_asr_16_pi
                0x1000bfd4       0x64 CMakeFiles/firmware.dir/external/umac/external/Musashi/m68kops.c.o
 .text.m68k_op_asr_16_ai
                0x1000c038       0x60 CMakeFiles/firmware.dir/external/umac/external/Musashi/m68kops.c.o
 .text.m68k_op_add_16_re_al
                0x1000c098       0x64 CMakeFiles/firmware.dir/external/umac/external/Musashi/m68kops.c.o
 .text.m68k_op_add_16_re_aw
                0x1000c0fc       0x64 CMakeFiles/firmware.dir/external/umac/external/Musashi/m68kops.c.o
 .text.m68k_op_add_16_re_di
                0x1000c160       0x7c CMakeFiles/firmware.dir/external/umac/external/Musashi/m68kops.c.o
 .text.m68k_op_add_16_re_pd
                0x1000c1dc       0x68 CMakeFiles/firmware.dir/external/umac/external/Musashi/m68kops.c.o
 .text.m68k_op_add_16_re_ai
                0x1000c244       0x64 CMakeFiles/firmware.dir/external/umac/external/Musashi/m68kops.c.o
 .text.m68k_op_and_16_re_al
                0x1000c2a8       0x5c CMakeFiles/firmware.dir/external/umac/external/Musashi/m68kops.c.o
 .text.m68k_op_and_16_re_aw
                0x1000c304       0x5c CMakeFiles/firmware.dir/external/umac/external/Musashi/m68kops.c.o
 .text.m68k_op_and_16_re_di
                0x1000c360       0x74 CMakeFiles/firmware.dir/external/umac/external/Musashi/m68kops.c.o
 .text.m68k_op_and_16_re_pd
                0x1000c3d4       0x60 CMakeFiles/firmware.dir/external/umac/external/Musashi/m68kops.c.o
 .text.m68k_op_and_16_re_pi
                0x1000c434       0x60 CMakeFiles/firmware.dir/external/umac/external/Musashi/m68kops.c.o
 .text.m68k_op_and_16_re_ai
                0x1000c494       0x5c CMakeFiles/firmware.dir/external/umac/external/Musashi/m68kops.c.o
 .text.m68k_op_eor_16_al
                0x1000c4f0       0x58 CMakeFiles/firmware.dir/external/umac/external/Musashi/m68kops.c.o
 .text.m68k_op_eor_16_aw
                0x1000c548       0x58 CMakeFiles/firmware.dir/external/umac/external/Musashi/m68kops.c.o
 .text.m68k_op_eor_16_di
                0x1000c5a0       0x74 CMakeFiles/firmware.dir/external/umac/external/Musashi/m68kops.c.o
 .text.m68k_op_eor_16_pd
                0x1000c614       0x5c CMakeFiles/firmware.dir/external/umac/external/Musashi/m68kops.c.o
 .text.m68k_op_eor_16_pi
                0x1000c670       0x60 CMakeFiles/firmware.dir/external/umac/external/Musashi/m68kops.c.o
 .text.m68k_op_eor_16_ai
                0x1000c6d0       0x58 CMakeFiles/firmware.dir/external/umac/external/Musashi/m68kops.c.o
 .text.m68k_op_sub_16_re_al
                0x1000c728       0x7c CMakeFiles/firmware.dir/external/umac/external/Musashi/m68kops.c.o
 .text.m68k_op_sub_16_re_aw
                0x1000c7a4       0x7c CMakeFiles/firmware.dir/external/umac/external/Musashi/m68kops.c.o
 .text.m68k_op_sub_16_re_di
                0x1000c820       0x88 CMakeFiles/firmware.dir/external/umac/external/Musashi/m68kops.c.o
 .text.m68k_op_sub_16_re_pd
                0x1000c8a8       0x74 CMakeFiles/firmware.dir/external/umac/external/Musashi/m68kops.c.o
 .text.m68k_op_sub_16_re_pi
                0x1000c91c       0x78 CMakeFiles/firmware.dir/external/umac/external/Musashi/m68kops.c.o
 .text.m68k_op_sub_16_re_ai
                0x1000c994       0x70 CMakeFiles/firmware.dir/external/umac/external/Musashi/m68kops.c.o
 .text.m68k_op_or_16_re_al
                0x1000ca04       0x58 CMakeFiles/firmware.dir/external/umac/external/Musashi/m68kops.c.o
 .text.m68k_op_or_16_re_aw
                0x1000ca5c       0x58 CMakeFiles/firmware.dir/external/umac/external/Musashi/m68kops.c.o
 .text.m68k_op_or_16_re_di
                0x1000cab4       0x74 CMakeFiles/firmware.dir/external/umac/external/Musashi/m68kops.c.o
 .text.m68k_op_or_16_re_pd
                0x1000cb28       0x5c CMakeFiles/firmware.dir/external/umac/external/Musashi/m68kops.c.o
 .text.m68k_op_or_16_re_pi
                0x1000cb84       0x60 CMakeFiles/firmware.dir/external/umac/external/Musashi/m68kops.c.o
 .text.m68k_op_or_16_re_ai
                0x1000cbe4       0x58 CMakeFiles/firmware.dir/external/umac/external/Musashi/m68kops.c.o
 .text.m68k_op_subq_16_al
                0x1000cc3c       0x7c CMakeFiles/firmware.dir/external/umac/external/Musashi/m68kops.c.o
 .text.m68k_op_subq_16_aw
                0x1000ccb8       0x7c CMakeFiles/firmware.dir/external/umac/external/Musashi/m68kops.c.o
 .text.m68k_op_subq_16_di
                0x1000cd34       0x84 CMakeFiles/firmware.dir/external/umac/external/Musashi/m68kops.c.o
 .text.m68k_op_subq_16_pd
                0x1000cdb8       0x70 CMakeFiles/firmware.dir/external/umac/external/Musashi/m68kops.c.o
 .text.m68k_op_subq_16_pi
                0x1000ce28       0x74 CMakeFiles/firmware.dir/external/umac/external/Musashi/m68kops.c.o
 .text.m68k_op_subq_16_ai
                0x1000ce9c       0x6c CMakeFiles/firmware.dir/external/umac/external/Musashi/m68kops.c.o
 .text.m68k_op_addq_16_al
                0x1000cf08       0x64 CMakeFiles/firmware.dir/external/umac/external/Musashi/m68kops.c.o
 .text.m68k_op_addq_16_aw
                0x1000cf6c       0x64 CMakeFiles/firmware.dir/external/umac/external/Musashi/m68kops.c.o
 .text.m68k_op_addq_16_di
                0x1000cfd0       0x78 CMakeFiles/firmware.dir/external/umac/external/Musashi/m68kops.c.o
 .text.m68k_op_addq_16_pd
                0x1000d048       0x64 CMakeFiles/firmware.dir/external/umac/external/Musashi/m68kops.c.o
 .text.m68k_op_addq_16_pi
                0x1000d0ac       0x64 CMakeFiles/firmware.dir/external/umac/external/Musashi/m68kops.c.o
 .text.m68k_op_addq_16_ai
                0x1000d110       0x60 CMakeFiles/firmware.dir/external/umac/external/Musashi/m68kops.c.o
 .text.m68k_op_movem_16_re_al
                0x1000d170      0x218 CMakeFiles/firmware.dir/external/umac/external/Musashi/m68kops.c.o
 .text.m68k_op_movem_16_re_aw
                0x1000d388      0x218 CMakeFiles/firmware.dir/external/umac/external/Musashi/m68kops.c.o
 .text.m68k_op_movem_16_re_di
                0x1000d5a0      0x230 CMakeFiles/firmware.dir/external/umac/external/Musashi/m68kops.c.o
 .text.m68k_op_movem_16_re_pd
                0x1000d7d0      0x22c CMakeFiles/firmware.dir/external/umac/external/Musashi/m68kops.c.o
 .text.m68k_op_movem_16_re_ai
                0x1000d9fc      0x218 CMakeFiles/firmware.dir/external/umac/external/Musashi/m68kops.c.o
 .text.m68k_op_not_16_al
                0x1000dc14       0x4c CMakeFiles/firmware.dir/external/umac/external/Musashi/m68kops.c.o
 .text.m68k_op_not_16_aw
                0x1000dc60       0x4c CMakeFiles/firmware.dir/external/umac/external/Musashi/m68kops.c.o
 .text.m68k_op_not_16_di
                0x1000dcac       0x60 CMakeFiles/firmware.dir/external/umac/external/Musashi/m68kops.c.o
 .text.m68k_op_not_16_pd
                0x1000dd0c       0x50 CMakeFiles/firmware.dir/external/umac/external/Musashi/m68kops.c.o
 .text.m68k_op_not_16_pi
                0x1000dd5c       0x54 CMakeFiles/firmware.dir/external/umac/external/Musashi/m68kops.c.o
 .text.m68k_op_not_16_ai
                0x1000ddb0       0x4c CMakeFiles/firmware.dir/external/umac/external/Musashi/m68kops.c.o
 .text.m68k_op_neg_16_al
                0x1000ddfc       0x54 CMakeFiles/firmware.dir/external/umac/external/Musashi/m68kops.c.o
 .text.m68k_op_neg_16_aw
                0x1000de50       0x54 CMakeFiles/firmware.dir/external/umac/external/Musashi/m68kops.c.o
 .text.m68k_op_neg_16_di
                0x1000dea4       0x64 CMakeFiles/firmware.dir/external/umac/external/Musashi/m68kops.c.o
 .text.m68k_op_neg_16_pd
                0x1000df08       0x58 CMakeFiles/firmware.dir/external/umac/external/Musashi/m68kops.c.o
 .text.m68k_op_neg_16_pi
                0x1000df60       0x58 CMakeFiles/firmware.dir/external/umac/external/Musashi/m68kops.c.o
 .text.m68k_op_neg_16_ai
                0x1000dfb8       0x54 CMakeFiles/firmware.dir/external/umac/external/Musashi/m68kops.c.o
 .text.m68k_op_clr_16_al
                0x1000e00c       0x38 CMakeFiles/firmware.dir/external/umac/external/Musashi/m68kops.c.o
 .text.m68k_op_clr_16_pi
                0x1000e044       0x40 CMakeFiles/firmware.dir/external/umac/external/Musashi/m68kops.c.o
 .text.m68k_op_move_16_frs_al
                0x1000e084       0x98 CMakeFiles/firmware.dir/external/umac/external/Musashi/m68kops.c.o
 .text.m68k_op_move_16_frs_aw
                0x1000e11c       0x98 CMakeFiles/firmware.dir/external/umac/external/Musashi/m68kops.c.o
 .text.m68k_op_move_16_frs_di
                0x1000e1b4       0xac CMakeFiles/firmware.dir/external/umac/external/Musashi/m68kops.c.o
 .text.m68k_op_move_16_frs_pi
                0x1000e260       0xa4 CMakeFiles/firmware.dir/external/umac/external/Musashi/m68kops.c.o
 .text.m68k_op_move_16_frs_ai
                0x1000e304       0x98 CMakeFiles/firmware.dir/external/umac/external/Musashi/m68kops.c.o
 .text.m68k_op_negx_16_al
                0x1000e39c       0x64 CMakeFiles/firmware.dir/external/umac/external/Musashi/m68kops.c.o
 .text.m68k_op_negx_16_aw
                0x1000e400       0x64 CMakeFiles/firmware.dir/external/umac/external/Musashi/m68kops.c.o
 .text.m68k_op_negx_16_di
                0x1000e464       0x74 CMakeFiles/firmware.dir/external/umac/external/Musashi/m68kops.c.o
 .text.m68k_op_negx_16_pd
                0x1000e4d8       0x68 CMakeFiles/firmware.dir/external/umac/external/Musashi/m68kops.c.o
 .text.m68k_op_negx_16_pi
                0x1000e540       0x68 CMakeFiles/firmware.dir/external/umac/external/Musashi/m68kops.c.o
 .text.m68k_op_negx_16_ai
                0x1000e5a8       0x64 CMakeFiles/firmware.dir/external/umac/external/Musashi/m68kops.c.o
 .text.m68k_op_move_16_al_i
                0x1000e60c       0x4c CMakeFiles/firmware.dir/external/umac/external/Musashi/m68kops.c.o
 .text.m68k_op_move_16_al_a
                0x1000e658       0x50 CMakeFiles/firmware.dir/external/umac/external/Musashi/m68kops.c.o
 .text.m68k_op_move_16_al_d
                0x1000e6a8       0x4c CMakeFiles/firmware.dir/external/umac/external/Musashi/m68kops.c.o
 .text.m68k_op_move_16_aw_i
                0x1000e6f4       0x50 CMakeFiles/firmware.dir/external/umac/external/Musashi/m68kops.c.o
 .text.m68k_op_move_16_aw_a
                0x1000e744       0x54 CMakeFiles/firmware.dir/external/umac/external/Musashi/m68kops.c.o
 .text.m68k_op_move_16_aw_d
                0x1000e798       0x50 CMakeFiles/firmware.dir/external/umac/external/Musashi/m68kops.c.o
 .text.m68k_op_move_16_di_a
                0x1000e7e8       0x68 CMakeFiles/firmware.dir/external/umac/external/Musashi/m68kops.c.o
 .text.m68k_op_move_16_pd_a
                0x1000e850       0x54 CMakeFiles/firmware.dir/external/umac/external/Musashi/m68kops.c.o
 .text.m68k_op_move_16_pi_a
                0x1000e8a4       0x54 CMakeFiles/firmware.dir/external/umac/external/Musashi/m68kops.c.o
 .text.m68k_op_move_16_ai_i
                0x1000e8f8       0x50 CMakeFiles/firmware.dir/external/umac/external/Musashi/m68kops.c.o
 .text.m68k_op_move_16_ai_a
                0x1000e948       0x50 CMakeFiles/firmware.dir/external/umac/external/Musashi/m68kops.c.o
 .text.m68k_op_move_32_pd_pcdi
                0x1000e998       0x68 CMakeFiles/firmware.dir/external/umac/external/Musashi/m68kops.c.o
 .text.m68k_op_move_32_pd_al
                0x1000ea00       0x64 CMakeFiles/firmware.dir/external/umac/external/Musashi/m68kops.c.o
 .text.m68k_op_eori_16_al
                0x1000ea64       0x58 CMakeFiles/firmware.dir/external/umac/external/Musashi/m68kops.c.o
 .text.m68k_op_eori_16_aw
                0x1000eabc       0x58 CMakeFiles/firmware.dir/external/umac/external/Musashi/m68kops.c.o
 .text.m68k_op_eori_16_di
                0x1000eb14       0x74 CMakeFiles/firmware.dir/external/umac/external/Musashi/m68kops.c.o
 .text.m68k_op_eori_16_pd
                0x1000eb88       0x5c CMakeFiles/firmware.dir/external/umac/external/Musashi/m68kops.c.o
 .text.m68k_op_eori_16_pi
                0x1000ebe4       0x60 CMakeFiles/firmware.dir/external/umac/external/Musashi/m68kops.c.o
 .text.m68k_op_eori_16_ai
                0x1000ec44       0x58 CMakeFiles/firmware.dir/external/umac/external/Musashi/m68kops.c.o
 .text.m68k_op_addi_16_al
                0x1000ec9c       0x68 CMakeFiles/firmware.dir/external/umac/external/Musashi/m68kops.c.o
 .text.m68k_op_addi_16_aw
                0x1000ed04       0x68 CMakeFiles/firmware.dir/external/umac/external/Musashi/m68kops.c.o
 .text.m68k_op_addi_16_di
                0x1000ed6c       0x84 CMakeFiles/firmware.dir/external/umac/external/Musashi/m68kops.c.o
 .text.m68k_op_addi_16_pd
                0x1000edf0       0x6c CMakeFiles/firmware.dir/external/umac/external/Musashi/m68kops.c.o
 .text.m68k_op_addi_16_pi
                0x1000ee5c       0x6c CMakeFiles/firmware.dir/external/umac/external/Musashi/m68kops.c.o
 .text.m68k_op_addi_16_ai
                0x1000eec8       0x68 CMakeFiles/firmware.dir/external/umac/external/Musashi/m68kops.c.o
 .text.m68k_op_subi_16_al
                0x1000ef30       0x80 CMakeFiles/firmware.dir/external/umac/external/Musashi/m68kops.c.o
 .text.m68k_op_subi_16_aw
                0x1000efb0       0x80 CMakeFiles/firmware.dir/external/umac/external/Musashi/m68kops.c.o
 .text.m68k_op_subi_16_di
                0x1000f030       0x88 CMakeFiles/firmware.dir/external/umac/external/Musashi/m68kops.c.o
 .text.m68k_op_subi_16_pd
                0x1000f0b8       0x84 CMakeFiles/firmware.dir/external/umac/external/Musashi/m68kops.c.o
 .text.m68k_op_subi_16_pi
                0x1000f13c       0x84 CMakeFiles/firmware.dir/external/umac/external/Musashi/m68kops.c.o
 .text.m68k_op_subi_16_ai
                0x1000f1c0       0x80 CMakeFiles/firmware.dir/external/umac/external/Musashi/m68kops.c.o
 .text.m68k_op_andi_16_al
                0x1000f240       0x5c CMakeFiles/firmware.dir/external/umac/external/Musashi/m68kops.c.o
 .text.m68k_op_andi_16_aw
                0x1000f29c       0x5c CMakeFiles/firmware.dir/external/umac/external/Musashi/m68kops.c.o
 .text.m68k_op_andi_16_di
                0x1000f2f8       0x74 CMakeFiles/firmware.dir/external/umac/external/Musashi/m68kops.c.o
 .text.m68k_op_andi_16_pd
                0x1000f36c       0x60 CMakeFiles/firmware.dir/external/umac/external/Musashi/m68kops.c.o
 .text.m68k_op_andi_16_pi
                0x1000f3cc       0x60 CMakeFiles/firmware.dir/external/umac/external/Musashi/m68kops.c.o
 .text.m68k_op_andi_16_ai
                0x1000f42c       0x5c CMakeFiles/firmware.dir/external/umac/external/Musashi/m68kops.c.o
 .text.m68k_op_ori_16_al
                0x1000f488       0x5c CMakeFiles/firmware.dir/external/umac/external/Musashi/m68kops.c.o
 .text.m68k_op_ori_16_aw
                0x1000f4e4       0x5c CMakeFiles/firmware.dir/external/umac/external/Musashi/m68kops.c.o
 .text.m68k_op_ori_16_di
                0x1000f540       0x78 CMakeFiles/firmware.dir/external/umac/external/Musashi/m68kops.c.o
 .text.m68k_op_ori_16_pd
                0x1000f5b8       0x60 CMakeFiles/firmware.dir/external/umac/external/Musashi/m68kops.c.o
 .text.m68k_op_ori_16_pi
                0x1000f618       0x64 CMakeFiles/firmware.dir/external/umac/external/Musashi/m68kops.c.o
 .text.m68k_op_ori_16_ai
                0x1000f67c       0x5c CMakeFiles/firmware.dir/external/umac/external/Musashi/m68kops.c.o
 .text.m68k_op_add_8_er_pd7
                0x1000f6d8       0x58 CMakeFiles/firmware.dir/external/umac/external/Musashi/m68kops.c.o
 .text.m68k_op_and_8_er_pd7
                0x1000f730       0x4c CMakeFiles/firmware.dir/external/umac/external/Musashi/m68kops.c.o
 .text.m68k_op_cmp_8_pd7
                0x1000f77c       0x4c CMakeFiles/firmware.dir/external/umac/external/Musashi/m68kops.c.o
 .text.m68k_op_sub_8_er_pd7
                0x1000f7c8       0x5c CMakeFiles/firmware.dir/external/umac/external/Musashi/m68kops.c.o
 .text.m68k_op_or_8_er_pd7
                0x1000f824       0x44 CMakeFiles/firmware.dir/external/umac/external/Musashi/m68kops.c.o
 .text.m68k_op_tst_8_pd7
                0x1000f868       0x30 CMakeFiles/firmware.dir/external/umac/external/Musashi/m68kops.c.o
 .text.m68k_op_move_8_d_pd7
                0x1000f898       0x48 CMakeFiles/firmware.dir/external/umac/external/Musashi/m68kops.c.o
 .text.m68k_op_cmpi_8_pd7
                0x1000f8e0       0x4c CMakeFiles/firmware.dir/external/umac/external/Musashi/m68kops.c.o
 .text.m68k_op_btst_8_s_pd7
                0x1000f92c       0x3c CMakeFiles/firmware.dir/external/umac/external/Musashi/m68kops.c.o
 .text.m68k_op_btst_8_r_pd7
                0x1000f968       0x38 CMakeFiles/firmware.dir/external/umac/external/Musashi/m68kops.c.o
 .text.m68k_op_add_8_er_pi7
                0x1000f9a0       0x58 CMakeFiles/firmware.dir/external/umac/external/Musashi/m68kops.c.o
 .text.m68k_op_and_8_er_pi7
                0x1000f9f8       0x4c CMakeFiles/firmware.dir/external/umac/external/Musashi/m68kops.c.o
 .text.m68k_op_cmpm_8_axy7
                0x1000fa44       0x50 CMakeFiles/firmware.dir/external/umac/external/Musashi/m68kops.c.o
 .text.m68k_op_cmp_8_pi7
                0x1000fa94       0x4c CMakeFiles/firmware.dir/external/umac/external/Musashi/m68kops.c.o
 .text.m68k_op_sub_8_er_pi7
                0x1000fae0       0x5c CMakeFiles/firmware.dir/external/umac/external/Musashi/m68kops.c.o
 .text.m68k_op_or_8_er_pi7
                0x1000fb3c       0x44 CMakeFiles/firmware.dir/external/umac/external/Musashi/m68kops.c.o
 .text.m68k_op_cmpi_8_pi7
                0x1000fb80       0x4c CMakeFiles/firmware.dir/external/umac/external/Musashi/m68kops.c.o
 .text.m68k_op_btst_8_s_pi7
                0x1000fbcc       0x3c CMakeFiles/firmware.dir/external/umac/external/Musashi/m68kops.c.o
 .text.m68k_op_btst_8_r_pi7
                0x1000fc08       0x38 CMakeFiles/firmware.dir/external/umac/external/Musashi/m68kops.c.o
 .text.m68k_op_cmpm_8_ay7
                0x1000fc40       0x60 CMakeFiles/firmware.dir/external/umac/external/Musashi/m68kops.c.o
 .text.m68k_op_movep_32_er
                0x1000fca0       0x84 CMakeFiles/firmware.dir/external/umac/external/Musashi/m68kops.c.o
 .text.m68k_op_movep_16_er
                0x1000fd24       0x74 CMakeFiles/firmware.dir/external/umac/external/Musashi/m68kops.c.o
 .text.m68k_op_addx_8_mm_axy7
                0x1000fd98       0x64 CMakeFiles/firmware.dir/external/umac/external/Musashi/m68kops.c.o
 .text.m68k_op_add_8_re_al
                0x1000fdfc       0x60 CMakeFiles/firmware.dir/external/umac/external/Musashi/m68kops.c.o
 .text.m68k_op_add_8_re_aw
                0x1000fe5c       0x60 CMakeFiles/firmware.dir/external/umac/external/Musashi/m68kops.c.o
 .text.m68k_op_add_8_re_di
                0x1000febc       0x78 CMakeFiles/firmware.dir/external/umac/external/Musashi/m68kops.c.o
 .text.m68k_op_add_8_re_pd7
                0x1000ff34       0x54 CMakeFiles/firmware.dir/external/umac/external/Musashi/m68kops.c.o
 .text.m68k_op_add_8_re_pd
                0x1000ff88       0x64 CMakeFiles/firmware.dir/external/umac/external/Musashi/m68kops.c.o
 .text.m68k_op_add_8_re_pi7
                0x1000ffec       0x54 CMakeFiles/firmware.dir/external/umac/external/Musashi/m68kops.c.o
 .text.m68k_op_add_8_re_pi
                0x10010040       0x64 CMakeFiles/firmware.dir/external/umac/external/Musashi/m68kops.c.o
 .text.m68k_op_add_8_re_ai
                0x100100a4       0x60 CMakeFiles/firmware.dir/external/umac/external/Musashi/m68kops.c.o
 .text.m68k_op_addx_8_mm_ay7
                0x10010104       0x74 CMakeFiles/firmware.dir/external/umac/external/Musashi/m68kops.c.o
 .text.m68k_op_abcd_8_mm_axy7
                0x10010178       0x90 CMakeFiles/firmware.dir/external/umac/external/Musashi/m68kops.c.o
 .text.m68k_op_and_8_re_al
                0x10010208       0x58 CMakeFiles/firmware.dir/external/umac/external/Musashi/m68kops.c.o
 .text.m68k_op_and_8_re_aw
                0x10010260       0x58 CMakeFiles/firmware.dir/external/umac/external/Musashi/m68kops.c.o
 .text.m68k_op_and_8_re_di
                0x100102b8       0x74 CMakeFiles/firmware.dir/external/umac/external/Musashi/m68kops.c.o
 .text.m68k_op_and_8_re_pd7
                0x1001032c       0x50 CMakeFiles/firmware.dir/external/umac/external/Musashi/m68kops.c.o
 .text.m68k_op_and_8_re_pd
                0x1001037c       0x5c CMakeFiles/firmware.dir/external/umac/external/Musashi/m68kops.c.o
 .text.m68k_op_and_8_re_pi7
                0x100103d8       0x50 CMakeFiles/firmware.dir/external/umac/external/Musashi/m68kops.c.o
 .text.m68k_op_and_8_re_pi
                0x10010428       0x60 CMakeFiles/firmware.dir/external/umac/external/Musashi/m68kops.c.o
 .text.m68k_op_and_8_re_ai
                0x10010488       0x58 CMakeFiles/firmware.dir/external/umac/external/Musashi/m68kops.c.o
 .text.m68k_op_abcd_8_mm_ay7
                0x100104e0       0x9c CMakeFiles/firmware.dir/external/umac/external/Musashi/m68kops.c.o
 .text.m68k_op_eor_8_al
                0x1001057c       0x58 CMakeFiles/firmware.dir/external/umac/external/Musashi/m68kops.c.o
 .text.m68k_op_eor_8_aw
                0x100105d4       0x58 CMakeFiles/firmware.dir/external/umac/external/Musashi/m68kops.c.o
 .text.m68k_op_eor_8_di
                0x1001062c       0x70 CMakeFiles/firmware.dir/external/umac/external/Musashi/m68kops.c.o
 .text.m68k_op_eor_8_pd7
                0x1001069c       0x4c CMakeFiles/firmware.dir/external/umac/external/Musashi/m68kops.c.o
 .text.m68k_op_eor_8_pd
                0x100106e8       0x5c CMakeFiles/firmware.dir/external/umac/external/Musashi/m68kops.c.o
 .text.m68k_op_eor_8_pi7
                0x10010744       0x4c CMakeFiles/firmware.dir/external/umac/external/Musashi/m68kops.c.o
 .text.m68k_op_eor_8_pi
                0x10010790       0x5c CMakeFiles/firmware.dir/external/umac/external/Musashi/m68kops.c.o
 .text.m68k_op_eor_8_ai
                0x100107ec       0x58 CMakeFiles/firmware.dir/external/umac/external/Musashi/m68kops.c.o
 .text.m68k_op_subx_8_mm_axy7
                0x10010844       0x68 CMakeFiles/firmware.dir/external/umac/external/Musashi/m68kops.c.o
 .text.m68k_op_sub_8_re_al
                0x100108ac       0x5c CMakeFiles/firmware.dir/external/umac/external/Musashi/m68kops.c.o
 .text.m68k_op_sub_8_re_aw
                0x10010908       0x5c CMakeFiles/firmware.dir/external/umac/external/Musashi/m68kops.c.o
 .text.m68k_op_sub_8_re_di
                0x10010964       0x78 CMakeFiles/firmware.dir/external/umac/external/Musashi/m68kops.c.o
 .text.m68k_op_sub_8_re_pd7
                0x100109dc       0x54 CMakeFiles/firmware.dir/external/umac/external/Musashi/m68kops.c.o
 .text.m68k_op_sub_8_re_pd
                0x10010a30       0x60 CMakeFiles/firmware.dir/external/umac/external/Musashi/m68kops.c.o
 .text.m68k_op_sub_8_re_pi7
                0x10010a90       0x54 CMakeFiles/firmware.dir/external/umac/external/Musashi/m68kops.c.o
 .text.m68k_op_sub_8_re_pi
                0x10010ae4       0x64 CMakeFiles/firmware.dir/external/umac/external/Musashi/m68kops.c.o
 .text.m68k_op_sub_8_re_ai
                0x10010b48       0x5c CMakeFiles/firmware.dir/external/umac/external/Musashi/m68kops.c.o
 .text.m68k_op_subx_8_mm_ay7
                0x10010ba4       0x78 CMakeFiles/firmware.dir/external/umac/external/Musashi/m68kops.c.o
 .text.m68k_op_sbcd_8_mm_axy7
                0x10010c1c       0x94 CMakeFiles/firmware.dir/external/umac/external/Musashi/m68kops.c.o
 .text.m68k_op_or_8_re_al
                0x10010cb0       0x58 CMakeFiles/firmware.dir/external/umac/external/Musashi/m68kops.c.o
 .text.m68k_op_or_8_re_aw
                0x10010d08       0x58 CMakeFiles/firmware.dir/external/umac/external/Musashi/m68kops.c.o
 .text.m68k_op_or_8_re_di
                0x10010d60       0x70 CMakeFiles/firmware.dir/external/umac/external/Musashi/m68kops.c.o
 .text.m68k_op_or_8_re_pd7
                0x10010dd0       0x4c CMakeFiles/firmware.dir/external/umac/external/Musashi/m68kops.c.o
 .text.m68k_op_or_8_re_pd
                0x10010e1c       0x5c CMakeFiles/firmware.dir/external/umac/external/Musashi/m68kops.c.o
 .text.m68k_op_or_8_re_pi7
                0x10010e78       0x4c CMakeFiles/firmware.dir/external/umac/external/Musashi/m68kops.c.o
 .text.m68k_op_or_8_re_pi
                0x10010ec4       0x5c CMakeFiles/firmware.dir/external/umac/external/Musashi/m68kops.c.o
 .text.m68k_op_or_8_re_ai
                0x10010f20       0x58 CMakeFiles/firmware.dir/external/umac/external/Musashi/m68kops.c.o
 .text.m68k_op_sbcd_8_mm_ay7
                0x10010f78       0xa0 CMakeFiles/firmware.dir/external/umac/external/Musashi/m68kops.c.o
 .text.m68k_op_sbcd_8_mm
                0x10011018       0xb4 CMakeFiles/firmware.dir/external/umac/external/Musashi/m68kops.c.o
 .text.m68k_op_sle_8_al
                0x100110cc       0x4c CMakeFiles/firmware.dir/external/umac/external/Musashi/m68kops.c.o
 .text.m68k_op_sle_8_aw
                0x10011118       0x50 CMakeFiles/firmware.dir/external/umac/external/Musashi/m68kops.c.o
 .text.m68k_op_sle_8_di
                0x10011168       0x60 CMakeFiles/firmware.dir/external/umac/external/Musashi/m68kops.c.o
 .text.m68k_op_sle_8_pd7
                0x100111c8       0x44 CMakeFiles/firmware.dir/external/umac/external/Musashi/m68kops.c.o
 .text.m68k_op_sle_8_pd
                0x1001120c       0x54 CMakeFiles/firmware.dir/external/umac/external/Musashi/m68kops.c.o
 .text.m68k_op_sle_8_pi7
                0x10011260       0x48 CMakeFiles/firmware.dir/external/umac/external/Musashi/m68kops.c.o
 .text.m68k_op_sle_8_pi
                0x100112a8       0x58 CMakeFiles/firmware.dir/external/umac/external/Musashi/m68kops.c.o
 .text.m68k_op_sle_8_ai
                0x10011300       0x50 CMakeFiles/firmware.dir/external/umac/external/Musashi/m68kops.c.o
 .text.m68k_op_sgt_8_al
                0x10011350       0x4c CMakeFiles/firmware.dir/external/umac/external/Musashi/m68kops.c.o
 .text.m68k_op_sgt_8_aw
                0x1001139c       0x50 CMakeFiles/firmware.dir/external/umac/external/Musashi/m68kops.c.o
 .text.m68k_op_sgt_8_di
                0x100113ec       0x60 CMakeFiles/firmware.dir/external/umac/external/Musashi/m68kops.c.o
 .text.m68k_op_sgt_8_pd7
                0x1001144c       0x40 CMakeFiles/firmware.dir/external/umac/external/Musashi/m68kops.c.o
 .text.m68k_op_sgt_8_pd
                0x1001148c       0x50 CMakeFiles/firmware.dir/external/umac/external/Musashi/m68kops.c.o
 .text.m68k_op_sgt_8_pi7
                0x100114dc       0x44 CMakeFiles/firmware.dir/external/umac/external/Musashi/m68kops.c.o
 .text.m68k_op_sgt_8_pi
                0x10011520       0x54 CMakeFiles/firmware.dir/external/umac/external/Musashi/m68kops.c.o
 .text.m68k_op_sgt_8_ai
                0x10011574       0x50 CMakeFiles/firmware.dir/external/umac/external/Musashi/m68kops.c.o
 .text.m68k_op_slt_8_al
                0x100115c4       0x44 CMakeFiles/firmware.dir/external/umac/external/Musashi/m68kops.c.o
 .text.m68k_op_slt_8_aw
                0x10011608       0x44 CMakeFiles/firmware.dir/external/umac/external/Musashi/m68kops.c.o
 .text.m68k_op_slt_8_di
                0x1001164c       0x58 CMakeFiles/firmware.dir/external/umac/external/Musashi/m68kops.c.o
 .text.m68k_op_slt_8_pd7
                0x100116a4       0x3c CMakeFiles/firmware.dir/external/umac/external/Musashi/m68kops.c.o
 .text.m68k_op_slt_8_pd
                0x100116e0       0x4c CMakeFiles/firmware.dir/external/umac/external/Musashi/m68kops.c.o
 .text.m68k_op_slt_8_pi7
                0x1001172c       0x3c CMakeFiles/firmware.dir/external/umac/external/Musashi/m68kops.c.o
 .text.m68k_op_slt_8_pi
                0x10011768       0x4c CMakeFiles/firmware.dir/external/umac/external/Musashi/m68kops.c.o
 .text.m68k_op_slt_8_ai
                0x100117b4       0x44 CMakeFiles/firmware.dir/external/umac/external/Musashi/m68kops.c.o
 .text.m68k_op_sge_8_al
                0x100117f8       0x3c CMakeFiles/firmware.dir/external/umac/external/Musashi/m68kops.c.o
 .text.m68k_op_sge_8_aw
                0x10011834       0x3c CMakeFiles/firmware.dir/external/umac/external/Musashi/m68kops.c.o
 .text.m68k_op_sge_8_di
                0x10011870       0x50 CMakeFiles/firmware.dir/external/umac/external/Musashi/m68kops.c.o
 .text.m68k_op_sge_8_pd7
                0x100118c0       0x34 CMakeFiles/firmware.dir/external/umac/external/Musashi/m68kops.c.o
 .text.m68k_op_sge_8_pd
                0x100118f4       0x40 CMakeFiles/firmware.dir/external/umac/external/Musashi/m68kops.c.o
 .text.m68k_op_sge_8_pi7
                0x10011934       0x34 CMakeFiles/firmware.dir/external/umac/external/Musashi/m68kops.c.o
 .text.m68k_op_sge_8_pi
                0x10011968       0x44 CMakeFiles/firmware.dir/external/umac/external/Musashi/m68kops.c.o
 .text.m68k_op_sge_8_ai
                0x100119ac       0x3c CMakeFiles/firmware.dir/external/umac/external/Musashi/m68kops.c.o
 .text.m68k_op_smi_8_al
                0x100119e8       0x3c CMakeFiles/firmware.dir/external/umac/external/Musashi/m68kops.c.o
 .text.m68k_op_smi_8_aw
                0x10011a24       0x3c CMakeFiles/firmware.dir/external/umac/external/Musashi/m68kops.c.o
 .text.m68k_op_smi_8_di
                0x10011a60       0x50 CMakeFiles/firmware.dir/external/umac/external/Musashi/m68kops.c.o
 .text.m68k_op_smi_8_pd7
                0x10011ab0       0x34 CMakeFiles/firmware.dir/external/umac/external/Musashi/m68kops.c.o
 .text.m68k_op_smi_8_pd
                0x10011ae4       0x40 CMakeFiles/firmware.dir/external/umac/external/Musashi/m68kops.c.o
 .text.m68k_op_smi_8_pi7
                0x10011b24       0x34 CMakeFiles/firmware.dir/external/umac/external/Musashi/m68kops.c.o
 .text.m68k_op_smi_8_pi
                0x10011b58       0x44 CMakeFiles/firmware.dir/external/umac/external/Musashi/m68kops.c.o
 .text.m68k_op_smi_8_ai
                0x10011b9c       0x3c CMakeFiles/firmware.dir/external/umac/external/Musashi/m68kops.c.o
 .text.m68k_op_spl_8_al
                0x10011bd8       0x34 CMakeFiles/firmware.dir/external/umac/external/Musashi/m68kops.c.o
 .text.m68k_op_spl_8_aw
                0x10011c0c       0x38 CMakeFiles/firmware.dir/external/umac/external/Musashi/m68kops.c.o
 .text.m68k_op_spl_8_di
                0x10011c44       0x48 CMakeFiles/firmware.dir/external/umac/external/Musashi/m68kops.c.o
 .text.m68k_op_spl_8_pd7
                0x10011c8c       0x2c CMakeFiles/firmware.dir/external/umac/external/Musashi/m68kops.c.o
 .text.m68k_op_spl_8_pd
                0x10011cb8       0x34 CMakeFiles/firmware.dir/external/umac/external/Musashi/m68kops.c.o
 .text.m68k_op_spl_8_pi7
                0x10011cec       0x2c CMakeFiles/firmware.dir/external/umac/external/Musashi/m68kops.c.o
 .text.m68k_op_spl_8_pi
                0x10011d18       0x40 CMakeFiles/firmware.dir/external/umac/external/Musashi/m68kops.c.o
 .text.m68k_op_spl_8_ai
                0x10011d58       0x34 CMakeFiles/firmware.dir/external/umac/external/Musashi/m68kops.c.o
 .text.m68k_op_svs_8_al
                0x10011d8c       0x3c CMakeFiles/firmware.dir/external/umac/external/Musashi/m68kops.c.o
 .text.m68k_op_svs_8_aw
                0x10011dc8       0x3c CMakeFiles/firmware.dir/external/umac/external/Musashi/m68kops.c.o
 .text.m68k_op_svs_8_di
                0x10011e04       0x50 CMakeFiles/firmware.dir/external/umac/external/Musashi/m68kops.c.o
 .text.m68k_op_svs_8_pd7
                0x10011e54       0x34 CMakeFiles/firmware.dir/external/umac/external/Musashi/m68kops.c.o
 .text.m68k_op_svs_8_pd
                0x10011e88       0x40 CMakeFiles/firmware.dir/external/umac/external/Musashi/m68kops.c.o
 .text.m68k_op_svs_8_pi7
                0x10011ec8       0x34 CMakeFiles/firmware.dir/external/umac/external/Musashi/m68kops.c.o
 .text.m68k_op_svs_8_pi
                0x10011efc       0x44 CMakeFiles/firmware.dir/external/umac/external/Musashi/m68kops.c.o
 .text.m68k_op_svs_8_ai
                0x10011f40       0x3c CMakeFiles/firmware.dir/external/umac/external/Musashi/m68kops.c.o
 .text.m68k_op_svc_8_al
                0x10011f7c       0x34 CMakeFiles/firmware.dir/external/umac/external/Musashi/m68kops.c.o
 .text.m68k_op_svc_8_aw
                0x10011fb0       0x38 CMakeFiles/firmware.dir/external/umac/external/Musashi/m68kops.c.o
 .text.m68k_op_svc_8_di
                0x10011fe8       0x48 CMakeFiles/firmware.dir/external/umac/external/Musashi/m68kops.c.o
 .text.m68k_op_svc_8_pd7
                0x10012030       0x2c CMakeFiles/firmware.dir/external/umac/external/Musashi/m68kops.c.o
 .text.m68k_op_svc_8_pd
                0x1001205c       0x34 CMakeFiles/firmware.dir/external/umac/external/Musashi/m68kops.c.o
 .text.m68k_op_svc_8_pi7
                0x10012090       0x2c CMakeFiles/firmware.dir/external/umac/external/Musashi/m68kops.c.o
 .text.m68k_op_svc_8_pi
                0x100120bc       0x40 CMakeFiles/firmware.dir/external/umac/external/Musashi/m68kops.c.o
 .text.m68k_op_svc_8_ai
                0x100120fc       0x34 CMakeFiles/firmware.dir/external/umac/external/Musashi/m68kops.c.o
 .text.m68k_op_seq_8_al
                0x10012130       0x38 CMakeFiles/firmware.dir/external/umac/external/Musashi/m68kops.c.o
 .text.m68k_op_seq_8_aw
                0x10012168       0x38 CMakeFiles/firmware.dir/external/umac/external/Musashi/m68kops.c.o
 .text.m68k_op_seq_8_di
                0x100121a0       0x4c CMakeFiles/firmware.dir/external/umac/external/Musashi/m68kops.c.o
 .text.m68k_op_seq_8_pd7
                0x100121ec       0x2c CMakeFiles/firmware.dir/external/umac/external/Musashi/m68kops.c.o
 .text.m68k_op_seq_8_pd
                0x10012218       0x38 CMakeFiles/firmware.dir/external/umac/external/Musashi/m68kops.c.o
 .text.m68k_op_seq_8_pi7
                0x10012250       0x2c CMakeFiles/firmware.dir/external/umac/external/Musashi/m68kops.c.o
 .text.m68k_op_seq_8_pi
                0x1001227c       0x40 CMakeFiles/firmware.dir/external/umac/external/Musashi/m68kops.c.o
 .text.m68k_op_seq_8_ai
                0x100122bc       0x38 CMakeFiles/firmware.dir/external/umac/external/Musashi/m68kops.c.o
 .text.m68k_op_sne_8_al
                0x100122f4       0x34 CMakeFiles/firmware.dir/external/umac/external/Musashi/m68kops.c.o
 .text.m68k_op_sne_8_aw
                0x10012328       0x38 CMakeFiles/firmware.dir/external/umac/external/Musashi/m68kops.c.o
 .text.m68k_op_sne_8_di
                0x10012360       0x48 CMakeFiles/firmware.dir/external/umac/external/Musashi/m68kops.c.o
 .text.m68k_op_sne_8_pd7
                0x100123a8       0x28 CMakeFiles/firmware.dir/external/umac/external/Musashi/m68kops.c.o
 .text.m68k_op_sne_8_pd
                0x100123d0       0x34 CMakeFiles/firmware.dir/external/umac/external/Musashi/m68kops.c.o
 .text.m68k_op_sne_8_pi7
                0x10012404       0x28 CMakeFiles/firmware.dir/external/umac/external/Musashi/m68kops.c.o
 .text.m68k_op_sne_8_pi
                0x1001242c       0x3c CMakeFiles/firmware.dir/external/umac/external/Musashi/m68kops.c.o
 .text.m68k_op_sne_8_ai
                0x10012468       0x34 CMakeFiles/firmware.dir/external/umac/external/Musashi/m68kops.c.o
 .text.m68k_op_scs_8_al
                0x1001249c       0x3c CMakeFiles/firmware.dir/external/umac/external/Musashi/m68kops.c.o
 .text.m68k_op_scs_8_aw
                0x100124d8       0x3c CMakeFiles/firmware.dir/external/umac/external/Musashi/m68kops.c.o
 .text.m68k_op_scs_8_di
                0x10012514       0x50 CMakeFiles/firmware.dir/external/umac/external/Musashi/m68kops.c.o
 .text.m68k_op_scs_8_pd7
                0x10012564       0x38 CMakeFiles/firmware.dir/external/umac/external/Musashi/m68kops.c.o
 .text.m68k_op_scs_8_pd
                0x1001259c       0x40 CMakeFiles/firmware.dir/external/umac/external/Musashi/m68kops.c.o
 .text.m68k_op_scs_8_pi7
                0x100125dc       0x38 CMakeFiles/firmware.dir/external/umac/external/Musashi/m68kops.c.o
 .text.m68k_op_scs_8_pi
                0x10012614       0x44 CMakeFiles/firmware.dir/external/umac/external/Musashi/m68kops.c.o
 .text.m68k_op_scs_8_ai
                0x10012658       0x3c CMakeFiles/firmware.dir/external/umac/external/Musashi/m68kops.c.o
 .text.m68k_op_scc_8_al
                0x10012694       0x34 CMakeFiles/firmware.dir/external/umac/external/Musashi/m68kops.c.o
 .text.m68k_op_scc_8_aw
                0x100126c8       0x38 CMakeFiles/firmware.dir/external/umac/external/Musashi/m68kops.c.o
 .text.m68k_op_scc_8_di
                0x10012700       0x48 CMakeFiles/firmware.dir/external/umac/external/Musashi/m68kops.c.o
 .text.m68k_op_scc_8_pd7
                0x10012748       0x2c CMakeFiles/firmware.dir/external/umac/external/Musashi/m68kops.c.o
 .text.m68k_op_scc_8_pd
                0x10012774       0x34 CMakeFiles/firmware.dir/external/umac/external/Musashi/m68kops.c.o
 .text.m68k_op_scc_8_pi7
                0x100127a8       0x2c CMakeFiles/firmware.dir/external/umac/external/Musashi/m68kops.c.o
 .text.m68k_op_scc_8_pi
                0x100127d4       0x40 CMakeFiles/firmware.dir/external/umac/external/Musashi/m68kops.c.o
 .text.m68k_op_scc_8_ai
                0x10012814       0x34 CMakeFiles/firmware.dir/external/umac/external/Musashi/m68kops.c.o
 .text.m68k_op_sls_8_al
                0x10012848       0x44 CMakeFiles/firmware.dir/external/umac/external/Musashi/m68kops.c.o
 .text.m68k_op_sls_8_aw
                0x1001288c       0x44 CMakeFiles/firmware.dir/external/umac/external/Musashi/m68kops.c.o
 .text.m68k_op_sls_8_di
                0x100128d0       0x58 CMakeFiles/firmware.dir/external/umac/external/Musashi/m68kops.c.o
 .text.m68k_op_sls_8_pd7
                0x10012928       0x40 CMakeFiles/firmware.dir/external/umac/external/Musashi/m68kops.c.o
 .text.m68k_op_sls_8_pd
                0x10012968       0x4c CMakeFiles/firmware.dir/external/umac/external/Musashi/m68kops.c.o
 .text.m68k_op_sls_8_pi7
                0x100129b4       0x40 CMakeFiles/firmware.dir/external/umac/external/Musashi/m68kops.c.o
 .text.m68k_op_sls_8_pi
                0x100129f4       0x4c CMakeFiles/firmware.dir/external/umac/external/Musashi/m68kops.c.o
 .text.m68k_op_sls_8_ai
                0x10012a40       0x44 CMakeFiles/firmware.dir/external/umac/external/Musashi/m68kops.c.o
 .text.m68k_op_shi_8_al
                0x10012a84       0x44 CMakeFiles/firmware.dir/external/umac/external/Musashi/m68kops.c.o
 .text.m68k_op_shi_8_aw
                0x10012ac8       0x48 CMakeFiles/firmware.dir/external/umac/external/Musashi/m68kops.c.o
 .text.m68k_op_shi_8_di
                0x10012b10       0x58 CMakeFiles/firmware.dir/external/umac/external/Musashi/m68kops.c.o
 .text.m68k_op_shi_8_pd7
                0x10012b68       0x38 CMakeFiles/firmware.dir/external/umac/external/Musashi/m68kops.c.o