Archive member included to satisfy reference by file (symbol)

/Applications/ArmGNUToolchain/15.2.rel1/arm-none-eabi/bin/../lib/gcc/arm-none-eabi/15.2.1/thumb/v6-m/nofp/libgcc.a(_dvmd_tls.o)
                              CMakeFiles/firmware.dir/Users/johnthereaver/Programming/pico-sdk/src/rp2_common/pico_divider/divider_hardware.S.o (__aeabi_idiv0)
/Applications/ArmGNUToolchain/15.2.rel1/arm-none-eabi/bin/../lib/gcc/arm-none-eabi/15.2.1/../../../../arm-none-eabi/lib/thumb/v6-m/nofp/libg.a(libc_a-calloc.o)
                              CMakeFiles/firmware.dir/Users/johnthereaver/Programming/pico-sdk/src/rp2_common/pico_malloc/malloc.c.o (calloc)
/Applications/ArmGNUToolchain/15.2.rel1/arm-none-eabi/bin/../lib/gcc/arm-none-eabi/15.2.1/../../../../arm-none-eabi/lib/thumb/v6-m/nofp/libg.a(libc_a-callocr.o)
                              /Applications/ArmGNUToolchain/15.2.rel1/arm-none-eabi/bin/../lib/gcc/arm-none-eabi/15.2.1/../../../../arm-none-eabi/lib/thumb/v6-m/nofp/libg.a(libc_a-calloc.o) (_calloc_r)
/Applications/ArmGNUToolchain/15.2.rel1/arm-none-eabi/bin/../lib/gcc/arm-none-eabi/15.2.1/../../../../arm-none-eabi/lib/thumb/v6-m/nofp/libg.a(libc_a-malloc.o)
                              CMakeFiles/firmware.dir/Users/johnthereaver/Programming/pico-sdk/src/rp2_common/pico_malloc/malloc.c.o (malloc)
/Applications/ArmGNUToolchain/15.2.rel1/arm-none-eabi/bin/../lib/gcc/arm-none-eabi/15.2.1/../../../../arm-none-eabi/lib/thumb/v6-m/nofp/libg.a(libc_a-mallocr.o)
                              /Applications/ArmGNUToolchain/15.2.rel1/arm-none-eabi/bin/../lib/gcc/arm-none-eabi/15.2.1/../../../../arm-none-eabi/lib/thumb/v6-m/nofp/libg.a(libc_a-callocr.o) (_malloc_r)
/Applications/ArmGNUToolchain/15.2.rel1/arm-none-eabi/bin/../lib/gcc/arm-none-eabi/15.2.1/../../../../arm-none-eabi/lib/thumb/v6-m/nofp/libg.a(libc_a-vfprintf.o)
                              CMakeFiles/firmware.dir/external/umac/src/main.c.o (vfprintf)
/Applications/ArmGNUToolchain/15.2.rel1/arm-none-eabi/bin/../lib/gcc/arm-none-eabi/15.2.1/../../../../arm-none-eabi/lib/thumb/v6-m/nofp/libg.a(libc_a-mlock.o)
                              /Applications/ArmGNUToolchain/15.2.rel1/arm-none-eabi/bin/../lib/gcc/arm-none-eabi/15.2.1/../../../../arm-none-eabi/lib/thumb/v6-m/nofp/libg.a(libc_a-mallocr.o) (__malloc_lock)
/Applications/ArmGNUToolchain/15.2.rel1/arm-none-eabi/bin/../lib/gcc/arm-none-eabi/15.2.1/../../../../arm-none-eabi/lib/thumb/v6-m/nofp/libg.a(libc_a-fwrite.o)
                              CMakeFiles/firmware.dir/external/umac/src/disc.c.o (fwrite)
/Applications/ArmGNUToolchain/15.2.rel1/arm-none-eabi/bin/../lib/gcc/arm-none-eabi/15.2.1/../../../../arm-none-eabi/lib/thumb/v6-m/nofp/libg.a(libc_a-realloc.o)
                              CMakeFiles/firmware.dir/Users/johnthereaver/Programming/pico-sdk/src/rp2_common/pico_malloc/malloc.c.o (realloc)
/Applications/ArmGNUToolchain/15.2.rel1/arm-none-eabi/bin/../lib/gcc/arm-none-eabi/15.2.1/../../../../arm-none-eabi/lib/thumb/v6-m/nofp/libg.a(libc_a-reallocr.o)
                              /Applications/ArmGNUToolchain/15.2.rel1/arm-none-eabi/bin/../lib/gcc/arm-none-eabi/15.2.1/../../../../arm-none-eabi/lib/thumb/v6-m/nofp/libg.a(libc_a-realloc.o) (_realloc_r)
/Applications/ArmGNUToolchain/15.2.rel1/arm-none-eabi/bin/../lib/gcc/arm-none-eabi/15.2.1/../../../../arm-none-eabi/lib/thumb/v6-m/nofp/libg.a(libc_a-sprint_r.o)
                              /Applications/ArmGNUToolchain/15.2.rel1/arm-none-eabi/bin/../lib/gcc/arm-none-eabi/15.2.1/../../../../arm-none-eabi/lib/thumb/v6-m/nofp/libg.a(libc_a-vfprintf.o) (__sprint_r)
/Applications/ArmGNUToolchain/15.2.rel1/arm-none-eabi/bin/../lib/gcc/arm-none-eabi/15.2.1/../../../../arm-none-eabi/lib/thumb/v6-m/nofp/libg.a(libc_a-fflush.o)
                              /Applications/ArmGNUToolchain/15.2.rel1/arm-none-eabi/bin/../lib/gcc/arm-none-eabi/15.2.1/../../../../arm-none-eabi/lib/thumb/v6-m/nofp/libg.a(libc_a-vfprintf.o) (_fflush_r)
/Applications/ArmGNUToolchain/15.2.rel1/arm-none-eabi/bin/../lib/gcc/arm-none-eabi/15.2.1/../../../../arm-none-eabi/lib/thumb/v6-m/nofp/libg.a(libc_a-sscanf.o)
                              CMakeFiles/firmware.dir/external/umac/external/Musashi/m68kcpu.c.o (sscanf)
/Applications/ArmGNUToolchain/15.2.rel1/arm-none-eabi/bin/../lib/gcc/arm-none-eabi/15.2.1/../../../../arm-none-eabi/lib/thumb/v6-m/nofp/libg.a(libc_a-stdio.o)
                              /Applications/ArmGNUToolchain/15.2.rel1/arm-none-eabi/bin/../lib/gcc/arm-none-eabi/15.2.1/../../../../arm-none-eabi/lib/thumb/v6-m/nofp/libg.a(libc_a-sscanf.o) (__seofread)
/Applications/ArmGNUToolchain/15.2.rel1/arm-none-eabi/bin/../lib/gcc/arm-none-eabi/15.2.1/../../../../arm-none-eabi/lib/thumb/v6-m/nofp/libg.a(libc_a-findfp.o)
                              /Applications/ArmGNUToolchain/15.2.rel1/arm-none-eabi/bin/../lib/gcc/arm-none-eabi/15.2.1/../../../../arm-none-eabi/lib/thumb/v6-m/nofp/libg.a(libc_a-fflush.o) (__sglue)
[...]
Memory Configuration

Name             Origin             Length             Attributes
FLASH            0x10000000         0x00200000         xr
RAM              0x20000000         0x00040000         xrw
SCRATCH_X        0x20040000         0x00001000         xrw
SCRATCH_Y        0x20041000         0x00001000         xrw
*default*        0x00000000         0xffffffff

Linker script and memory map

LOAD /Applications/ArmGNUToolchain/15.2.rel1/arm-none-eabi/bin/../lib/gcc/arm-none-eabi/15.2.1/thumb/v6-m/nofp/crti.o
LOAD /Applications/ArmGNUToolchain/15.2.rel1/arm-none-eabi/bin/../lib/gcc/arm-none-eabi/15.2.1/thumb/v6-m/nofp/crtbegin.o
LOAD /Applications/ArmGNUToolchain/15.2.rel1/arm-none-eabi/bin/../lib/gcc/arm-none-eabi/15.2.1/../../../../arm-none-eabi/lib/thumb/v6-m/nofp/crt0.o

.flash_begin    0x10000000        0x0
                0x10000000                        __flash_binary_start = .

.boot2          0x10000000      0x100
                0x10000000                        __boot2_start__ = .
 *(.boot2)
 .boot2         0x10000000      0x100 pico-sdk/src/rp2040/boot_stage2/CMakeFiles/bs2_default_library.dir/bs2_default_padded_checksummed.S.o
                0x10000100                        __boot2_end__ = .
                0x00000001                        ASSERT (((__boot2_end__ - __boot2_start__) == 0x100), ERROR: Pico second stage bootloader must be 256 bytes in size)

.text           0x10000100    0x3d0d4
                0x10000100                        __logical_binary_start = .
 *(.vectors)
 .vectors       0x10000100       0xd4 CMakeFiles/firmware.dir/Users/johnthereaver/Programming/pico-sdk/src/rp2_common/pico_crt0/crt0.S.o
                0x10000100                __VECTOR_TABLE
                0x10000100                __vectors
                0x100001c0                __default_isrs_start
                0x100001c0                isr_invalid
                0x100001c2                isr_nmi
                0x100001c4                isr_hardfault
                0x100001c6                isr_svcall
                0x100001c8                isr_pendsv
                0x100001ca                isr_systick
                0x100001cc                isr_irq28
                0x100001cc                isr_irq19
                0x100001cc                isr_irq0
                0x100001cc                isr_irq6
                0x100001cc                isr_irq22
                0x100001cc                isr_irq17
                0x100001cc                isr_irq14
                0x100001cc                isr_irq2
                0x100001cc                isr_irq10
                0x100001cc                isr_irq8
                0x100001cc                isr_irq24
                0x100001cc                isr_irq1
                0x100001cc                isr_irq7
                0x100001cc                isr_irq21
                0x100001cc                isr_irq20
                0x100001cc                isr_irq15
                0x100001cc                isr_irq25
                0x100001cc                isr_irq4
                0x100001cc                isr_irq16
                0x100001cc                isr_irq29
                0x100001cc                isr_irq26
                0x100001cc                __default_isrs_end
                0x100001cc                isr_irq3
                0x100001cc                isr_irq9
                0x100001cc                __unhandled_user_irq
                0x100001cc                isr_irq13
                0x100001cc                isr_irq27
                0x100001cc                isr_irq31
                0x100001cc                isr_irq5
                0x100001cc                isr_irq11
                0x100001cc                isr_irq23
                0x100001cc                isr_irq18
                0x100001cc                isr_irq30
                0x100001cc                isr_irq12
                0x100001d2                unhandled_user_irq_num_in_r0
 *(.binary_info_header)
 .binary_info_header
                0x100001d4       0x14 CMakeFiles/firmware.dir/Users/johnthereaver/Programming/pico-sdk/src/rp2_common/pico_crt0/crt0.S.o
                0x100001e8                        __binary_info_header_end = .
 *(.embedded_block)
                0x100001e8                        __embedded_block_end = .
 *(.reset)
 .reset         0x100001e8       0x9c CMakeFiles/firmware.dir/Users/johnthereaver/Programming/pico-sdk/src/rp2_common/pico_crt0/crt0.S.o
                0x100001e8                _entry_point
 *(.init)
 .init          0x10000284        0x4 /Applications/ArmGNUToolchain/15.2.rel1/arm-none-eabi/bin/../lib/gcc/arm-none-eabi/15.2.1/thumb/v6-m/nofp/crti.o
                0x10000284                _init
 *(EXCLUDE_FILE(*libm.a: *libc.a:*lib_a-mem*.o *libgcc.a:) .text*)
 .text.register_tm_clones
                0x10000288       0x28 /Applications/ArmGNUToolchain/15.2.rel1/arm-none-eabi/bin/../lib/gcc/arm-none-eabi/15.2.1/thumb/v6-m/nofp/crtbegin.o
 .text.frame_dummy
                0x100002b0       0x24 /Applications/ArmGNUToolchain/15.2.rel1/arm-none-eabi/bin/../lib/gcc/arm-none-eabi/15.2.1/thumb/v6-m/nofp/crtbegin.o
 .text.core1_main
                0x100002d4      0x180 CMakeFiles/firmware.dir/src/main.c.o
 .text.startup.main
                0x10000454       0xe0 CMakeFiles/firmware.dir/src/main.c.o
                0x10000454                main
 .text.video_init
                0x10000534      0x2cc CMakeFiles/firmware.dir/src/video.c.o
                0x10000534                video_init
 .text.kbd_queue_empty
                0x10000800       0x1c CMakeFiles/firmware.dir/src/kbd.c.o
                0x10000800                kbd_queue_empty
 .text.kbd_queue_pop
                0x1000081c       0x2c CMakeFiles/firmware.dir/src/kbd.c.o
                0x1000081c                kbd_queue_pop
 .text.kbd_queue_push
                0x10000848       0x54 CMakeFiles/firmware.dir/src/kbd.c.o
                0x10000848                kbd_queue_push
 .text.process_kbd_report
                0x1000089c      0x138 CMakeFiles/firmware.dir/src/hid.c.o
 .text.hid_app_task
                0x100009d4        0x4 CMakeFiles/firmware.dir/src/hid.c.o
                0x100009d4                hid_app_task
 .text.tuh_hid_mount_cb
                0x100009d8       0xa0 CMakeFiles/firmware.dir/src/hid.c.o
                0x100009d8                tuh_hid_mount_cb
 .text.tuh_hid_umount_cb
                0x10000a78       0x14 CMakeFiles/firmware.dir/src/hid.c.o
                0x10000a78                tuh_hid_umount_cb
 .text.tuh_hid_report_received_cb
                0x10000a8c      0x12c CMakeFiles/firmware.dir/src/hid.c.o
                0x10000a8c                tuh_hid_report_received_cb
 .text.sound_buf_changed
                0x10000bb8       0x28 CMakeFiles/firmware.dir/src/sound.c.o
                0x10000bb8                sound_buf_changed
 .text.sound_init
                0x10000be0       0x7c CMakeFiles/firmware.dir/src/sound.c.o
                0x10000be0                sound_init
 .text.is_drive_number_free
                0x10000c5c       0x58 CMakeFiles/firmware.dir/external/umac/src/disc.c.o
 .text.disc_init
                0x10000cb4       0x28 CMakeFiles/firmware.dir/external/umac/src/disc.c.o
                0x10000cb4                disc_init
 .text.disc_pv_hook
                0x10000cdc      0x728 CMakeFiles/firmware.dir/external/umac/src/disc.c.o
                0x10000cdc                disc_pv_hook
 .text.via_ra_changed
                0x10001404       0x80 CMakeFiles/firmware.dir/external/umac/src/main.c.o
 .text.via_rb_changed
                0x10001484       0x1c CMakeFiles/firmware.dir/external/umac/src/main.c.o
 .text.via_ra_in
                0x100014a0        0x4 CMakeFiles/firmware.dir/external/umac/src/main.c.o
 .text.via_rb_in
                0x100014a4       0x1c CMakeFiles/firmware.dir/external/umac/src/main.c.o
 .text.via_sr_tx
                0x100014c0       0x1c CMakeFiles/firmware.dir/external/umac/src/main.c.o
 .text.scc_irq_set
                0x100014dc       0x24 CMakeFiles/firmware.dir/external/umac/src/main.c.o
 .text.via_irq_set
                0x10001500       0x1c CMakeFiles/firmware.dir/external/umac/src/main.c.o
 .text.umac_set_sound_cb
                0x1000151c        0xc CMakeFiles/firmware.dir/external/umac/src/main.c.o
                0x1000151c                umac_set_sound_cb
 .text.exit_error
                0x10001528      0x160 CMakeFiles/firmware.dir/external/umac/src/main.c.o
                0x10001528                exit_error
 .text.umac_kbd_event
                0x10001688       0x14 CMakeFiles/firmware.dir/external/umac/src/main.c.o
                0x10001688                umac_kbd_event
 .text.cpu_pulse_reset
                0x1000169c        0x4 CMakeFiles/firmware.dir/external/umac/src/main.c.o
                0x1000169c                cpu_pulse_reset
 .text.cpu_irq_ack
                0x100016a0        0x8 CMakeFiles/firmware.dir/external/umac/src/main.c.o
                0x100016a0                cpu_irq_ack
 .text.umac_init
                0x100016a8       0x54 CMakeFiles/firmware.dir/external/umac/src/main.c.o
                0x100016a8                umac_init
 .text.umac_mouse
                0x100016fc       0x54 CMakeFiles/firmware.dir/external/umac/src/main.c.o
                0x100016fc                umac_mouse
 .text.umac_disc_ejected
                0x10001750       0x14 CMakeFiles/firmware.dir/external/umac/src/main.c.o
                0x10001750                umac_disc_ejected
 .text.umac_loop
                0x10001764      0x178 CMakeFiles/firmware.dir/external/umac/src/main.c.o
                0x10001764                umac_loop
 .text.scc_init
                0x100018dc       0x10 CMakeFiles/firmware.dir/external/umac/src/scc.c.o
                0x100018dc                scc_init
 .text.scc_set_dcd
                0x100018ec      0x10c CMakeFiles/firmware.dir/external/umac/src/scc.c.o
                0x100018ec                scc_set_dcd
 .text.scc_write
                0x100019f8      0x124 CMakeFiles/firmware.dir/external/umac/src/scc.c.o
                0x100019f8                scc_write
 .text.scc_read
                0x10001b1c       0xd4 CMakeFiles/firmware.dir/external/umac/src/scc.c.o
                0x10001b1c                scc_read
 .text.via_init
                0x10001bf0       0x2c CMakeFiles/firmware.dir/external/umac/src/via.c.o
                0x10001bf0                via_init
 .text.via_write
                0x10001c1c      0x12c CMakeFiles/firmware.dir/external/umac/src/via.c.o
                0x10001c1c                via_write
 .text.via_read
                0x10001d48       0xcc CMakeFiles/firmware.dir/external/umac/src/via.c.o
                0x10001d48                via_read
 .text.via_tick
                0x10001e14        0x4 CMakeFiles/firmware.dir/external/umac/src/via.c.o
                0x10001e14                via_tick
 .text.via_caX_event
                0x10001e18       0x60 CMakeFiles/firmware.dir/external/umac/src/via.c.o
                0x10001e18                via_caX_event
 .text.via_sr_rx
                0x10001e78       0x64 CMakeFiles/firmware.dir/external/umac/src/via.c.o
                0x10001e78                via_sr_rx
 .text.default_int_ack_callback
                0x10001edc       0x14 CMakeFiles/firmware.dir/external/umac/external/Musashi/m68kcpu.c.o
 .text.default_bkpt_ack_callback
                0x10001ef0        0x4 CMakeFiles/firmware.dir/external/umac/external/Musashi/m68kcpu.c.o
 .text.default_cmpild_instr_callback
                0x10001ef4        0x4 CMakeFiles/firmware.dir/external/umac/external/Musashi/m68kcpu.c.o
 .text.default_tas_instr_callback
                0x10001ef8        0x4 CMakeFiles/firmware.dir/external/umac/external/Musashi/m68kcpu.c.o
 .text.default_illg_instr_callback
                0x10001efc        0x4 CMakeFiles/firmware.dir/external/umac/external/Musashi/m68kcpu.c.o
 .text.default_pc_changed_callback
                0x10001f00        0x4 CMakeFiles/firmware.dir/external/umac/external/Musashi/m68kcpu.c.o
 .text.default_set_fc_callback
                0x10001f04        0x4 CMakeFiles/firmware.dir/external/umac/external/Musashi/m68kcpu.c.o
 .text.default_instr_hook_callback
                0x10001f08        0x4 CMakeFiles/firmware.dir/external/umac/external/Musashi/m68kcpu.c.o
 .text.default_reset_instr_callback
                0x10001f0c        0x4 CMakeFiles/firmware.dir/external/umac/external/Musashi/m68kcpu.c.o
 .text.default_rte_instr_callback
                0x10001f10        0x4 CMakeFiles/firmware.dir/external/umac/external/Musashi/m68kcpu.c.o
 .text.m68k_get_reg
                0x10001f14      0x15c CMakeFiles/firmware.dir/external/umac/external/Musashi/m68kcpu.c.o
                0x10001f14                m68k_get_reg
 .text.m68k_set_cpu_type
                0x10002070      0x234 CMakeFiles/firmware.dir/external/umac/external/Musashi/m68kcpu.c.o
                0x10002070                m68k_set_cpu_type
 .text.m68k_set_reg
                0x100022a4      0x190 CMakeFiles/firmware.dir/external/umac/external/Musashi/m68kcpu.c.o
                0x100022a4                m68k_set_reg
 .text.m68k_set_virq
                0x10002434       0x8c CMakeFiles/firmware.dir/external/umac/external/Musashi/m68kcpu.c.o
                0x10002434                m68k_set_virq
 .text.m68k_init
                0x100024c0       0x80 CMakeFiles/firmware.dir/external/umac/external/Musashi/m68kcpu.c.o
                0x100024c0                m68k_init
 .text.m68k_pulse_reset
                0x10002540       0xa8 CMakeFiles/firmware.dir/external/umac/external/Musashi/m68kcpu.c.o
                0x10002540                m68k_pulse_reset
 .text.m68k_disassemble
                0x100025e8        0x4 CMakeFiles/firmware.dir/external/umac/external/Musashi/m68kdasm.c.o
                0x100025e8                m68k_disassemble
 .text.m68ki_set_sr_noint
                0x100025ec       0xac CMakeFiles/firmware.dir/external/umac/external/Musashi/m68kops.c.o
 .text.m68ki_init_exception
                0x10002698       0xbc CMakeFiles/firmware.dir/external/umac/external/Musashi/m68kops.c.o
 .text.m68k_op_abcd_8_rr
                0x10002754       0x8c CMakeFiles/firmware.dir/external/umac/external/Musashi/m68kops.c.o
 .text.m68k_op_add_8_er_d
                0x100027e0       0x54 CMakeFiles/firmware.dir/external/umac/external/Musashi/m68kops.c.o
 .text.m68k_op_add_16_er_a
                0x10002834       0x64 CMakeFiles/firmware.dir/external/umac/external/Musashi/m68kops.c.o
 .text.m68k_op_add_32_er_a
                0x10002898       0x64 CMakeFiles/firmware.dir/external/umac/external/Musashi/m68kops.c.o
 .text.m68k_op_adda_16_a
                0x100028fc       0x28 CMakeFiles/firmware.dir/external/umac/external/Musashi/m68kops.c.o
 .text.m68k_op_addx_8_rr
                0x10002924       0x64 CMakeFiles/firmware.dir/external/umac/external/Musashi/m68kops.c.o
 .text.m68k_op_addx_16_rr
                0x10002988       0x6c CMakeFiles/firmware.dir/external/umac/external/Musashi/m68kops.c.o
 .text.m68k_op_addx_32_rr
                0x100029f4       0x6c CMakeFiles/firmware.dir/external/umac/external/Musashi/m68kops.c.o
 .text.m68k_op_and_16_er_d
                0x10002a60       0x44 CMakeFiles/firmware.dir/external/umac/external/Musashi/m68kops.c.o
 .text.m68k_op_and_32_er_d
                0x10002aa4       0x38 CMakeFiles/firmware.dir/external/umac/external/Musashi/m68kops.c.o
 .text.m68k_op_asr_8_s
                0x10002adc       0x80 CMakeFiles/firmware.dir/external/umac/external/Musashi/m68kops.c.o
 .text.m68k_op_asr_16_s
                0x10002b5c       0x84 CMakeFiles/firmware.dir/external/umac/external/Musashi/m68kops.c.o
 .text.m68k_op_asr_32_s
                0x10002be0       0x78 CMakeFiles/firmware.dir/external/umac/external/Musashi/m68kops.c.o
 .text.m68k_op_asr_8_r
                0x10002c58      0x100 CMakeFiles/firmware.dir/external/umac/external/Musashi/m68kops.c.o
 .text.m68k_op_asr_16_r
                0x10002d58       0xfc CMakeFiles/firmware.dir/external/umac/external/Musashi/m68kops.c.o
 .text.m68k_op_asr_32_r
                0x10002e54       0xd8 CMakeFiles/firmware.dir/external/umac/external/Musashi/m68kops.c.o
 .text.m68k_op_asl_8_s
                0x10002f2c       0xac CMakeFiles/firmware.dir/external/umac/external/Musashi/m68kops.c.o
 .text.m68k_op_asl_32_s
                0x10002fd8       0x8c CMakeFiles/firmware.dir/external/umac/external/Musashi/m68kops.c.o
 .text.m68k_op_asl_8_r
                0x10003064       0xe0 CMakeFiles/firmware.dir/external/umac/external/Musashi/m68kops.c.o
 .text.m68k_op_asl_16_r
                0x10003144       0xe4 CMakeFiles/firmware.dir/external/umac/external/Musashi/m68kops.c.o
 .text.m68k_op_asl_32_r
                0x10003228       0xdc CMakeFiles/firmware.dir/external/umac/external/Musashi/m68kops.c.o
 .text.m68k_op_bchg_32_r_d
                0x10003304       0x3c CMakeFiles/firmware.dir/external/umac/external/Musashi/m68kops.c.o
 .text.m68k_op_bclr_32_r_d
                0x10003340       0x3c CMakeFiles/firmware.dir/external/umac/external/Musashi/m68kops.c.o
 .text.m68k_op_bset_32_r_d
                0x1000337c       0x3c CMakeFiles/firmware.dir/external/umac/external/Musashi/m68kops.c.o
 .text.m68k_op_btst_32_r_d
                0x100033b8       0x34 CMakeFiles/firmware.dir/external/umac/external/Musashi/m68kops.c.o
 .text.m68k_op_clr_8_d
                0x100033ec       0x30 CMakeFiles/firmware.dir/external/umac/external/Musashi/m68kops.c.o
 .text.m68k_op_cmp_8_d
                0x1000341c       0x58 CMakeFiles/firmware.dir/external/umac/external/Musashi/m68kops.c.o
 .text.m68k_op_cmp_16_a
                0x10003474       0x5c CMakeFiles/firmware.dir/external/umac/external/Musashi/m68kops.c.o
 .text.m68k_op_cmp_32_a
                0x100034d0       0x5c CMakeFiles/firmware.dir/external/umac/external/Musashi/m68kops.c.o
 .text.m68k_op_cmpa_16_d
                0x1000352c       0x60 CMakeFiles/firmware.dir/external/umac/external/Musashi/m68kops.c.o
 .text.m68k_op_cmpa_16_a
                0x1000358c       0x64 CMakeFiles/firmware.dir/external/umac/external/Musashi/m68kops.c.o
 .text.m68k_op_cmpa_32_d
                0x100035f0       0x5c CMakeFiles/firmware.dir/external/umac/external/Musashi/m68kops.c.o
 .text.m68k_op_cmpa_32_a
                0x1000364c       0x64 CMakeFiles/firmware.dir/external/umac/external/Musashi/m68kops.c.o
 .text.m68k_op_dbt_16
                0x100036b0       0x10 CMakeFiles/firmware.dir/external/umac/external/Musashi/m68kops.c.o
 .text.m68k_op_eor_8_d
                0x100036c0       0x3c CMakeFiles/firmware.dir/external/umac/external/Musashi/m68kops.c.o
 .text.m68k_op_eor_16_d
                0x100036fc       0x40 CMakeFiles/firmware.dir/external/umac/external/Musashi/m68kops.c.o
 .text.m68k_op_eor_32_d
                0x1000373c       0x3c CMakeFiles/firmware.dir/external/umac/external/Musashi/m68kops.c.o
 .text.m68k_op_exg_32_dd
                0x10003778       0x24 CMakeFiles/firmware.dir/external/umac/external/Musashi/m68kops.c.o
 .text.m68k_op_exg_32_aa
                0x1000379c       0x24 CMakeFiles/firmware.dir/external/umac/external/Musashi/m68kops.c.o
 .text.m68k_op_exg_32_da
                0x100037c0       0x24 CMakeFiles/firmware.dir/external/umac/external/Musashi/m68kops.c.o
 .text.m68k_op_lea_32_ai
                0x100037e4       0x24 CMakeFiles/firmware.dir/external/umac/external/Musashi/m68kops.c.o
 .text.m68k_op_lsr_32_s
                0x10003808       0x64 CMakeFiles/firmware.dir/external/umac/external/Musashi/m68kops.c.o
 .text.m68k_op_lsr_8_r
                0x1000386c       0xac CMakeFiles/firmware.dir/external/umac/external/Musashi/m68kops.c.o
 .text.m68k_op_lsr_16_r
                0x10003918       0x94 CMakeFiles/firmware.dir/external/umac/external/Musashi/m68kops.c.o
 .text.m68k_op_lsr_32_r
                0x100039ac       0xac CMakeFiles/firmware.dir/external/umac/external/Musashi/m68kops.c.o
 .text.m68k_op_lsl_8_s
                0x10003a58       0x6c CMakeFiles/firmware.dir/external/umac/external/Musashi/m68kops.c.o
 .text.m68k_op_lsl_32_s
                0x10003ac4       0x64 CMakeFiles/firmware.dir/external/umac/external/Musashi/m68kops.c.o
 .text.m68k_op_lsl_8_r
                0x10003b28       0x9c CMakeFiles/firmware.dir/external/umac/external/Musashi/m68kops.c.o
 .text.m68k_op_lsl_16_r
                0x10003bc4       0xa0 CMakeFiles/firmware.dir/external/umac/external/Musashi/m68kops.c.o
 .text.m68k_op_lsl_32_r
                0x10003c64       0xb0 CMakeFiles/firmware.dir/external/umac/external/Musashi/m68kops.c.o
 .text.m68k_op_move_8_d_d
                0x10003d14       0x40 CMakeFiles/firmware.dir/external/umac/external/Musashi/m68kops.c.o
 .text.m68k_op_move_16_d_a
                0x10003d54       0x4c CMakeFiles/firmware.dir/external/umac/external/Musashi/m68kops.c.o
 .text.m68k_op_movea_16_d
                0x10003da0       0x2c CMakeFiles/firmware.dir/external/umac/external/Musashi/m68kops.c.o
 .text.m68k_op_movea_16_a
                0x10003dcc       0x20 CMakeFiles/firmware.dir/external/umac/external/Musashi/m68kops.c.o
 .text.m68k_op_move_16_toc_d
                0x10003dec       0x54 CMakeFiles/firmware.dir/external/umac/external/Musashi/m68kops.c.o
 .text.m68k_op_move_16_frs_d
                0x10003e40       0x94 CMakeFiles/firmware.dir/external/umac/external/Musashi/m68kops.c.o
 .text.m68k_op_muls_16_d
                0x10003ed4       0x80 CMakeFiles/firmware.dir/external/umac/external/Musashi/m68kops.c.o
 .text.m68k_op_nbcd_8_d
                0x10003f54       0x8c CMakeFiles/firmware.dir/external/umac/external/Musashi/m68kops.c.o
 .text.m68k_op_neg_8_d
                0x10003fe0       0x48 CMakeFiles/firmware.dir/external/umac/external/Musashi/m68kops.c.o
 .text.m68k_op_neg_32_d
                0x10004028       0x48 CMakeFiles/firmware.dir/external/umac/external/Musashi/m68kops.c.o
 .text.m68k_op_negx_8_d
                0x10004070       0x54 CMakeFiles/firmware.dir/external/umac/external/Musashi/m68kops.c.o
 .text.m68k_op_negx_16_d
                0x100040c4       0x5c CMakeFiles/firmware.dir/external/umac/external/Musashi/m68kops.c.o
 .text.m68k_op_negx_32_d
                0x10004120       0x50 CMakeFiles/firmware.dir/external/umac/external/Musashi/m68kops.c.o
 .text.m68k_op_nop
                0x10004170        0x4 CMakeFiles/firmware.dir/external/umac/external/Musashi/m68kops.c.o
 .text.m68k_op_not_8_d
                0x10004174       0x38 CMakeFiles/firmware.dir/external/umac/external/Musashi/m68kops.c.o
 .text.m68k_op_not_32_d
                0x100041ac       0x30 CMakeFiles/firmware.dir/external/umac/external/Musashi/m68kops.c.o
 .text.m68k_op_or_8_er_d
                0x100041dc       0x3c CMakeFiles/firmware.dir/external/umac/external/Musashi/m68kops.c.o
 .text.m68k_op_or_16_er_d
                0x10004218       0x40 CMakeFiles/firmware.dir/external/umac/external/Musashi/m68kops.c.o
 .text.m68k_op_or_32_er_d
                0x10004258       0x38 CMakeFiles/firmware.dir/external/umac/external/Musashi/m68kops.c.o
 .text.m68k_op_ror_16_s
                0x10004290       0x90 CMakeFiles/firmware.dir/external/umac/external/Musashi/m68kops.c.o
 .text.m68k_op_ror_32_s
                0x10004320       0x60 CMakeFiles/firmware.dir/external/umac/external/Musashi/m68kops.c.o
 .text.m68k_op_ror_8_r
                0x10004380       0xac CMakeFiles/firmware.dir/external/umac/external/Musashi/m68kops.c.o
 .text.m68k_op_ror_16_r
                0x1000442c       0xa0 CMakeFiles/firmware.dir/external/umac/external/Musashi/m68kops.c.o
 .text.m68k_op_ror_32_r
                0x100044cc       0x88 CMakeFiles/firmware.dir/external/umac/external/Musashi/m68kops.c.o
 .text.m68k_op_rol_8_s
                0x10004554       0x88 CMakeFiles/firmware.dir/external/umac/external/Musashi/m68kops.c.o
 .text.m68k_op_rol_32_s
                0x100045dc       0x70 CMakeFiles/firmware.dir/external/umac/external/Musashi/m68kops.c.o
 .text.m68k_op_rol_8_r
                0x1000464c       0xa8 CMakeFiles/firmware.dir/external/umac/external/Musashi/m68kops.c.o
 .text.m68k_op_rol_16_r
                0x100046f4       0xa4 CMakeFiles/firmware.dir/external/umac/external/Musashi/m68kops.c.o
 .text.m68k_op_rol_32_r
                0x10004798       0xa0 CMakeFiles/firmware.dir/external/umac/external/Musashi/m68kops.c.o
 .text.m68k_op_roxr_8_s
                0x10004838       0x80 CMakeFiles/firmware.dir/external/umac/external/Musashi/m68kops.c.o
 .text.m68k_op_roxr_16_s
                0x100048b8       0x84 CMakeFiles/firmware.dir/external/umac/external/Musashi/m68kops.c.o
 .text.m68k_op_roxr_32_s
                0x1000493c       0xc4 CMakeFiles/firmware.dir/external/umac/external/Musashi/m68kops.c.o
 .text.m68k_op_roxr_8_r
                0x10004a00       0xb8 CMakeFiles/firmware.dir/external/umac/external/Musashi/m68kops.c.o
 .text.m68k_op_roxr_16_r
                0x10004ab8       0xbc CMakeFiles/firmware.dir/external/umac/external/Musashi/m68kops.c.o
 .text.m68k_op_roxr_32_r
                0x10004b74       0xec CMakeFiles/firmware.dir/external/umac/external/Musashi/m68kops.c.o
 .text.m68k_op_roxl_16_s
                0x10004c60       0x84 CMakeFiles/firmware.dir/external/umac/external/Musashi/m68kops.c.o
 .text.m68k_op_roxl_32_s
                0x10004ce4       0xc4 CMakeFiles/firmware.dir/external/umac/external/Musashi/m68kops.c.o
 .text.m68k_op_roxl_8_r
                0x10004da8       0xb8 CMakeFiles/firmware.dir/external/umac/external/Musashi/m68kops.c.o
 .text.m68k_op_roxl_16_r
                0x10004e60       0xbc CMakeFiles/firmware.dir/external/umac/external/Musashi/m68kops.c.o
 .text.m68k_op_roxl_32_r
                0x10004f1c       0xec CMakeFiles/firmware.dir/external/umac/external/Musashi/m68kops.c.o
 .text.m68k_op_sbcd_8_rr
                0x10005008       0x8c CMakeFiles/firmware.dir/external/umac/external/Musashi/m68kops.c.o
 .text.m68k_op_st_8_d
                0x10005094       0x1c CMakeFiles/firmware.dir/external/umac/external/Musashi/m68kops.c.o
 .text.m68k_op_sf_8_d
                0x100050b0       0x1c CMakeFiles/firmware.dir/external/umac/external/Musashi/m68kops.c.o
 .text.m68k_op_sub_8_er_d
                0x100050cc       0x60 CMakeFiles/firmware.dir/external/umac/external/Musashi/m68kops.c.o
 .text.m68k_op_sub_16_er_d
                0x1000512c       0x64 CMakeFiles/firmware.dir/external/umac/external/Musashi/m68kops.c.o
 .text.m68k_op_sub_16_er_a
                0x10005190       0x68 CMakeFiles/firmware.dir/external/umac/external/Musashi/m68kops.c.o
 .text.m68k_op_suba_16_d
                0x100051f8       0x30 CMakeFiles/firmware.dir/external/umac/external/Musashi/m68kops.c.o
 .text.m68k_op_suba_16_a
                0x10005228       0x28 CMakeFiles/firmware.dir/external/umac/external/Musashi/m68kops.c.o
 .text.m68k_op_suba_32_d
                0x10005250       0x2c CMakeFiles/firmware.dir/external/umac/external/Musashi/m68kops.c.o
 .text.m68k_op_subq_8_d
                0x1000527c       0x5c CMakeFiles/firmware.dir/external/umac/external/Musashi/m68kops.c.o
 .text.m68k_op_subx_8_rr
                0x100052d8       0x74 CMakeFiles/firmware.dir/external/umac/external/Musashi/m68kops.c.o
 .text.m68k_op_subx_16_rr
                0x1000534c       0x78 CMakeFiles/firmware.dir/external/umac/external/Musashi/m68kops.c.o
 .text.m68k_op_subx_32_rr
                0x100053c4       0x6c CMakeFiles/firmware.dir/external/umac/external/Musashi/m68kops.c.o
 .text.m68k_op_tas_8_d
                0x10005430       0x34 CMakeFiles/firmware.dir/external/umac/external/Musashi/m68kops.c.o
 .text.m68k_op_add_16_er_i
                0x10005464       0x60 CMakeFiles/firmware.dir/external/umac/external/Musashi/m68kops.c.o
 .text.m68k_op_add_8_er_i
                0x100054c4       0x60 CMakeFiles/firmware.dir/external/umac/external/Musashi/m68kops.c.o
 .text.m68k_op_and_8_er_i
                0x10005524       0x4c CMakeFiles/firmware.dir/external/umac/external/Musashi/m68kops.c.o
 .text.m68k_op_cmp_8_i
                0x10005570       0x5c CMakeFiles/firmware.dir/external/umac/external/Musashi/m68kops.c.o
 .text.m68k_op_sub_8_er_i
                0x100055cc       0x68 CMakeFiles/firmware.dir/external/umac/external/Musashi/m68kops.c.o
 .text.m68k_op_or_8_er_i
                0x10005634       0x48 CMakeFiles/firmware.dir/external/umac/external/Musashi/m68kops.c.o
 .text.m68k_op_move_8_d_i
                0x1000567c       0x48 CMakeFiles/firmware.dir/external/umac/external/Musashi/m68kops.c.o
 .text.m68k_op_eori_16_toc
                0x100056c4       0xa8 CMakeFiles/firmware.dir/external/umac/external/Musashi/m68kops.c.o
 .text.m68k_op_bchg_32_s_d
                0x1000576c       0x40 CMakeFiles/firmware.dir/external/umac/external/Musashi/m68kops.c.o
 .text.m68k_op_addi_8_d
                0x100057ac       0x60 CMakeFiles/firmware.dir/external/umac/external/Musashi/m68kops.c.o
 .text.m68k_op_subi_8_d
                0x1000580c       0x68 CMakeFiles/firmware.dir/external/umac/external/Musashi/m68kops.c.o
 .text.m68k_op_andi_16_toc
                0x10005874       0x98 CMakeFiles/firmware.dir/external/umac/external/Musashi/m68kops.c.o
 .text.m68k_op_btst_8_r_i
                0x1000590c       0x38 CMakeFiles/firmware.dir/external/umac/external/Musashi/m68kops.c.o
 .text.m68k_op_ori_16_toc
                0x10005944       0xa8 CMakeFiles/firmware.dir/external/umac/external/Musashi/m68kops.c.o
 .text.m68k_op_ori_8_d
                0x100059ec       0x48 CMakeFiles/firmware.dir/external/umac/external/Musashi/m68kops.c.o
 .text.m68k_op_muls_16_i
                0x10005a34       0x80 CMakeFiles/firmware.dir/external/umac/external/Musashi/m68kops.c.o
 .text.m68k_op_mulu_16_i
                0x10005ab4       0x68 CMakeFiles/firmware.dir/external/umac/external/Musashi/m68kops.c.o
 .text.m68k_op_and_16_er_i
                0x10005b1c       0x50 CMakeFiles/firmware.dir/external/umac/external/Musashi/m68kops.c.o
 .text.m68k_op_cmpa_16_i
                0x10005b6c       0x60 CMakeFiles/firmware.dir/external/umac/external/Musashi/m68kops.c.o
 .text.m68k_op_cmp_16_i
                0x10005bcc       0x58 CMakeFiles/firmware.dir/external/umac/external/Musashi/m68kops.c.o
 .text.m68k_op_suba_16_i
                0x10005c24       0x34 CMakeFiles/firmware.dir/external/umac/external/Musashi/m68kops.c.o
 .text.m68k_op_sub_16_er_i
                0x10005c58       0x60 CMakeFiles/firmware.dir/external/umac/external/Musashi/m68kops.c.o
 .text.m68k_op_or_16_er_i
                0x10005cb8       0x48 CMakeFiles/firmware.dir/external/umac/external/Musashi/m68kops.c.o
 .text.m68k_op_move_16_toc_i
                0x10005d00       0x5c CMakeFiles/firmware.dir/external/umac/external/Musashi/m68kops.c.o
 .text.m68k_op_movea_16_i
                0x10005d5c       0x2c CMakeFiles/firmware.dir/external/umac/external/Musashi/m68kops.c.o
 .text.m68k_op_move_16_d_i
                0x10005d88       0x48 CMakeFiles/firmware.dir/external/umac/external/Musashi/m68kops.c.o
 .text.m68k_op_eori_16_d
                0x10005dd0       0x48 CMakeFiles/firmware.dir/external/umac/external/Musashi/m68kops.c.o
 .text.m68k_op_subi_16_d
                0x10005e18       0x70 CMakeFiles/firmware.dir/external/umac/external/Musashi/m68kops.c.o
 .text.m68k_op_ori_16_d
                0x10005e88       0x48 CMakeFiles/firmware.dir/external/umac/external/Musashi/m68kops.c.o
 .text.m68k_op_movem_16_er_pcdi
                0x10005ed0      0x22c CMakeFiles/firmware.dir/external/umac/external/Musashi/m68kops.c.o
 .text.m68k_op_movem_16_er_aw
                0x100060fc      0x22c CMakeFiles/firmware.dir/external/umac/external/Musashi/m68kops.c.o
 .text.m68k_op_movem_16_er_di
                0x10006328      0x244 CMakeFiles/firmware.dir/external/umac/external/Musashi/m68kops.c.o
 .text.m68k_op_movem_16_er_pi
                0x1000656c      0x23c CMakeFiles/firmware.dir/external/umac/external/Musashi/m68kops.c.o
 .text.m68k_op_movem_16_er_ai
                0x100067a8      0x22c CMakeFiles/firmware.dir/external/umac/external/Musashi/m68kops.c.o
 .text.m68k_op_adda_32_i
                0x100069d4       0x30 CMakeFiles/firmware.dir/external/umac/external/Musashi/m68kops.c.o
 .text.m68k_op_add_32_er_i
                0x10006a04       0x68 CMakeFiles/firmware.dir/external/umac/external/Musashi/m68kops.c.o
 .text.m68k_op_and_32_er_i
                0x10006a6c       0x44 CMakeFiles/firmware.dir/external/umac/external/Musashi/m68kops.c.o
 .text.m68k_op_cmpa_32_i
                0x10006ab0       0x64 CMakeFiles/firmware.dir/external/umac/external/Musashi/m68kops.c.o
 .text.m68k_op_cmp_32_i
                0x10006b14       0x60 CMakeFiles/firmware.dir/external/umac/external/Musashi/m68kops.c.o
 .text.m68k_op_suba_32_i
                0x10006b74       0x30 CMakeFiles/firmware.dir/external/umac/external/Musashi/m68kops.c.o
 .text.m68k_op_sub_32_er_i
                0x10006ba4       0x64 CMakeFiles/firmware.dir/external/umac/external/Musashi/m68kops.c.o
 .text.m68k_op_or_32_er_i
                0x10006c08       0x44 CMakeFiles/firmware.dir/external/umac/external/Musashi/m68kops.c.o
 .text.m68k_op_movem_16_er_al
                0x10006c4c      0x22c CMakeFiles/firmware.dir/external/umac/external/Musashi/m68kops.c.o
 .text.m68k_op_lea_32_al
                0x10006e78       0x28 CMakeFiles/firmware.dir/external/umac/external/Musashi/m68kops.c.o
 .text.m68k_op_move_32_d_i
                0x10006ea0       0x40 CMakeFiles/firmware.dir/external/umac/external/Musashi/m68kops.c.o
 .text.m68k_op_cmpi_32_d
                0x10006ee0       0x60 CMakeFiles/firmware.dir/external/umac/external/Musashi/m68kops.c.o
 .text.m68k_op_eori_32_d
                0x10006f40       0x44 CMakeFiles/firmware.dir/external/umac/external/Musashi/m68kops.c.o
 .text.m68k_op_addi_32_d
                0x10006f84       0x68 CMakeFiles/firmware.dir/external/umac/external/Musashi/m68kops.c.o
 .text.m68k_op_subi_32_d
                0x10006fec       0x64 CMakeFiles/firmware.dir/external/umac/external/Musashi/m68kops.c.o
 .text.m68k_op_andi_32_d
                0x10007050       0x44 CMakeFiles/firmware.dir/external/umac/external/Musashi/m68kops.c.o
 .text.m68k_op_ori_32_d
                0x10007094       0x44 CMakeFiles/firmware.dir/external/umac/external/Musashi/m68kops.c.o
 .text.m68k_op_rtr_32
                0x100070d8       0x6c CMakeFiles/firmware.dir/external/umac/external/Musashi/m68kops.c.o
 .text.m68k_op_unlk_32_a7
                0x10007144       0x1c CMakeFiles/firmware.dir/external/umac/external/Musashi/m68kops.c.o
 .text.m68k_op_movem_32_er_pcdi
                0x10007160      0x208 CMakeFiles/firmware.dir/external/umac/external/Musashi/m68kops.c.o
 .text.m68k_op_movem_32_er_al
                0x10007368      0x208 CMakeFiles/firmware.dir/external/umac/external/Musashi/m68kops.c.o
 .text.m68k_op_movem_32_er_aw
                0x10007570      0x208 CMakeFiles/firmware.dir/external/umac/external/Musashi/m68kops.c.o
 .text.m68k_op_movem_32_er_di
                0x10007778      0x224 CMakeFiles/firmware.dir/external/umac/external/Musashi/m68kops.c.o
 .text.m68k_op_movem_32_er_ai
                0x1000799c      0x208 CMakeFiles/firmware.dir/external/umac/external/Musashi/m68kops.c.o
 .text.m68k_op_move16_32
                0x10007ba4       0xbc CMakeFiles/firmware.dir/external/umac/external/Musashi/m68kops.c.o
 .text.m68k_op_bsr_32
                0x10007c60       0x28 CMakeFiles/firmware.dir/external/umac/external/Musashi/m68kops.c.o
 .text.m68k_op_jsr_32_al
                0x10007c88       0x30 CMakeFiles/firmware.dir/external/umac/external/Musashi/m68kops.c.o
 .text.m68k_op_jsr_32_aw
                0x10007cb8       0x34 CMakeFiles/firmware.dir/external/umac/external/Musashi/m68kops.c.o
 .text.m68k_op_pea_32_pcdi
                0x10007cec       0x30 CMakeFiles/firmware.dir/external/umac/external/Musashi/m68kops.c.o
 .text.m68k_op_pea_32_al
                0x10007d1c       0x2c CMakeFiles/firmware.dir/external/umac/external/Musashi/m68kops.c.o
 .text.m68k_op_pea_32_ai
                0x10007d48       0x2c CMakeFiles/firmware.dir/external/umac/external/Musashi/m68kops.c.o
 .text.m68k_op_add_32_re_al
                0x10007d74       0x70 CMakeFiles/firmware.dir/external/umac/external/Musashi/m68kops.c.o
 .text.m68k_op_add_32_re_aw
                0x10007de4       0x70 CMakeFiles/firmware.dir/external/umac/external/Musashi/m68kops.c.o
 .text.m68k_op_add_32_re_pd
                0x10007e54       0x74 CMakeFiles/firmware.dir/external/umac/external/Musashi/m68kops.c.o
 .text.m68k_op_add_32_re_pi
                0x10007ec8       0x78 CMakeFiles/firmware.dir/external/umac/external/Musashi/m68kops.c.o
 .text.m68k_op_add_32_re_ai
                0x10007f40       0x70 CMakeFiles/firmware.dir/external/umac/external/Musashi/m68kops.c.o
 .text.m68k_op_and_32_re_al
                0x10007fb0       0x58 CMakeFiles/firmware.dir/external/umac/external/Musashi/m68kops.c.o
 .text.m68k_op_and_32_re_aw
                0x10008008       0x58 CMakeFiles/firmware.dir/external/umac/external/Musashi/m68kops.c.o
 .text.m68k_op_and_32_re_di
                0x10008060       0x70 CMakeFiles/firmware.dir/external/umac/external/Musashi/m68kops.c.o
 .text.m68k_op_and_32_re_pd
                0x100080d0       0x5c CMakeFiles/firmware.dir/external/umac/external/Musashi/m68kops.c.o
 .text.m68k_op_and_32_re_pi
                0x1000812c       0x5c CMakeFiles/firmware.dir/external/umac/external/Musashi/m68kops.c.o
 .text.m68k_op_and_32_re_ai
                0x10008188       0x58 CMakeFiles/firmware.dir/external/umac/external/Musashi/m68kops.c.o
 .text.m68k_op_eor_32_al
                0x100081e0       0x54 CMakeFiles/firmware.dir/external/umac/external/Musashi/m68kops.c.o
 .text.m68k_op_eor_32_aw
                0x10008234       0x54 CMakeFiles/firmware.dir/external/umac/external/Musashi/m68kops.c.o
 .text.m68k_op_eor_32_di
                0x10008288       0x70 CMakeFiles/firmware.dir/external/umac/external/Musashi/m68kops.c.o
 .text.m68k_op_eor_32_pd
                0x100082f8       0x58 CMakeFiles/firmware.dir/external/umac/external/Musashi/m68kops.c.o
 .text.m68k_op_eor_32_pi
                0x10008350       0x5c CMakeFiles/firmware.dir/external/umac/external/Musashi/m68kops.c.o
 .text.m68k_op_eor_32_ai
                0x100083ac       0x54 CMakeFiles/firmware.dir/external/umac/external/Musashi/m68kops.c.o
 .text.m68k_op_sub_32_re_al
                0x10008400       0x70 CMakeFiles/firmware.dir/external/umac/external/Musashi/m68kops.c.o
 .text.m68k_op_sub_32_re_aw
                0x10008470       0x70 CMakeFiles/firmware.dir/external/umac/external/Musashi/m68kops.c.o
 .text.m68k_op_sub_32_re_di
                0x100084e0       0x88 CMakeFiles/firmware.dir/external/umac/external/Musashi/m68kops.c.o
 .text.m68k_op_sub_32_re_pd
                0x10008568       0x74 CMakeFiles/firmware.dir/external/umac/external/Musashi/m68kops.c.o
 .text.m68k_op_sub_32_re_pi
                0x100085dc       0x74 CMakeFiles/firmware.dir/external/umac/external/Musashi/m68kops.c.o
 .text.m68k_op_sub_32_re_ai
                0x10008650       0x70 CMakeFiles/firmware.dir/external/umac/external/Musashi/m68kops.c.o
 .text.m68k_op_subx_32_mm
                0x100086c0       0x9c CMakeFiles/firmware.dir/external/umac/external/Musashi/m68kops.c.o
 .text.m68k_op_or_32_re_al
                0x1000875c       0x54 CMakeFiles/firmware.dir/external/umac/external/Musashi/m68kops.c.o
 .text.m68k_op_or_32_re_aw
                0x100087b0       0x54 CMakeFiles/firmware.dir/external/umac/external/Musashi/m68kops.c.o
 .text.m68k_op_or_32_re_di
                0x10008804       0x70 CMakeFiles/firmware.dir/external/umac/external/Musashi/m68kops.c.o
 .text.m68k_op_or_32_re_pd
                0x10008874       0x58 CMakeFiles/firmware.dir/external/umac/external/Musashi/m68kops.c.o
 .text.m68k_op_or_32_re_pi
                0x100088cc       0x5c CMakeFiles/firmware.dir/external/umac/external/Musashi/m68kops.c.o
 .text.m68k_op_or_32_re_ai
                0x10008928       0x54 CMakeFiles/firmware.dir/external/umac/external/Musashi/m68kops.c.o
 .text.m68k_op_subq_32_al
                0x1000897c       0x68 CMakeFiles/firmware.dir/external/umac/external/Musashi/m68kops.c.o
 .text.m68k_op_subq_32_aw
                0x100089e4       0x68 CMakeFiles/firmware.dir/external/umac/external/Musashi/m68kops.c.o
 .text.m68k_op_subq_32_di
                0x10008a4c       0x7c CMakeFiles/firmware.dir/external/umac/external/Musashi/m68kops.c.o
 .text.m68k_op_subq_32_pd
                0x10008ac8       0x68 CMakeFiles/firmware.dir/external/umac/external/Musashi/m68kops.c.o
 .text.m68k_op_subq_32_pi
                0x10008b30       0x68 CMakeFiles/firmware.dir/external/umac/external/Musashi/m68kops.c.o
 .text.m68k_op_subq_32_ai
                0x10008b98       0x64 CMakeFiles/firmware.dir/external/umac/external/Musashi/m68kops.c.o
 .text.m68k_op_addq_32_al
                0x10008bfc       0x68 CMakeFiles/firmware.dir/external/umac/external/Musashi/m68kops.c.o
 .text.m68k_op_addq_32_aw
                0x10008c64       0x68 CMakeFiles/firmware.dir/external/umac/external/Musashi/m68kops.c.o
 .text.m68k_op_addq_32_di
                0x10008ccc       0x80 CMakeFiles/firmware.dir/external/umac/external/Musashi/m68kops.c.o
 .text.m68k_op_addq_32_pd
                0x10008d4c       0x68 CMakeFiles/firmware.dir/external/umac/external/Musashi/m68kops.c.o
 .text.m68k_op_addq_32_pi
                0x10008db4       0x6c CMakeFiles/firmware.dir/external/umac/external/Musashi/m68kops.c.o
 .text.m68k_op_addq_32_ai
                0x10008e20       0x64 CMakeFiles/firmware.dir/external/umac/external/Musashi/m68kops.c.o
 .text.m68k_op_link_16_a7
                0x10008e84       0x34 CMakeFiles/firmware.dir/external/umac/external/Musashi/m68kops.c.o
 .text.m68k_op_movem_32_re_al
                0x10008eb8      0x208 CMakeFiles/firmware.dir/external/umac/external/Musashi/m68kops.c.o
 .text.m68k_op_movem_32_re_aw
                0x100090c0      0x208 CMakeFiles/firmware.dir/external/umac/external/Musashi/m68kops.c.o
 .text.m68k_op_movem_32_re_di
                0x100092c8      0x224 CMakeFiles/firmware.dir/external/umac/external/Musashi/m68kops.c.o
 .text.m68k_op_movem_32_re_ai
                0x100094ec      0x208 CMakeFiles/firmware.dir/external/umac/external/Musashi/m68kops.c.o
 .text.m68k_op_not_32_al
                0x100096f4       0x48 CMakeFiles/firmware.dir/external/umac/external/Musashi/m68kops.c.o
 .text.m68k_op_not_32_aw
                0x1000973c       0x48 CMakeFiles/firmware.dir/external/umac/external/Musashi/m68kops.c.o
 .text.m68k_op_not_32_di
                0x10009784       0x5c CMakeFiles/firmware.dir/external/umac/external/Musashi/m68kops.c.o
 .text.m68k_op_not_32_pd
                0x100097e0       0x4c CMakeFiles/firmware.dir/external/umac/external/Musashi/m68kops.c.o
 .text.m68k_op_not_32_pi
                0x1000982c       0x50 CMakeFiles/firmware.dir/external/umac/external/Musashi/m68kops.c.o
 .text.m68k_op_not_32_ai
                0x1000987c       0x48 CMakeFiles/firmware.dir/external/umac/external/Musashi/m68kops.c.o
 .text.m68k_op_neg_32_al
                0x100098c4       0x58 CMakeFiles/firmware.dir/external/umac/external/Musashi/m68kops.c.o
 .text.m68k_op_neg_32_aw
                0x1000991c       0x58 CMakeFiles/firmware.dir/external/umac/external/Musashi/m68kops.c.o
 .text.m68k_op_neg_32_di
                0x10009974       0x68 CMakeFiles/firmware.dir/external/umac/external/Musashi/m68kops.c.o
 .text.m68k_op_neg_32_pd
                0x100099dc       0x5c CMakeFiles/firmware.dir/external/umac/external/Musashi/m68kops.c.o
 .text.m68k_op_neg_32_pi
                0x10009a38       0x5c CMakeFiles/firmware.dir/external/umac/external/Musashi/m68kops.c.o
 .text.m68k_op_neg_32_ai
                0x10009a94       0x58 CMakeFiles/firmware.dir/external/umac/external/Musashi/m68kops.c.o
 .text.m68k_op_clr_32_al
                0x10009aec       0x38 CMakeFiles/firmware.dir/external/umac/external/Musashi/m68kops.c.o
 .text.m68k_op_clr_32_aw
                0x10009b24       0x3c CMakeFiles/firmware.dir/external/umac/external/Musashi/m68kops.c.o
 .text.m68k_op_negx_32_al
                0x10009b60       0x60 CMakeFiles/firmware.dir/external/umac/external/Musashi/m68kops.c.o
 .text.m68k_op_negx_32_aw
                0x10009bc0       0x60 CMakeFiles/firmware.dir/external/umac/external/Musashi/m68kops.c.o
 .text.m68k_op_negx_32_di
                0x10009c20       0x74 CMakeFiles/firmware.dir/external/umac/external/Musashi/m68kops.c.o
 .text.m68k_op_negx_32_pd
                0x10009c94       0x64 CMakeFiles/firmware.dir/external/umac/external/Musashi/m68kops.c.o
 .text.m68k_op_negx_32_pi
                0x10009cf8       0x68 CMakeFiles/firmware.dir/external/umac/external/Musashi/m68kops.c.o
 .text.m68k_op_negx_32_ai
                0x10009d60       0x60 CMakeFiles/firmware.dir/external/umac/external/Musashi/m68kops.c.o
 .text.m68k_op_move_32_al_i
                0x10009dc0       0x4c CMakeFiles/firmware.dir/external/umac/external/Musashi/m68kops.c.o
 .text.m68k_op_move_32_al_a
                0x10009e0c       0x4c CMakeFiles/firmware.dir/external/umac/external/Musashi/m68kops.c.o
 .text.m68k_op_move_32_al_d
                0x10009e58       0x48 CMakeFiles/firmware.dir/external/umac/external/Musashi/m68kops.c.o
 .text.m68k_op_move_32_aw_i
                0x10009ea0       0x50 CMakeFiles/firmware.dir/external/umac/external/Musashi/m68kops.c.o
 .text.m68k_op_move_32_aw_a
                0x10009ef0       0x50 CMakeFiles/firmware.dir/external/umac/external/Musashi/m68kops.c.o
 .text.m68k_op_move_32_aw_d
                0x10009f40       0x4c CMakeFiles/firmware.dir/external/umac/external/Musashi/m68kops.c.o
 .text.m68k_op_move_32_pi_i
                0x10009f8c       0x54 CMakeFiles/firmware.dir/external/umac/external/Musashi/m68kops.c.o
 .text.m68k_op_move_32_pi_a
                0x10009fe0       0x50 CMakeFiles/firmware.dir/external/umac/external/Musashi/m68kops.c.o
 .text.m68k_op_move_32_ai_i
                0x1000a030       0x50 CMakeFiles/firmware.dir/external/umac/external/Musashi/m68kops.c.o
 .text.m68k_op_eori_32_al
                0x1000a080       0x58 CMakeFiles/firmware.dir/external/umac/external/Musashi/m68kops.c.o
 .text.m68k_op_eori_32_aw
                0x1000a0d8       0x58 CMakeFiles/firmware.dir/external/umac/external/Musashi/m68kops.c.o
 .text.m68k_op_eori_32_di
                0x1000a130       0x74 CMakeFiles/firmware.dir/external/umac/external/Musashi/m68kops.c.o
 .text.m68k_op_eori_32_pd
                0x1000a1a4       0x5c CMakeFiles/firmware.dir/external/umac/external/Musashi/m68kops.c.o
 .text.m68k_op_eori_32_pi
                0x1000a200       0x60 CMakeFiles/firmware.dir/external/umac/external/Musashi/m68kops.c.o
 .text.m68k_op_eori_32_ai
                0x1000a260       0x58 CMakeFiles/firmware.dir/external/umac/external/Musashi/m68kops.c.o
 .text.m68k_op_addi_32_al
                0x1000a2b8       0x74 CMakeFiles/firmware.dir/external/umac/external/Musashi/m68kops.c.o
 .text.m68k_op_addi_32_aw
                0x1000a32c       0x74 CMakeFiles/firmware.dir/external/umac/external/Musashi/m68kops.c.o
 .text.m68k_op_addi_32_di
                0x1000a3a0       0x90 CMakeFiles/firmware.dir/external/umac/external/Musashi/m68kops.c.o
 .text.m68k_op_addi_32_pd
                0x1000a430       0x78 CMakeFiles/firmware.dir/external/umac/external/Musashi/m68kops.c.o
 .text.m68k_op_addi_32_pi
                0x1000a4a8       0x7c CMakeFiles/firmware.dir/external/umac/external/Musashi/m68kops.c.o
 .text.m68k_op_addi_32_ai
                0x1000a524       0x74 CMakeFiles/firmware.dir/external/umac/external/Musashi/m68kops.c.o
 .text.m68k_op_subi_32_al
                0x1000a598       0x74 CMakeFiles/firmware.dir/external/umac/external/Musashi/m68kops.c.o
 .text.m68k_op_subi_32_aw
                0x1000a60c       0x74 CMakeFiles/firmware.dir/external/umac/external/Musashi/m68kops.c.o
 .text.m68k_op_subi_32_di
                0x1000a680       0x8c CMakeFiles/firmware.dir/external/umac/external/Musashi/m68kops.c.o
 .text.m68k_op_subi_32_pd
                0x1000a70c       0x74 CMakeFiles/firmware.dir/external/umac/external/Musashi/m68kops.c.o
 .text.m68k_op_subi_32_pi
                0x1000a780       0x78 CMakeFiles/firmware.dir/external/umac/external/Musashi/m68kops.c.o
 .text.m68k_op_subi_32_ai
                0x1000a7f8       0x70 CMakeFiles/firmware.dir/external/umac/external/Musashi/m68kops.c.o
 .text.m68k_op_andi_32_al
                0x1000a868       0x5c CMakeFiles/firmware.dir/external/umac/external/Musashi/m68kops.c.o
 .text.m68k_op_andi_32_aw
                0x1000a8c4       0x5c CMakeFiles/firmware.dir/external/umac/external/Musashi/m68kops.c.o
 .text.m68k_op_andi_32_di
                0x1000a920       0x74 CMakeFiles/firmware.dir/external/umac/external/Musashi/m68kops.c.o
 .text.m68k_op_andi_32_pd
                0x1000a994       0x60 CMakeFiles/firmware.dir/external/umac/external/Musashi/m68kops.c.o
 .text.m68k_op_andi_32_pi
                0x1000a9f4       0x60 CMakeFiles/firmware.dir/external/umac/external/Musashi/m68kops.c.o
 .text.m68k_op_andi_32_ai
                0x1000aa54       0x5c CMakeFiles/firmware.dir/external/umac/external/Musashi/m68kops.c.o
 .text.m68k_op_ori_32_al
                0x1000aab0       0x58 CMakeFiles/firmware.dir/external/umac/external/Musashi/m68kops.c.o
 .text.m68k_op_ori_32_aw
                0x1000ab08       0x58 CMakeFiles/firmware.dir/external/umac/external/Musashi/m68kops.c.o
 .text.m68k_op_ori_32_di
                0x1000ab60       0x74 CMakeFiles/firmware.dir/external/umac/external/Musashi/m68kops.c.o
 .text.m68k_op_ori_32_pd
                0x1000abd4       0x5c CMakeFiles/firmware.dir/external/umac/external/Musashi/m68kops.c.o
 .text.m68k_op_ori_32_pi
                0x1000ac30       0x60 CMakeFiles/firmware.dir/external/umac/external/Musashi/m68kops.c.o
 .text.m68k_op_ori_32_ai
                0x1000ac90       0x58 CMakeFiles/firmware.dir/external/umac/external/Musashi/m68kops.c.o
 .text.m68k_op_rol_16_al
                0x1000ace8       0x5c CMakeFiles/firmware.dir/external/umac/external/Musashi/m68kops.c.o
 .text.m68k_op_rol_16_aw
                0x1000ad44       0x5c CMakeFiles/firmware.dir/external/umac/external/Musashi/m68kops.c.o
 .text.m68k_op_rol_16_di
                0x1000ada0       0x70 CMakeFiles/firmware.dir/external/umac/external/Musashi/m68kops.c.o
 .text.m68k_op_rol_16_pd
                0x1000ae10       0x5c CMakeFiles/firmware.dir/external/umac/external/Musashi/m68kops.c.o
 .text.m68k_op_rol_16_pi
                0x1000ae6c       0x5c CMakeFiles/firmware.dir/external/umac/external/Musashi/m68kops.c.o
 .text.m68k_op_rol_16_ai
                0x1000aec8       0x58 CMakeFiles/firmware.dir/external/umac/external/Musashi/m68kops.c.o
 .text.m68k_op_ror_16_al
                0x1000af20       0x5c CMakeFiles/firmware.dir/external/umac/external/Musashi/m68kops.c.o
 .text.m68k_op_ror_16_aw
                0x1000af7c       0x5c CMakeFiles/firmware.dir/external/umac/external/Musashi/m68kops.c.o
 .text.m68k_op_ror_16_di
                0x1000afd8       0x70 CMakeFiles/firmware.dir/external/umac/external/Musashi/m68kops.c.o
 .text.m68k_op_ror_16_pd
                0x1000b048       0x5c CMakeFiles/firmware.dir/external/umac/external/Musashi/m68kops.c.o
 .text.m68k_op_ror_16_pi
                0x1000b0a4       0x5c CMakeFiles/firmware.dir/external/umac/external/Musashi/m68kops.c.o
 .text.m68k_op_ror_16_ai
                0x1000b100       0x58 CMakeFiles/firmware.dir/external/umac/external/Musashi/m68kops.c.o
 .text.m68k_op_roxl_16_al
                0x1000b158       0x64 CMakeFiles/firmware.dir/external/umac/external/Musashi/m68kops.c.o
 .text.m68k_op_roxl_16_aw
                0x1000b1bc       0x64 CMakeFiles/firmware.dir/external/umac/external/Musashi/m68kops.c.o
 .text.m68k_op_roxl_16_di
                0x1000b220       0x78 CMakeFiles/firmware.dir/external/umac/external/Musashi/m68kops.c.o
 .text.m68k_op_roxl_16_pd
                0x1000b298       0x68 CMakeFiles/firmware.dir/external/umac/external/Musashi/m68kops.c.o
 .text.m68k_op_roxl_16_pi
                0x1000b300       0x6c CMakeFiles/firmware.dir/external/umac/external/Musashi/m68kops.c.o
 .text.m68k_op_roxl_16_ai
                0x1000b36c       0x64 CMakeFiles/firmware.dir/external/umac/external/Musashi/m68kops.c.o
 .text.m68k_op_roxr_16_al
                0x1000b3d0       0x64 CMakeFiles/firmware.dir/external/umac/external/Musashi/m68kops.c.o
 .text.m68k_op_roxr_16_aw
                0x1000b434       0x64 CMakeFiles/firmware.dir/external/umac/external/Musashi/m68kops.c.o
 .text.m68k_op_roxr_16_di
                0x1000b498       0x78 CMakeFiles/firmware.dir/external/umac/external/Musashi/m68kops.c.o
 .text.m68k_op_roxr_16_pd
                0x1000b510       0x68 CMakeFiles/firmware.dir/external/umac/external/Musashi/m68kops.c.o
 .text.m68k_op_roxr_16_pi
                0x1000b578       0x6c CMakeFiles/firmware.dir/external/umac/external/Musashi/m68kops.c.o
 .text.m68k_op_roxr_16_ai
                0x1000b5e4       0x64 CMakeFiles/firmware.dir/external/umac/external/Musashi/m68kops.c.o
 .text.m68k_op_lsl_16_al
                0x1000b648       0x58 CMakeFiles/firmware.dir/external/umac/external/Musashi/m68kops.c.o
 .text.m68k_op_lsl_16_aw
                0x1000b6a0       0x5c CMakeFiles/firmware.dir/external/umac/external/Musashi/m68kops.c.o
 .text.m68k_op_lsl_16_di
                0x1000b6fc       0x6c CMakeFiles/firmware.dir/external/umac/external/Musashi/m68kops.c.o
 .text.m68k_op_lsl_16_pd
                0x1000b768       0x60 CMakeFiles/firmware.dir/external/umac/external/Musashi/m68kops.c.o
 .text.m68k_op_lsl_16_pi
                0x1000b7c8       0x60 CMakeFiles/firmware.dir/external/umac/external/Musashi/m68kops.c.o
 .text.m68k_op_lsl_16_ai
                0x1000b828       0x5c CMakeFiles/firmware.dir/external/umac/external/Musashi/m68kops.c.o
 .text.m68k_op_lsr_16_al
                0x1000b884       0x54 CMakeFiles/firmware.dir/external/umac/external/Musashi/m68kops.c.o
 .text.m68k_op_lsr_16_aw
                0x1000b8d8       0x50 CMakeFiles/firmware.dir/external/umac/external/Musashi/m68kops.c.o
 .text.m68k_op_lsr_16_di
                0x1000b928       0x60 CMakeFiles/firmware.dir/external/umac/external/Musashi/m68kops.c.o
 .text.m68k_op_lsr_16_pd
                0x1000b988       0x54 CMakeFiles/firmware.dir/external/umac/external/Musashi/m68kops.c.o
 .text.m68k_op_lsr_16_pi
                0x1000b9dc       0x54 CMakeFiles/firmware.dir/external/umac/external/Musashi/m68kops.c.o
 .text.m68k_op_lsr_16_ai
                0x1000ba30       0x50 CMakeFiles/firmware.dir/external/umac/external/Musashi/m68kops.c.o
 .text.m68k_op_asl_16_al
                0x1000ba80       0x78 CMakeFiles/firmware.dir/external/umac/external/Musashi/m68kops.c.o
 .text.m68k_op_asl_16_aw
                0x1000baf8       0x78 CMakeFiles/firmware.dir/external/umac/external/Musashi/m68kops.c.o
 .text.m68k_op_asl_16_di
                0x1000bb70       0x88 CMakeFiles/firmware.dir/external/umac/external/Musashi/m68kops.c.o
 .text.m68k_op_asl_16_pd
                0x1000bbf8       0x78 CMakeFiles/firmware.dir/external/umac/external/Musashi/m68kops.c.o
 .text.m68k_op_asl_16_pi
                0x1000bc70       0x78 CMakeFiles/firmware.dir/external/umac/external/Musashi/m68kops.c.o
 .text.m68k_op_asl_16_ai
                0x1000bce8       0x74 CMakeFiles/firmware.dir/external/umac/external/Musashi/m68kops.c.o
 .text.m68k_op_asr_16_al
                0x1000bd5c       0x60 CMakeFiles/firmware.dir/external/umac/external/Musashi/m68kops.c.o
 .text.m68k_op_asr_16_aw
                0x1000bdbc       0x60 CMakeFiles/firmware.dir/external/umac/external/Musashi/m68kops.c.o
 .text.m68k_op_asr_16_di
                0x1000be1c       0x70 CMakeFiles/firmware.dir/external/umac/external/Musashi/m68kops.c.o
 .text.m68k_op_asr_16_pd
                0x1000be8c       0x64 CMakeFiles/firmware.dir/external/umac/external/Musashi/m68kops.c.o
 .text.m68k_op_asr_16_pi
                0x1000bef0       0x64 CMakeFiles/firmware.dir/external/umac/external/Musashi/m68kops.c.o
 .text.m68k_op_asr_16_ai
                0x1000bf54       0x60 CMakeFiles/firmware.dir/external/umac/external/Musashi/m68kops.c.o
 .text.m68k_op_add_16_re_al
                0x1000bfb4       0x64 CMakeFiles/firmware.dir/external/umac/external/Musashi/m68kops.c.o
 .text.m68k_op_add_16_re_aw
                0x1000c018       0x64 CMakeFiles/firmware.dir/external/umac/external/Musashi/m68kops.c.o
 .text.m68k_op_add_16_re_di
                0x1000c07c       0x7c CMakeFiles/firmware.dir/external/umac/external/Musashi/m68kops.c.o
 .text.m68k_op_add_16_re_pd
                0x1000c0f8       0x68 CMakeFiles/firmware.dir/external/umac/external/Musashi/m68kops.c.o
 .text.m68k_op_add_16_re_ai
                0x1000c160       0x64 CMakeFiles/firmware.dir/external/umac/external/Musashi/m68kops.c.o
 .text.m68k_op_and_16_re_al
                0x1000c1c4       0x5c CMakeFiles/firmware.dir/external/umac/external/Musashi/m68kops.c.o
 .text.m68k_op_and_16_re_aw
                0x1000c220       0x5c CMakeFiles/firmware.dir/external/umac/external/Musashi/m68kops.c.o
 .text.m68k_op_and_16_re_di
                0x1000c27c       0x74 CMakeFiles/firmware.dir/external/umac/external/Musashi/m68kops.c.o
 .text.m68k_op_and_16_re_pd
                0x1000c2f0       0x60 CMakeFiles/firmware.dir/external/umac/external/Musashi/m68kops.c.o
 .text.m68k_op_and_16_re_pi
                0x1000c350       0x60 CMakeFiles/firmware.dir/external/umac/external/Musashi/m68kops.c.o
 .text.m68k_op_and_16_re_ai
                0x1000c3b0       0x5c CMakeFiles/firmware.dir/external/umac/external/Musashi/m68kops.c.o
 .text.m68k_op_eor_16_al
                0x1000c40c       0x58 CMakeFiles/firmware.dir/external/umac/external/Musashi/m68kops.c.o
 .text.m68k_op_eor_16_aw
                0x1000c464       0x58 CMakeFiles/firmware.dir/external/umac/external/Musashi/m68kops.c.o
 .text.m68k_op_eor_16_di
                0x1000c4bc       0x74 CMakeFiles/firmware.dir/external/umac/external/Musashi/m68kops.c.o
 .text.m68k_op_eor_16_pd
                0x1000c530       0x5c CMakeFiles/firmware.dir/external/umac/external/Musashi/m68kops.c.o
 .text.m68k_op_eor_16_pi
                0x1000c58c       0x60 CMakeFiles/firmware.dir/external/umac/external/Musashi/m68kops.c.o
 .text.m68k_op_eor_16_ai
                0x1000c5ec       0x58 CMakeFiles/firmware.dir/external/umac/external/Musashi/m68kops.c.o
 .text.m68k_op_sub_16_re_al
                0x1000c644       0x7c CMakeFiles/firmware.dir/external/umac/external/Musashi/m68kops.c.o
 .text.m68k_op_sub_16_re_aw
                0x1000c6c0       0x7c CMakeFiles/firmware.dir/external/umac/external/Musashi/m68kops.c.o
 .text.m68k_op_sub_16_re_di
                0x1000c73c       0x88 CMakeFiles/firmware.dir/external/umac/external/Musashi/m68kops.c.o
 .text.m68k_op_sub_16_re_pd
                0x1000c7c4       0x74 CMakeFiles/firmware.dir/external/umac/external/Musashi/m68kops.c.o
 .text.m68k_op_sub_16_re_pi
                0x1000c838       0x78 CMakeFiles/firmware.dir/external/umac/external/Musashi/m68kops.c.o
 .text.m68k_op_sub_16_re_ai
                0x1000c8b0       0x70 CMakeFiles/firmware.dir/external/umac/external/Musashi/m68kops.c.o
 .text.m68k_op_or_16_re_al
                0x1000c920       0x58 CMakeFiles/firmware.dir/external/umac/external/Musashi/m68kops.c.o
 .text.m68k_op_or_16_re_aw
                0x1000c978       0x58 CMakeFiles/firmware.dir/external/umac/external/Musashi/m68kops.c.o
 .text.m68k_op_or_16_re_di
                0x1000c9d0       0x74 CMakeFiles/firmware.dir/external/umac/external/Musashi/m68kops.c.o
 .text.m68k_op_or_16_re_pd
                0x1000ca44       0x5c CMakeFiles/firmware.dir/external/umac/external/Musashi/m68kops.c.o
 .text.m68k_op_or_16_re_pi
                0x1000caa0       0x60 CMakeFiles/firmware.dir/external/umac/external/Musashi/m68kops.c.o
 .text.m68k_op_or_16_re_ai
                0x1000cb00       0x58 CMakeFiles/firmware.dir/external/umac/external/Musashi/m68kops.c.o
 .text.m68k_op_subq_16_al
                0x1000cb58       0x7c CMakeFiles/firmware.dir/external/umac/external/Musashi/m68kops.c.o
 .text.m68k_op_subq_16_aw
                0x1000cbd4       0x7c CMakeFiles/firmware.dir/external/umac/external/Musashi/m68kops.c.o
 .text.m68k_op_subq_16_di
                0x1000cc50       0x84 CMakeFiles/firmware.dir/external/umac/external/Musashi/m68kops.c.o
 .text.m68k_op_subq_16_pd
                0x1000ccd4       0x70 CMakeFiles/firmware.dir/external/umac/external/Musashi/m68kops.c.o
 .text.m68k_op_subq_16_pi
                0x1000cd44       0x74 CMakeFiles/firmware.dir/external/umac/external/Musashi/m68kops.c.o
 .text.m68k_op_subq_16_ai
                0x1000cdb8       0x6c CMakeFiles/firmware.dir/external/umac/external/Musashi/m68kops.c.o
 .text.m68k_op_addq_16_al
                0x1000ce24       0x64 CMakeFiles/firmware.dir/external/umac/external/Musashi/m68kops.c.o
 .text.m68k_op_addq_16_aw
                0x1000ce88       0x64 CMakeFiles/firmware.dir/external/umac/external/Musashi/m68kops.c.o
 .text.m68k_op_addq_16_di
                0x1000ceec       0x78 CMakeFiles/firmware.dir/external/umac/external/Musashi/m68kops.c.o
 .text.m68k_op_addq_16_pd
                0x1000cf64       0x64 CMakeFiles/firmware.dir/external/umac/external/Musashi/m68kops.c.o
 .text.m68k_op_addq_16_pi
                0x1000cfc8       0x64 CMakeFiles/firmware.dir/external/umac/external/Musashi/m68kops.c.o
 .text.m68k_op_addq_16_ai
                0x1000d02c       0x60 CMakeFiles/firmware.dir/external/umac/external/Musashi/m68kops.c.o
 .text.m68k_op_movem_16_re_al
                0x1000d08c      0x218 CMakeFiles/firmware.dir/external/umac/external/Musashi/m68kops.c.o
 .text.m68k_op_movem_16_re_aw
                0x1000d2a4      0x218 CMakeFiles/firmware.dir/external/umac/external/Musashi/m68kops.c.o
 .text.m68k_op_movem_16_re_di
                0x1000d4bc      0x230 CMakeFiles/firmware.dir/external/umac/external/Musashi/m68kops.c.o
 .text.m68k_op_movem_16_re_pd
                0x1000d6ec      0x22c CMakeFiles/firmware.dir/external/umac/external/Musashi/m68kops.c.o
 .text.m68k_op_movem_16_re_ai
                0x1000d918      0x218 CMakeFiles/firmware.dir/external/umac/external/Musashi/m68kops.c.o
 .text.m68k_op_not_16_al
                0x1000db30       0x4c CMakeFiles/firmware.dir/external/umac/external/Musashi/m68kops.c.o
 .text.m68k_op_not_16_aw
                0x1000db7c       0x4c CMakeFiles/firmware.dir/external/umac/external/Musashi/m68kops.c.o
 .text.m68k_op_not_16_di
                0x1000dbc8       0x60 CMakeFiles/firmware.dir/external/umac/external/Musashi/m68kops.c.o
 .text.m68k_op_not_16_pd
                0x1000dc28       0x50 CMakeFiles/firmware.dir/external/umac/external/Musashi/m68kops.c.o
 .text.m68k_op_not_16_pi
                0x1000dc78       0x54 CMakeFiles/firmware.dir/external/umac/external/Musashi/m68kops.c.o
 .text.m68k_op_not_16_ai
                0x1000dccc       0x4c CMakeFiles/firmware.dir/external/umac/external/Musashi/m68kops.c.o
 .text.m68k_op_neg_16_al
                0x1000dd18       0x54 CMakeFiles/firmware.dir/external/umac/external/Musashi/m68kops.c.o
 .text.m68k_op_neg_16_aw
                0x1000dd6c       0x54 CMakeFiles/firmware.dir/external/umac/external/Musashi/m68kops.c.o
 .text.m68k_op_neg_16_di
                0x1000ddc0       0x64 CMakeFiles/firmware.dir/external/umac/external/Musashi/m68kops.c.o
 .text.m68k_op_neg_16_pd
                0x1000de24       0x58 CMakeFiles/firmware.dir/external/umac/external/Musashi/m68kops.c.o
 .text.m68k_op_neg_16_pi
                0x1000de7c       0x58 CMakeFiles/firmware.dir/external/umac/external/Musashi/m68kops.c.o
 .text.m68k_op_neg_16_ai
                0x1000ded4       0x54 CMakeFiles/firmware.dir/external/umac/external/Musashi/m68kops.c.o
 .text.m68k_op_clr_16_al
                0x1000df28       0x38 CMakeFiles/firmware.dir/external/umac/external/Musashi/m68kops.c.o
 .text.m68k_op_clr_16_pi
                0x1000df60       0x40 CMakeFiles/firmware.dir/external/umac/external/Musashi/m68kops.c.o
 .text.m68k_op_move_16_frs_al
                0x1000dfa0       0x98 CMakeFiles/firmware.dir/external/umac/external/Musashi/m68kops.c.o
 .text.m68k_op_move_16_frs_aw
                0x1000e038       0x98 CMakeFiles/firmware.dir/external/umac/external/Musashi/m68kops.c.o
 .text.m68k_op_move_16_frs_di
                0x1000e0d0       0xac CMakeFiles/firmware.dir/external/umac/external/Musashi/m68kops.c.o
 .text.m68k_op_move_16_frs_pi
                0x1000e17c       0xa4 CMakeFiles/firmware.dir/external/umac/external/Musashi/m68kops.c.o
 .text.m68k_op_move_16_frs_ai
                0x1000e220       0x98 CMakeFiles/firmware.dir/external/umac/external/Musashi/m68kops.c.o
 .text.m68k_op_negx_16_al
                0x1000e2b8       0x64 CMakeFiles/firmware.dir/external/umac/external/Musashi/m68kops.c.o
 .text.m68k_op_negx_16_aw
                0x1000e31c       0x64 CMakeFiles/firmware.dir/external/umac/external/Musashi/m68kops.c.o
 .text.m68k_op_negx_16_di
                0x1000e380       0x74 CMakeFiles/firmware.dir/external/umac/external/Musashi/m68kops.c.o
 .text.m68k_op_negx_16_pd
                0x1000e3f4       0x68 CMakeFiles/firmware.dir/external/umac/external/Musashi/m68kops.c.o
 .text.m68k_op_negx_16_pi
                0x1000e45c       0x68 CMakeFiles/firmware.dir/external/umac/external/Musashi/m68kops.c.o
 .text.m68k_op_negx_16_ai
                0x1000e4c4       0x64 CMakeFiles/firmware.dir/external/umac/external/Musashi/m68kops.c.o
 .text.m68k_op_move_16_al_i
                0x1000e528       0x4c CMakeFiles/firmware.dir/external/umac/external/Musashi/m68kops.c.o
 .text.m68k_op_move_16_al_a
                0x1000e574       0x50 CMakeFiles/firmware.dir/external/umac/external/Musashi/m68kops.c.o
 .text.m68k_op_move_16_al_d
                0x1000e5c4       0x4c CMakeFiles/firmware.dir/external/umac/external/Musashi/m68kops.c.o
 .text.m68k_op_move_16_aw_i
                0x1000e610       0x50 CMakeFiles/firmware.dir/external/umac/external/Musashi/m68kops.c.o
 .text.m68k_op_move_16_aw_a
                0x1000e660       0x54 CMakeFiles/firmware.dir/external/umac/external/Musashi/m68kops.c.o
 .text.m68k_op_move_16_aw_d
                0x1000e6b4       0x50 CMakeFiles/firmware.dir/external/umac/external/Musashi/m68kops.c.o
 .text.m68k_op_move_16_di_a
                0x1000e704       0x68 CMakeFiles/firmware.dir/external/umac/external/Musashi/m68kops.c.o
 .text.m68k_op_move_16_pd_a
                0x1000e76c       0x54 CMakeFiles/firmware.dir/external/umac/external/Musashi/m68kops.c.o
 .text.m68k_op_move_16_pi_a
                0x1000e7c0       0x54 CMakeFiles/firmware.dir/external/umac/external/Musashi/m68kops.c.o
 .text.m68k_op_move_16_ai_i
                0x1000e814       0x50 CMakeFiles/firmware.dir/external/umac/external/Musashi/m68kops.c.o
 .text.m68k_op_move_16_ai_a
                0x1000e864       0x50 CMakeFiles/firmware.dir/external/umac/external/Musashi/m68kops.c.o
 .text.m68k_op_move_32_pd_pcdi
                0x1000e8b4       0x68 CMakeFiles/firmware.dir/external/umac/external/Musashi/m68kops.c.o
 .text.m68k_op_move_32_pd_al
                0x1000e91c       0x64 CMakeFiles/firmware.dir/external/umac/external/Musashi/m68kops.c.o
 .text.m68k_op_eori_16_al
                0x1000e980       0x58 CMakeFiles/firmware.dir/external/umac/external/Musashi/m68kops.c.o
 .text.m68k_op_eori_16_aw
                0x1000e9d8       0x58 CMakeFiles/firmware.dir/external/umac/external/Musashi/m68kops.c.o
 .text.m68k_op_eori_16_di
                0x1000ea30       0x74 CMakeFiles/firmware.dir/external/umac/external/Musashi/m68kops.c.o
 .text.m68k_op_eori_16_pd
                0x1000eaa4       0x5c CMakeFiles/firmware.dir/external/umac/external/Musashi/m68kops.c.o
 .text.m68k_op_eori_16_pi
                0x1000eb00       0x60 CMakeFiles/firmware.dir/external/umac/external/Musashi/m68kops.c.o
 .text.m68k_op_eori_16_ai
                0x1000eb60       0x58 CMakeFiles/firmware.dir/external/umac/external/Musashi/m68kops.c.o
 .text.m68k_op_addi_16_al
                0x1000ebb8       0x68 CMakeFiles/firmware.dir/external/umac/external/Musashi/m68kops.c.o
 .text.m68k_op_addi_16_aw
                0x1000ec20       0x68 CMakeFiles/firmware.dir/external/umac/external/Musashi/m68kops.c.o
 .text.m68k_op_addi_16_di
                0x1000ec88       0x84 CMakeFiles/firmware.dir/external/umac/external/Musashi/m68kops.c.o
 .text.m68k_op_addi_16_pd
                0x1000ed0c       0x6c CMakeFiles/firmware.dir/external/umac/external/Musashi/m68kops.c.o
 .text.m68k_op_addi_16_pi
                0x1000ed78       0x6c CMakeFiles/firmware.dir/external/umac/external/Musashi/m68kops.c.o
 .text.m68k_op_addi_16_ai
                0x1000ede4       0x68 CMakeFiles/firmware.dir/external/umac/external/Musashi/m68kops.c.o
 .text.m68k_op_subi_16_al
                0x1000ee4c       0x80 CMakeFiles/firmware.dir/external/umac/external/Musashi/m68kops.c.o
 .text.m68k_op_subi_16_aw
                0x1000eecc       0x80 CMakeFiles/firmware.dir/external/umac/external/Musashi/m68kops.c.o
 .text.m68k_op_subi_16_di
                0x1000ef4c       0x88 CMakeFiles/firmware.dir/external/umac/external/Musashi/m68kops.c.o
 .text.m68k_op_subi_16_pd
                0x1000efd4       0x84 CMakeFiles/firmware.dir/external/umac/external/Musashi/m68kops.c.o
 .text.m68k_op_subi_16_pi
                0x1000f058       0x84 CMakeFiles/firmware.dir/external/umac/external/Musashi/m68kops.c.o
 .text.m68k_op_subi_16_ai
                0x1000f0dc       0x80 CMakeFiles/firmware.dir/external/umac/external/Musashi/m68kops.c.o
 .text.m68k_op_andi_16_al
                0x1000f15c       0x5c CMakeFiles/firmware.dir/external/umac/external/Musashi/m68kops.c.o
 .text.m68k_op_andi_16_aw
                0x1000f1b8       0x5c CMakeFiles/firmware.dir/external/umac/external/Musashi/m68kops.c.o
 .text.m68k_op_andi_16_di
                0x1000f214       0x74 CMakeFiles/firmware.dir/external/umac/external/Musashi/m68kops.c.o
 .text.m68k_op_andi_16_pd
                0x1000f288       0x60 CMakeFiles/firmware.dir/external/umac/external/Musashi/m68kops.c.o
 .text.m68k_op_andi_16_pi
                0x1000f2e8       0x60 CMakeFiles/firmware.dir/external/umac/external/Musashi/m68kops.c.o
 .text.m68k_op_andi_16_ai
                0x1000f348       0x5c CMakeFiles/firmware.dir/external/umac/external/Musashi/m68kops.c.o
 .text.m68k_op_ori_16_al
                0x1000f3a4       0x5c CMakeFiles/firmware.dir/external/umac/external/Musashi/m68kops.c.o
 .text.m68k_op_ori_16_aw
                0x1000f400       0x5c CMakeFiles/firmware.dir/external/umac/external/Musashi/m68kops.c.o
 .text.m68k_op_ori_16_di
                0x1000f45c       0x78 CMakeFiles/firmware.dir/external/umac/external/Musashi/m68kops.c.o
 .text.m68k_op_ori_16_pd
                0x1000f4d4       0x60 CMakeFiles/firmware.dir/external/umac/external/Musashi/m68kops.c.o
 .text.m68k_op_ori_16_pi
                0x1000f534       0x64 CMakeFiles/firmware.dir/external/umac/external/Musashi/m68kops.c.o
 .text.m68k_op_ori_16_ai
                0x1000f598       0x5c CMakeFiles/firmware.dir/external/umac/external/Musashi/m68kops.c.o
 .text.m68k_op_add_8_er_pd7
                0x1000f5f4       0x58 CMakeFiles/firmware.dir/external/umac/external/Musashi/m68kops.c.o
 .text.m68k_op_and_8_er_pd7
                0x1000f64c       0x4c CMakeFiles/firmware.dir/external/umac/external/Musashi/m68kops.c.o
 .text.m68k_op_cmp_8_pd7
                0x1000f698       0x4c CMakeFiles/firmware.dir/external/umac/external/Musashi/m68kops.c.o
 .text.m68k_op_sub_8_er_pd7
                0x1000f6e4       0x5c CMakeFiles/firmware.dir/external/umac/external/Musashi/m68kops.c.o
 .text.m68k_op_or_8_er_pd7
                0x1000f740       0x44 CMakeFiles/firmware.dir/external/umac/external/Musashi/m68kops.c.o
 .text.m68k_op_tst_8_pd7
                0x1000f784       0x30 CMakeFiles/firmware.dir/external/umac/external/Musashi/m68kops.c.o
 .text.m68k_op_move_8_d_pd7
                0x1000f7b4       0x48 CMakeFiles/firmware.dir/external/umac/external/Musashi/m68kops.c.o
 .text.m68k_op_cmpi_8_pd7
                0x1000f7fc       0x4c CMakeFiles/firmware.dir/external/umac/external/Musashi/m68kops.c.o
 .text.m68k_op_btst_8_s_pd7
                0x1000f848       0x3c CMakeFiles/firmware.dir/external/umac/external/Musashi/m68kops.c.o
 .text.m68k_op_btst_8_r_pd7
                0x1000f884       0x38 CMakeFiles/firmware.dir/external/umac/external/Musashi/m68kops.c.o
 .text.m68k_op_add_8_er_pi7
                0x1000f8bc       0x58 CMakeFiles/firmware.dir/external/umac/external/Musashi/m68kops.c.o
 .text.m68k_op_and_8_er_pi7
                0x1000f914       0x4c CMakeFiles/firmware.dir/external/umac/external/Musashi/m68kops.c.o
 .text.m68k_op_cmpm_8_axy7
                0x1000f960       0x50 CMakeFiles/firmware.dir/external/umac/external/Musashi/m68kops.c.o
 .text.m68k_op_cmp_8_pi7
                0x1000f9b0       0x4c CMakeFiles/firmware.dir/external/umac/external/Musashi/m68kops.c.o
 .text.m68k_op_sub_8_er_pi7
                0x1000f9fc       0x5c CMakeFiles/firmware.dir/external/umac/external/Musashi/m68kops.c.o
 .text.m68k_op_or_8_er_pi7
                0x1000fa58       0x44 CMakeFiles/firmware.dir/external/umac/external/Musashi/m68kops.c.o
 .text.m68k_op_cmpi_8_pi7
                0x1000fa9c       0x4c CMakeFiles/firmware.dir/external/umac/external/Musashi/m68kops.c.o
 .text.m68k_op_btst_8_s_pi7
                0x1000fae8       0x3c CMakeFiles/firmware.dir/external/umac/external/Musashi/m68kops.c.o
 .text.m68k_op_btst_8_r_pi7
                0x1000fb24       0x38 CMakeFiles/firmware.dir/external/umac/external/Musashi/m68kops.c.o
 .text.m68k_op_cmpm_8_ay7
                0x1000fb5c       0x60 CMakeFiles/firmware.dir/external/umac/external/Musashi/m68kops.c.o
 .text.m68k_op_movep_32_er
                0x1000fbbc       0x84 CMakeFiles/firmware.dir/external/umac/external/Musashi/m68kops.c.o
 .text.m68k_op_movep_16_er
                0x1000fc40       0x74 CMakeFiles/firmware.dir/external/umac/external/Musashi/m68kops.c.o
 .text.m68k_op_addx_8_mm_axy7
                0x1000fcb4       0x64 CMakeFiles/firmware.dir/external/umac/external/Musashi/m68kops.c.o
 .text.m68k_op_add_8_re_al
                0x1000fd18       0x60 CMakeFiles/firmware.dir/external/umac/external/Musashi/m68kops.c.o
 .text.m68k_op_add_8_re_aw
                0x1000fd78       0x60 CMakeFiles/firmware.dir/external/umac/external/Musashi/m68kops.c.o
 .text.m68k_op_add_8_re_di
                0x1000fdd8       0x78 CMakeFiles/firmware.dir/external/umac/external/Musashi/m68kops.c.o
 .text.m68k_op_add_8_re_pd7
                0x1000fe50       0x54 CMakeFiles/firmware.dir/external/umac/external/Musashi/m68kops.c.o
 .text.m68k_op_add_8_re_pd
                0x1000fea4       0x64 CMakeFiles/firmware.dir/external/umac/external/Musashi/m68kops.c.o
 .text.m68k_op_add_8_re_pi7
                0x1000ff08       0x54 CMakeFiles/firmware.dir/external/umac/external/Musashi/m68kops.c.o
 .text.m68k_op_add_8_re_pi
                0x1000ff5c       0x64 CMakeFiles/firmware.dir/external/umac/external/Musashi/m68kops.c.o
 .text.m68k_op_add_8_re_ai
                0x1000ffc0       0x60 CMakeFiles/firmware.dir/external/umac/external/Musashi/m68kops.c.o
 .text.m68k_op_addx_8_mm_ay7
                0x10010020       0x74 CMakeFiles/firmware.dir/external/umac/external/Musashi/m68kops.c.o
 .text.m68k_op_abcd_8_mm_axy7
                0x10010094       0x90 CMakeFiles/firmware.dir/external/umac/external/Musashi/m68kops.c.o
 .text.m68k_op_and_8_re_al
                0x10010124       0x58 CMakeFiles/firmware.dir/external/umac/external/Musashi/m68kops.c.o
 .text.m68k_op_and_8_re_aw
                0x1001017c       0x58 CMakeFiles/firmware.dir/external/umac/external/Musashi/m68kops.c.o
 .text.m68k_op_and_8_re_di
                0x100101d4       0x74 CMakeFiles/firmware.dir/external/umac/external/Musashi/m68kops.c.o
 .text.m68k_op_and_8_re_pd7
                0x10010248       0x50 CMakeFiles/firmware.dir/external/umac/external/Musashi/m68kops.c.o
 .text.m68k_op_and_8_re_pd
                0x10010298       0x5c CMakeFiles/firmware.dir/external/umac/external/Musashi/m68kops.c.o
 .text.m68k_op_and_8_re_pi7
                0x100102f4       0x50 CMakeFiles/firmware.dir/external/umac/external/Musashi/m68kops.c.o
 .text.m68k_op_and_8_re_pi
                0x10010344       0x60 CMakeFiles/firmware.dir/external/umac/external/Musashi/m68kops.c.o
 .text.m68k_op_and_8_re_ai
                0x100103a4       0x58 CMakeFiles/firmware.dir/external/umac/external/Musashi/m68kops.c.o
 .text.m68k_op_abcd_8_mm_ay7
                0x100103fc       0x9c CMakeFiles/firmware.dir/external/umac/external/Musashi/m68kops.c.o
 .text.m68k_op_eor_8_al
                0x10010498       0x58 CMakeFiles/firmware.dir/external/umac/external/Musashi/m68kops.c.o
 .text.m68k_op_eor_8_aw
                0x100104f0       0x58 CMakeFiles/firmware.dir/external/umac/external/Musashi/m68kops.c.o
 .text.m68k_op_eor_8_di
                0x10010548       0x70 CMakeFiles/firmware.dir/external/umac/external/Musashi/m68kops.c.o
 .text.m68k_op_eor_8_pd7
                0x100105b8       0x4c CMakeFiles/firmware.dir/external/umac/external/Musashi/m68kops.c.o
 .text.m68k_op_eor_8_pd
                0x10010604       0x5c CMakeFiles/firmware.dir/external/umac/external/Musashi/m68kops.c.o
 .text.m68k_op_eor_8_pi7
                0x10010660       0x4c CMakeFiles/firmware.dir/external/umac/external/Musashi/m68kops.c.o
 .text.m68k_op_eor_8_pi
                0x100106ac       0x5c CMakeFiles/firmware.dir/external/umac/external/Musashi/m68kops.c.o
 .text.m68k_op_eor_8_ai
                0x10010708       0x58 CMakeFiles/firmware.dir/external/umac/external/Musashi/m68kops.c.o
 .text.m68k_op_subx_8_mm_axy7
                0x10010760       0x68 CMakeFiles/firmware.dir/external/umac/external/Musashi/m68kops.c.o
 .text.m68k_op_sub_8_re_al
                0x100107c8       0x5c CMakeFiles/firmware.dir/external/umac/external/Musashi/m68kops.c.o
 .text.m68k_op_sub_8_re_aw
                0x10010824       0x5c CMakeFiles/firmware.dir/external/umac/external/Musashi/m68kops.c.o
 .text.m68k_op_sub_8_re_di
                0x10010880       0x78 CMakeFiles/firmware.dir/external/umac/external/Musashi/m68kops.c.o
 .text.m68k_op_sub_8_re_pd7
                0x100108f8       0x54 CMakeFiles/firmware.dir/external/umac/external/Musashi/m68kops.c.o
 .text.m68k_op_sub_8_re_pd
                0x1001094c       0x60 CMakeFiles/firmware.dir/external/umac/external/Musashi/m68kops.c.o
 .text.m68k_op_sub_8_re_pi7
                0x100109ac       0x54 CMakeFiles/firmware.dir/external/umac/external/Musashi/m68kops.c.o
 .text.m68k_op_sub_8_re_pi
                0x10010a00       0x64 CMakeFiles/firmware.dir/external/umac/external/Musashi/m68kops.c.o
 .text.m68k_op_sub_8_re_ai
                0x10010a64       0x5c CMakeFiles/firmware.dir/external/umac/external/Musashi/m68kops.c.o
 .text.m68k_op_subx_8_mm_ay7
                0x10010ac0       0x78 CMakeFiles/firmware.dir/external/umac/external/Musashi/m68kops.c.o
 .text.m68k_op_sbcd_8_mm_axy7
                0x10010b38       0x94 CMakeFiles/firmware.dir/external/umac/external/Musashi/m68kops.c.o
 .text.m68k_op_or_8_re_al
                0x10010bcc       0x58 CMakeFiles/firmware.dir/external/umac/external/Musashi/m68kops.c.o
 .text.m68k_op_or_8_re_aw
                0x10010c24       0x58 CMakeFiles/firmware.dir/external/umac/external/Musashi/m68kops.c.o
 .text.m68k_op_or_8_re_di
                0x10010c7c       0x70 CMakeFiles/firmware.dir/external/umac/external/Musashi/m68kops.c.o
 .text.m68k_op_or_8_re_pd7
                0x10010cec       0x4c CMakeFiles/firmware.dir/external/umac/external/Musashi/m68kops.c.o
 .text.m68k_op_or_8_re_pd
                0x10010d38       0x5c CMakeFiles/firmware.dir/external/umac/external/Musashi/m68kops.c.o
 .text.m68k_op_or_8_re_pi7
                0x10010d94       0x4c CMakeFiles/firmware.dir/external/umac/external/Musashi/m68kops.c.o
 .text.m68k_op_or_8_re_pi
                0x10010de0       0x5c CMakeFiles/firmware.dir/external/umac/external/Musashi/m68kops.c.o
 .text.m68k_op_or_8_re_ai
                0x10010e3c       0x58 CMakeFiles/firmware.dir/external/umac/external/Musashi/m68kops.c.o
 .text.m68k_op_sbcd_8_mm_ay7
                0x10010e94       0xa0 CMakeFiles/firmware.dir/external/umac/external/Musashi/m68kops.c.o
 .text.m68k_op_sbcd_8_mm
                0x10010f34       0xb4 CMakeFiles/firmware.dir/external/umac/external/Musashi/m68kops.c.o
 .text.m68k_op_sle_8_al
                0x10010fe8       0x4c CMakeFiles/firmware.dir/external/umac/external/Musashi/m68kops.c.o
 .text.m68k_op_sle_8_aw
                0x10011034       0x50 CMakeFiles/firmware.dir/external/umac/external/Musashi/m68kops.c.o
 .text.m68k_op_sle_8_di
                0x10011084       0x60 CMakeFiles/firmware.dir/external/umac/external/Musashi/m68kops.c.o
 .text.m68k_op_sle_8_pd7
                0x100110e4       0x44 CMakeFiles/firmware.dir/external/umac/external/Musashi/m68kops.c.o
 .text.m68k_op_sle_8_pd
                0x10011128       0x54 CMakeFiles/firmware.dir/external/umac/external/Musashi/m68kops.c.o
 .text.m68k_op_sle_8_pi7
                0x1001117c       0x48 CMakeFiles/firmware.dir/external/umac/external/Musashi/m68kops.c.o
 .text.m68k_op_sle_8_pi
                0x100111c4       0x58 CMakeFiles/firmware.dir/external/umac/external/Musashi/m68kops.c.o
 .text.m68k_op_sle_8_ai
                0x1001121c       0x50 CMakeFiles/firmware.dir/external/umac/external/Musashi/m68kops.c.o
 .text.m68k_op_sgt_8_al
                0x1001126c       0x4c CMakeFiles/firmware.dir/external/umac/external/Musashi/m68kops.c.o
 .text.m68k_op_sgt_8_aw
                0x100112b8       0x50 CMakeFiles/firmware.dir/external/umac/external/Musashi/m68kops.c.o
 .text.m68k_op_sgt_8_di
                0x10011308       0x60 CMakeFiles/firmware.dir/external/umac/external/Musashi/m68kops.c.o
 .text.m68k_op_sgt_8_pd7
                0x10011368       0x40 CMakeFiles/firmware.dir/external/umac/external/Musashi/m68kops.c.o
 .text.m68k_op_sgt_8_pd
                0x100113a8       0x50 CMakeFiles/firmware.dir/external/umac/external/Musashi/m68kops.c.o
 .text.m68k_op_sgt_8_pi7
                0x100113f8       0x44 CMakeFiles/firmware.dir/external/umac/external/Musashi/m68kops.c.o
 .text.m68k_op_sgt_8_pi
                0x1001143c       0x54 CMakeFiles/firmware.dir/external/umac/external/Musashi/m68kops.c.o
 .text.m68k_op_sgt_8_ai
                0x10011490       0x50 CMakeFiles/firmware.dir/external/umac/external/Musashi/m68kops.c.o
 .text.m68k_op_slt_8_al
                0x100114e0       0x44 CMakeFiles/firmware.dir/external/umac/external/Musashi/m68kops.c.o
 .text.m68k_op_slt_8_aw
                0x10011524       0x44 CMakeFiles/firmware.dir/external/umac/external/Musashi/m68kops.c.o
 .text.m68k_op_slt_8_di
                0x10011568       0x58 CMakeFiles/firmware.dir/external/umac/external/Musashi/m68kops.c.o
 .text.m68k_op_slt_8_pd7
                0x100115c0       0x3c CMakeFiles/firmware.dir/external/umac/external/Musashi/m68kops.c.o
 .text.m68k_op_slt_8_pd
                0x100115fc       0x4c CMakeFiles/firmware.dir/external/umac/external/Musashi/m68kops.c.o
 .text.m68k_op_slt_8_pi7
                0x10011648       0x3c CMakeFiles/firmware.dir/external/umac/external/Musashi/m68kops.c.o
 .text.m68k_op_slt_8_pi
                0x10011684       0x4c CMakeFiles/firmware.dir/external/umac/external/Musashi/m68kops.c.o
 .text.m68k_op_slt_8_ai
                0x100116d0       0x44 CMakeFiles/firmware.dir/external/umac/external/Musashi/m68kops.c.o
 .text.m68k_op_sge_8_al
                0x10011714       0x3c CMakeFiles/firmware.dir/external/umac/external/Musashi/m68kops.c.o
 .text.m68k_op_sge_8_aw
                0x10011750       0x3c CMakeFiles/firmware.dir/external/umac/external/Musashi/m68kops.c.o
 .text.m68k_op_sge_8_di
                0x1001178c       0x50 CMakeFiles/firmware.dir/external/umac/external/Musashi/m68kops.c.o
 .text.m68k_op_sge_8_pd7
                0x100117dc       0x34 CMakeFiles/firmware.dir/external/umac/external/Musashi/m68kops.c.o
 .text.m68k_op_sge_8_pd
                0x10011810       0x40 CMakeFiles/firmware.dir/external/umac/external/Musashi/m68kops.c.o
 .text.m68k_op_sge_8_pi7
                0x10011850       0x34 CMakeFiles/firmware.dir/external/umac/external/Musashi/m68kops.c.o
 .text.m68k_op_sge_8_pi
                0x10011884       0x44 CMakeFiles/firmware.dir/external/umac/external/Musashi/m68kops.c.o
 .text.m68k_op_sge_8_ai
                0x100118c8       0x3c CMakeFiles/firmware.dir/external/umac/external/Musashi/m68kops.c.o
 .text.m68k_op_smi_8_al
                0x10011904       0x3c CMakeFiles/firmware.dir/external/umac/external/Musashi/m68kops.c.o
 .text.m68k_op_smi_8_aw
                0x10011940       0x3c CMakeFiles/firmware.dir/external/umac/external/Musashi/m68kops.c.o
 .text.m68k_op_smi_8_di
                0x1001197c       0x50 CMakeFiles/firmware.dir/external/umac/external/Musashi/m68kops.c.o
 .text.m68k_op_smi_8_pd7
                0x100119cc       0x34 CMakeFiles/firmware.dir/external/umac/external/Musashi/m68kops.c.o
 .text.m68k_op_smi_8_pd
                0x10011a00       0x40 CMakeFiles/firmware.dir/external/umac/external/Musashi/m68kops.c.o
 .text.m68k_op_smi_8_pi7
                0x10011a40       0x34 CMakeFiles/firmware.dir/external/umac/external/Musashi/m68kops.c.o
 .text.m68k_op_smi_8_pi
                0x10011a74       0x44 CMakeFiles/firmware.dir/external/umac/external/Musashi/m68kops.c.o
 .text.m68k_op_smi_8_ai
                0x10011ab8       0x3c CMakeFiles/firmware.dir/external/umac/external/Musashi/m68kops.c.o
 .text.m68k_op_spl_8_al
                0x10011af4       0x34 CMakeFiles/firmware.dir/external/umac/external/Musashi/m68kops.c.o
 .text.m68k_op_spl_8_aw
                0x10011b28       0x38 CMakeFiles/firmware.dir/external/umac/external/Musashi/m68kops.c.o
 .text.m68k_op_spl_8_di
                0x10011b60       0x48 CMakeFiles/firmware.dir/external/umac/external/Musashi/m68kops.c.o
 .text.m68k_op_spl_8_pd7
                0x10011ba8       0x2c CMakeFiles/firmware.dir/external/umac/external/Musashi/m68kops.c.o
 .text.m68k_op_spl_8_pd
                0x10011bd4       0x34 CMakeFiles/firmware.dir/external/umac/external/Musashi/m68kops.c.o
 .text.m68k_op_spl_8_pi7
                0x10011c08       0x2c CMakeFiles/firmware.dir/external/umac/external/Musashi/m68kops.c.o
 .text.m68k_op_spl_8_pi
                0x10011c34       0x40 CMakeFiles/firmware.dir/external/umac/external/Musashi/m68kops.c.o
 .text.m68k_op_spl_8_ai
                0x10011c74       0x34 CMakeFiles/firmware.dir/external/umac/external/Musashi/m68kops.c.o
 .text.m68k_op_svs_8_al
                0x10011ca8       0x3c CMakeFiles/firmware.dir/external/umac/external/Musashi/m68kops.c.o
 .text.m68k_op_svs_8_aw
                0x10011ce4       0x3c CMakeFiles/firmware.dir/external/umac/external/Musashi/m68kops.c.o
 .text.m68k_op_svs_8_di
                0x10011d20       0x50 CMakeFiles/firmware.dir/external/umac/external/Musashi/m68kops.c.o
 .text.m68k_op_svs_8_pd7
                0x10011d70       0x34 CMakeFiles/firmware.dir/external/umac/external/Musashi/m68kops.c.o
 .text.m68k_op_svs_8_pd
                0x10011da4       0x40 CMakeFiles/firmware.dir/external/umac/external/Musashi/m68kops.c.o
 .text.m68k_op_svs_8_pi7
                0x10011de4       0x34 CMakeFiles/firmware.dir/external/umac/external/Musashi/m68kops.c.o
 .text.m68k_op_svs_8_pi
                0x10011e18       0x44 CMakeFiles/firmware.dir/external/umac/external/Musashi/m68kops.c.o
 .text.m68k_op_svs_8_ai
                0x10011e5c       0x3c CMakeFiles/firmware.dir/external/umac/external/Musashi/m68kops.c.o
 .text.m68k_op_svc_8_al
                0x10011e98       0x34 CMakeFiles/firmware.dir/external/umac/external/Musashi/m68kops.c.o
 .text.m68k_op_svc_8_aw
                0x10011ecc       0x38 CMakeFiles/firmware.dir/external/umac/external/Musashi/m68kops.c.o
 .text.m68k_op_svc_8_di
                0x10011f04       0x48 CMakeFiles/firmware.dir/external/umac/external/Musashi/m68kops.c.o
 .text.m68k_op_svc_8_pd7
                0x10011f4c       0x2c CMakeFiles/firmware.dir/external/umac/external/Musashi/m68kops.c.o
 .text.m68k_op_svc_8_pd
                0x10011f78       0x34 CMakeFiles/firmware.dir/external/umac/external/Musashi/m68kops.c.o
 .text.m68k_op_svc_8_pi7
                0x10011fac       0x2c CMakeFiles/firmware.dir/external/umac/external/Musashi/m68kops.c.o
 .text.m68k_op_svc_8_pi
                0x10011fd8       0x40 CMakeFiles/firmware.dir/external/umac/external/Musashi/m68kops.c.o
 .text.m68k_op_svc_8_ai
                0x10012018       0x34 CMakeFiles/firmware.dir/external/umac/external/Musashi/m68kops.c.o
 .text.m68k_op_seq_8_al
                0x1001204c       0x38 CMakeFiles/firmware.dir/external/umac/external/Musashi/m68kops.c.o
 .text.m68k_op_seq_8_aw
                0x10012084       0x38 CMakeFiles/firmware.dir/external/umac/external/Musashi/m68kops.c.o
 .text.m68k_op_seq_8_di
                0x100120bc       0x4c CMakeFiles/firmware.dir/external/umac/external/Musashi/m68kops.c.o
 .text.m68k_op_seq_8_pd7
                0x10012108       0x2c CMakeFiles/firmware.dir/external/umac/external/Musashi/m68kops.c.o
 .text.m68k_op_seq_8_pd
                0x10012134       0x38 CMakeFiles/firmware.dir/external/umac/external/Musashi/m68kops.c.o
 .text.m68k_op_seq_8_pi7
                0x1001216c       0x2c CMakeFiles/firmware.dir/external/umac/external/Musashi/m68kops.c.o
 .text.m68k_op_seq_8_pi
                0x10012198       0x40 CMakeFiles/firmware.dir/external/umac/external/Musashi/m68kops.c.o
 .text.m68k_op_seq_8_ai
                0x100121d8       0x38 CMakeFiles/firmware.dir/external/umac/external/Musashi/m68kops.c.o
 .text.m68k_op_sne_8_al
                0x10012210       0x34 CMakeFiles/firmware.dir/external/umac/external/Musashi/m68kops.c.o
 .text.m68k_op_sne_8_aw
                0x10012244       0x38 CMakeFiles/firmware.dir/external/umac/external/Musashi/m68kops.c.o
 .text.m68k_op_sne_8_di
                0x1001227c       0x48 CMakeFiles/firmware.dir/external/umac/external/Musashi/m68kops.c.o
 .text.m68k_op_sne_8_pd7
                0x100122c4       0x28 CMakeFiles/firmware.dir/external/umac/external/Musashi/m68kops.c.o
 .text.m68k_op_sne_8_pd
                0x100122ec       0x34 CMakeFiles/firmware.dir/external/umac/external/Musashi/m68kops.c.o
 .text.m68k_op_sne_8_pi7
                0x10012320       0x28 CMakeFiles/firmware.dir/external/umac/external/Musashi/m68kops.c.o
 .text.m68k_op_sne_8_pi
                0x10012348       0x3c CMakeFiles/firmware.dir/external/umac/external/Musashi/m68kops.c.o
 .text.m68k_op_sne_8_ai
                0x10012384       0x34 CMakeFiles/firmware.dir/external/umac/external/Musashi/m68kops.c.o
 .text.m68k_op_scs_8_al
                0x100123b8       0x3c CMakeFiles/firmware.dir/external/umac/external/Musashi/m68kops.c.o
 .text.m68k_op_scs_8_aw
                0x100123f4       0x3c CMakeFiles/firmware.dir/external/umac/external/Musashi/m68kops.c.o
 .text.m68k_op_scs_8_di
                0x10012430       0x50 CMakeFiles/firmware.dir/external/umac/external/Musashi/m68kops.c.o
 .text.m68k_op_scs_8_pd7
                0x10012480       0x38 CMakeFiles/firmware.dir/external/umac/external/Musashi/m68kops.c.o
 .text.m68k_op_scs_8_pd
                0x100124b8       0x40 CMakeFiles/firmware.dir/external/umac/external/Musashi/m68kops.c.o
 .text.m68k_op_scs_8_pi7
                0x100124f8       0x38 CMakeFiles/firmware.dir/external/umac/external/Musashi/m68kops.c.o
 .text.m68k_op_scs_8_pi
                0x10012530       0x44 CMakeFiles/firmware.dir/external/umac/external/Musashi/m68kops.c.o
 .text.m68k_op_scs_8_ai
                0x10012574       0x3c CMakeFiles/firmware.dir/external/umac/external/Musashi/m68kops.c.o
 .text.m68k_op_scc_8_al
                0x100125b0       0x34 CMakeFiles/firmware.dir/external/umac/external/Musashi/m68kops.c.o
 .text.m68k_op_scc_8_aw
                0x100125e4       0x38 CMakeFiles/firmware.dir/external/umac/external/Musashi/m68kops.c.o
 .text.m68k_op_scc_8_di
                0x1001261c       0x48 CMakeFiles/firmware.dir/external/umac/external/Musashi/m68kops.c.o
 .text.m68k_op_scc_8_pd7
                0x10012664       0x2c CMakeFiles/firmware.dir/external/umac/external/Musashi/m68kops.c.o
 .text.m68k_op_scc_8_pd
                0x10012690       0x34 CMakeFiles/firmware.dir/external/umac/external/Musashi/m68kops.c.o
 .text.m68k_op_scc_8_pi7
                0x100126c4       0x2c CMakeFiles/firmware.dir/external/umac/external/Musashi/m68kops.c.o
 .text.m68k_op_scc_8_pi
                0x100126f0       0x40 CMakeFiles/firmware.dir/external/umac/external/Musashi/m68kops.c.o
 .text.m68k_op_scc_8_ai
                0x10012730       0x34 CMakeFiles/firmware.dir/external/umac/external/Musashi/m68kops.c.o
 .text.m68k_op_sls_8_al
                0x10012764       0x44 CMakeFiles/firmware.dir/external/umac/external/Musashi/m68kops.c.o
 .text.m68k_op_sls_8_aw
                0x100127a8       0x44 CMakeFiles/firmware.dir/external/umac/external/Musashi/m68kops.c.o
 .text.m68k_op_sls_8_di
                0x100127ec       0x58 CMakeFiles/firmware.dir/external/umac/external/Musashi/m68kops.c.o
 .text.m68k_op_sls_8_pd7
                0x10012844       0x40 CMakeFiles/firmware.dir/external/umac/external/Musashi/m68kops.c.o
 .text.m68k_op_sls_8_pd
                0x10012884       0x4c CMakeFiles/firmware.dir/external/umac/external/Musashi/m68kops.c.o
 .text.m68k_op_sls_8_pi7
                0x100128d0       0x40 CMakeFiles/firmware.dir/external/umac/external/Musashi/m68kops.c.o
 .text.m68k_op_sls_8_pi
                0x10012910       0x4c CMakeFiles/firmware.dir/external/umac/external/Musashi/m68kops.c.o
 .text.m68k_op_sls_8_ai
                0x1001295c       0x44 CMakeFiles/firmware.dir/external/umac/external/Musashi/m68kops.c.o
 .text.m68k_op_shi_8_al
                0x100129a0       0x44 CMakeFiles/firmware.dir/external/umac/external/Musashi/m68kops.c.o
 .text.m68k_op_shi_8_aw
                0x100129e4       0x48 CMakeFiles/firmware.dir/external/umac/external/Musashi/m68kops.c.o
 .text.m68k_op_shi_8_di
                0x10012a2c       0x58 CMakeFiles/firmware.dir/external/umac/external/Musashi/m68kops.c.o
 .text.m68k_op_shi_8_pd7
                0x10012a84       0x38 CMakeFiles/firmware.dir/external/umac/external/Musashi/m68kops.c.o
 .text.m68k_op_shi_8_pd
                0x10012abc       0x48 CMakeFiles/firmware.dir/external/umac/external/Musashi/m68kops.c.o
 .text.m68k_op_shi_8_pi7